Archive member included to satisfy reference by file (symbol)

c:/st/stm32cubeide_1.6.0/stm32cubeide/plugins/com.st.stm32cube.ide.mcu.externaltools.gnu-tools-for-stm32.9-2020-q2-update.win32_1.5.0.202011040924/tools/bin/../lib/gcc/arm-none-eabi/9.3.1/../../../../arm-none-eabi/lib/thumb/v7-m/nofp\libc_nano.a(lib_a-errno.o)
                              Core/Src/retarget.o (__errno)
c:/st/stm32cubeide_1.6.0/stm32cubeide/plugins/com.st.stm32cube.ide.mcu.externaltools.gnu-tools-for-stm32.9-2020-q2-update.win32_1.5.0.202011040924/tools/bin/../lib/gcc/arm-none-eabi/9.3.1/../../../../arm-none-eabi/lib/thumb/v7-m/nofp\libc_nano.a(lib_a-exit.o)
                              c:/st/stm32cubeide_1.6.0/stm32cubeide/plugins/com.st.stm32cube.ide.mcu.externaltools.gnu-tools-for-stm32.9-2020-q2-update.win32_1.5.0.202011040924/tools/bin/../lib/gcc/arm-none-eabi/9.3.1/../../../../arm-none-eabi/lib/thumb/v7-m/nofp/crt0.o (exit)
c:/st/stm32cubeide_1.6.0/stm32cubeide/plugins/com.st.stm32cube.ide.mcu.externaltools.gnu-tools-for-stm32.9-2020-q2-update.win32_1.5.0.202011040924/tools/bin/../lib/gcc/arm-none-eabi/9.3.1/../../../../arm-none-eabi/lib/thumb/v7-m/nofp\libc_nano.a(lib_a-impure.o)
                              c:/st/stm32cubeide_1.6.0/stm32cubeide/plugins/com.st.stm32cube.ide.mcu.externaltools.gnu-tools-for-stm32.9-2020-q2-update.win32_1.5.0.202011040924/tools/bin/../lib/gcc/arm-none-eabi/9.3.1/../../../../arm-none-eabi/lib/thumb/v7-m/nofp\libc_nano.a(lib_a-exit.o) (_global_impure_ptr)
c:/st/stm32cubeide_1.6.0/stm32cubeide/plugins/com.st.stm32cube.ide.mcu.externaltools.gnu-tools-for-stm32.9-2020-q2-update.win32_1.5.0.202011040924/tools/bin/../lib/gcc/arm-none-eabi/9.3.1/../../../../arm-none-eabi/lib/thumb/v7-m/nofp\libc_nano.a(lib_a-init.o)
                              c:/st/stm32cubeide_1.6.0/stm32cubeide/plugins/com.st.stm32cube.ide.mcu.externaltools.gnu-tools-for-stm32.9-2020-q2-update.win32_1.5.0.202011040924/tools/bin/../lib/gcc/arm-none-eabi/9.3.1/../../../../arm-none-eabi/lib/thumb/v7-m/nofp/crt0.o (__libc_init_array)
c:/st/stm32cubeide_1.6.0/stm32cubeide/plugins/com.st.stm32cube.ide.mcu.externaltools.gnu-tools-for-stm32.9-2020-q2-update.win32_1.5.0.202011040924/tools/bin/../lib/gcc/arm-none-eabi/9.3.1/../../../../arm-none-eabi/lib/thumb/v7-m/nofp\libc_nano.a(lib_a-memcpy-stub.o)
                              Middlewares/Third_Party/FreeRTOS/Source/CMSIS_RTOS_V2/cmsis_os2.o (memcpy)
c:/st/stm32cubeide_1.6.0/stm32cubeide/plugins/com.st.stm32cube.ide.mcu.externaltools.gnu-tools-for-stm32.9-2020-q2-update.win32_1.5.0.202011040924/tools/bin/../lib/gcc/arm-none-eabi/9.3.1/../../../../arm-none-eabi/lib/thumb/v7-m/nofp\libc_nano.a(lib_a-memset.o)
                              c:/st/stm32cubeide_1.6.0/stm32cubeide/plugins/com.st.stm32cube.ide.mcu.externaltools.gnu-tools-for-stm32.9-2020-q2-update.win32_1.5.0.202011040924/tools/bin/../lib/gcc/arm-none-eabi/9.3.1/../../../../arm-none-eabi/lib/thumb/v7-m/nofp/crt0.o (memset)
c:/st/stm32cubeide_1.6.0/stm32cubeide/plugins/com.st.stm32cube.ide.mcu.externaltools.gnu-tools-for-stm32.9-2020-q2-update.win32_1.5.0.202011040924/tools/bin/../lib/gcc/arm-none-eabi/9.3.1/../../../../arm-none-eabi/lib/thumb/v7-m/nofp\libc_nano.a(lib_a-puts.o)
                              Core/Src/freertos.o (puts)
c:/st/stm32cubeide_1.6.0/stm32cubeide/plugins/com.st.stm32cube.ide.mcu.externaltools.gnu-tools-for-stm32.9-2020-q2-update.win32_1.5.0.202011040924/tools/bin/../lib/gcc/arm-none-eabi/9.3.1/../../../../arm-none-eabi/lib/thumb/v7-m/nofp\libc_nano.a(lib_a-setvbuf.o)
                              Core/Src/retarget.o (setvbuf)
c:/st/stm32cubeide_1.6.0/stm32cubeide/plugins/com.st.stm32cube.ide.mcu.externaltools.gnu-tools-for-stm32.9-2020-q2-update.win32_1.5.0.202011040924/tools/bin/../lib/gcc/arm-none-eabi/9.3.1/../../../../arm-none-eabi/lib/thumb/v7-m/nofp\libc_nano.a(lib_a-sprintf.o)
                              Middlewares/Third_Party/FreeRTOS/Source/tasks.o (sprintf)
c:/st/stm32cubeide_1.6.0/stm32cubeide/plugins/com.st.stm32cube.ide.mcu.externaltools.gnu-tools-for-stm32.9-2020-q2-update.win32_1.5.0.202011040924/tools/bin/../lib/gcc/arm-none-eabi/9.3.1/../../../../arm-none-eabi/lib/thumb/v7-m/nofp\libc_nano.a(lib_a-strcpy.o)
                              Middlewares/Third_Party/FreeRTOS/Source/tasks.o (strcpy)
c:/st/stm32cubeide_1.6.0/stm32cubeide/plugins/com.st.stm32cube.ide.mcu.externaltools.gnu-tools-for-stm32.9-2020-q2-update.win32_1.5.0.202011040924/tools/bin/../lib/gcc/arm-none-eabi/9.3.1/../../../../arm-none-eabi/lib/thumb/v7-m/nofp\libc_nano.a(lib_a-strlen.o)
                              Core/Src/FlASH_PAGE.o (strlen)
c:/st/stm32cubeide_1.6.0/stm32cubeide/plugins/com.st.stm32cube.ide.mcu.externaltools.gnu-tools-for-stm32.9-2020-q2-update.win32_1.5.0.202011040924/tools/bin/../lib/gcc/arm-none-eabi/9.3.1/../../../../arm-none-eabi/lib/thumb/v7-m/nofp\libc_nano.a(lib_a-vprintf.o)
                              Core/Src/stm_log.o (vprintf)
[...]
Memory Configuration

Name             Origin             Length             Attributes
RAM              0x0000000020000000 0x0000000000005000 xrw
FLASH            0x0000000008000000 0x0000000000010000 xr
*default*        0x0000000000000000 0xffffffffffffffff

Linker script and memory map

LOAD c:/st/stm32cubeide_1.6.0/stm32cubeide/plugins/com.st.stm32cube.ide.mcu.externaltools.gnu-tools-for-stm32.9-2020-q2-update.win32_1.5.0.202011040924/tools/bin/../lib/gcc/arm-none-eabi/9.3.1/thumb/v7-m/nofp/crti.o
LOAD c:/st/stm32cubeide_1.6.0/stm32cubeide/plugins/com.st.stm32cube.ide.mcu.externaltools.gnu-tools-for-stm32.9-2020-q2-update.win32_1.5.0.202011040924/tools/bin/../lib/gcc/arm-none-eabi/9.3.1/thumb/v7-m/nofp/crtbegin.o
LOAD c:/st/stm32cubeide_1.6.0/stm32cubeide/plugins/com.st.stm32cube.ide.mcu.externaltools.gnu-tools-for-stm32.9-2020-q2-update.win32_1.5.0.202011040924/tools/bin/../lib/gcc/arm-none-eabi/9.3.1/../../../../arm-none-eabi/lib/thumb/v7-m/nofp/crt0.o
LOAD Core/Src/FlASH_PAGE.o
LOAD Core/Src/adc.o
LOAD Core/Src/flash.o
LOAD Core/Src/freertos.o
LOAD Core/Src/gpio.o
LOAD Core/Src/light-sensor.o
LOAD Core/Src/lora.o
LOAD Core/Src/main.o
LOAD Core/Src/misc.o
LOAD Core/Src/retarget.o
LOAD Core/Src/spi.o
LOAD Core/Src/stm32f1xx_hal_msp.o
LOAD Core/Src/stm32f1xx_hal_timebase_tim.o
LOAD Core/Src/stm32f1xx_it.o
LOAD Core/Src/stm_log.o
LOAD Core/Src/sysmem.o
LOAD Core/Src/system_stm32f1xx.o
LOAD Core/Src/usart.o
LOAD Core/Startup/startup_stm32f103c8tx.o
LOAD Drivers/STM32F1xx_HAL_Driver/Src/stm32f1xx_hal.o
LOAD Drivers/STM32F1xx_HAL_Driver/Src/stm32f1xx_hal_adc.o
LOAD Drivers/STM32F1xx_HAL_Driver/Src/stm32f1xx_hal_adc_ex.o
LOAD Drivers/STM32F1xx_HAL_Driver/Src/stm32f1xx_hal_cortex.o
LOAD Drivers/STM32F1xx_HAL_Driver/Src/stm32f1xx_hal_dma.o
LOAD Drivers/STM32F1xx_HAL_Driver/Src/stm32f1xx_hal_exti.o
LOAD Drivers/STM32F1xx_HAL_Driver/Src/stm32f1xx_hal_flash.o
LOAD Drivers/STM32F1xx_HAL_Driver/Src/stm32f1xx_hal_flash_ex.o
LOAD Drivers/STM32F1xx_HAL_Driver/Src/stm32f1xx_hal_gpio.o
LOAD Drivers/STM32F1xx_HAL_Driver/Src/stm32f1xx_hal_gpio_ex.o
LOAD Drivers/STM32F1xx_HAL_Driver/Src/stm32f1xx_hal_iwdg.o
LOAD Drivers/STM32F1xx_HAL_Driver/Src/stm32f1xx_hal_pwr.o
LOAD Drivers/STM32F1xx_HAL_Driver/Src/stm32f1xx_hal_rcc.o
LOAD Drivers/STM32F1xx_HAL_Driver/Src/stm32f1xx_hal_rcc_ex.o
LOAD Drivers/STM32F1xx_HAL_Driver/Src/stm32f1xx_hal_spi.o
LOAD Drivers/STM32F1xx_HAL_Driver/Src/stm32f1xx_hal_tim.o
LOAD Drivers/STM32F1xx_HAL_Driver/Src/stm32f1xx_hal_tim_ex.o
LOAD Drivers/STM32F1xx_HAL_Driver/Src/stm32f1xx_hal_uart.o
LOAD Middlewares/Third_Party/FreeRTOS/Source/CMSIS_RTOS_V2/cmsis_os2.o
LOAD Middlewares/Third_Party/FreeRTOS/Source/croutine.o
LOAD Middlewares/Third_Party/FreeRTOS/Source/event_groups.o
LOAD Middlewares/Third_Party/FreeRTOS/Source/list.o
LOAD Middlewares/Third_Party/FreeRTOS/Source/queue.o
LOAD Middlewares/Third_Party/FreeRTOS/Source/stream_buffer.o
LOAD Middlewares/Third_Party/FreeRTOS/Source/tasks.o
LOAD Middlewares/Third_Party/FreeRTOS/Source/timers.o
LOAD Middlewares/Third_Party/FreeRTOS/Source/portable/GCC/ARM_CM3/port.o
LOAD Middlewares/Third_Party/FreeRTOS/Source/portable/MemMang/heap_4.o
START GROUP
LOAD c:/st/stm32cubeide_1.6.0/stm32cubeide/plugins/com.st.stm32cube.ide.mcu.externaltools.gnu-tools-for-stm32.9-2020-q2-update.win32_1.5.0.202011040924/tools/bin/../lib/gcc/arm-none-eabi/9.3.1/../../../../arm-none-eabi/lib/thumb/v7-m/nofp\libc_nano.a
LOAD c:/st/stm32cubeide_1.6.0/stm32cubeide/plugins/com.st.stm32cube.ide.mcu.externaltools.gnu-tools-for-stm32.9-2020-q2-update.win32_1.5.0.202011040924/tools/bin/../lib/gcc/arm-none-eabi/9.3.1/../../../../arm-none-eabi/lib/thumb/v7-m/nofp\libm.a
END GROUP
START GROUP
LOAD c:/st/stm32cubeide_1.6.0/stm32cubeide/plugins/com.st.stm32cube.ide.mcu.externaltools.gnu-tools-for-stm32.9-2020-q2-update.win32_1.5.0.202011040924/tools/bin/../lib/gcc/arm-none-eabi/9.3.1/thumb/v7-m/nofp\libgcc.a
LOAD c:/st/stm32cubeide_1.6.0/stm32cubeide/plugins/com.st.stm32cube.ide.mcu.externaltools.gnu-tools-for-stm32.9-2020-q2-update.win32_1.5.0.202011040924/tools/bin/../lib/gcc/arm-none-eabi/9.3.1/../../../../arm-none-eabi/lib/thumb/v7-m/nofp\libc_nano.a
END GROUP
START GROUP
LOAD c:/st/stm32cubeide_1.6.0/stm32cubeide/plugins/com.st.stm32cube.ide.mcu.externaltools.gnu-tools-for-stm32.9-2020-q2-update.win32_1.5.0.202011040924/tools/bin/../lib/gcc/arm-none-eabi/9.3.1/thumb/v7-m/nofp\libgcc.a
LOAD c:/st/stm32cubeide_1.6.0/stm32cubeide/plugins/com.st.stm32cube.ide.mcu.externaltools.gnu-tools-for-stm32.9-2020-q2-update.win32_1.5.0.202011040924/tools/bin/../lib/gcc/arm-none-eabi/9.3.1/../../../../arm-none-eabi/lib/thumb/v7-m/nofp\libc_nano.a
LOAD c:/st/stm32cubeide_1.6.0/stm32cubeide/plugins/com.st.stm32cube.ide.mcu.externaltools.gnu-tools-for-stm32.9-2020-q2-update.win32_1.5.0.202011040924/tools/bin/../lib/gcc/arm-none-eabi/9.3.1/../../../../arm-none-eabi/lib/thumb/v7-m/nofp\libnosys.a
END GROUP
START GROUP
LOAD c:/st/stm32cubeide_1.6.0/stm32cubeide/plugins/com.st.stm32cube.ide.mcu.externaltools.gnu-tools-for-stm32.9-2020-q2-update.win32_1.5.0.202011040924/tools/bin/../lib/gcc/arm-none-eabi/9.3.1/thumb/v7-m/nofp\libgcc.a
LOAD c:/st/stm32cubeide_1.6.0/stm32cubeide/plugins/com.st.stm32cube.ide.mcu.externaltools.gnu-tools-for-stm32.9-2020-q2-update.win32_1.5.0.202011040924/tools/bin/../lib/gcc/arm-none-eabi/9.3.1/../../../../arm-none-eabi/lib/thumb/v7-m/nofp\libc_nano.a
LOAD c:/st/stm32cubeide_1.6.0/stm32cubeide/plugins/com.st.stm32cube.ide.mcu.externaltools.gnu-tools-for-stm32.9-2020-q2-update.win32_1.5.0.202011040924/tools/bin/../lib/gcc/arm-none-eabi/9.3.1/../../../../arm-none-eabi/lib/thumb/v7-m/nofp\libnosys.a
END GROUP
LOAD c:/st/stm32cubeide_1.6.0/stm32cubeide/plugins/com.st.stm32cube.ide.mcu.externaltools.gnu-tools-for-stm32.9-2020-q2-update.win32_1.5.0.202011040924/tools/bin/../lib/gcc/arm-none-eabi/9.3.1/thumb/v7-m/nofp/crtend.o
LOAD c:/st/stm32cubeide_1.6.0/stm32cubeide/plugins/com.st.stm32cube.ide.mcu.externaltools.gnu-tools-for-stm32.9-2020-q2-update.win32_1.5.0.202011040924/tools/bin/../lib/gcc/arm-none-eabi/9.3.1/thumb/v7-m/nofp/crtn.o
                0x0000000020005000                _estack = (ORIGIN (RAM) + LENGTH (RAM))
                0x0000000000000200                _Min_Heap_Size = 0x200
                0x0000000000000400                _Min_Stack_Size = 0x400

.isr_vector     0x0000000008000000      0x10c
                0x0000000008000000                . = ALIGN (0x4)
 *(.isr_vector)
 .isr_vector    0x0000000008000000      0x10c Core/Startup/startup_stm32f103c8tx.o
                0x0000000008000000                g_pfnVectors
                0x000000000800010c                . = ALIGN (0x4)

.text           0x0000000008000110     0xc048
                0x0000000008000110                . = ALIGN (0x4)
 *(.text)
 .text          0x0000000008000110       0x40 c:/st/stm32cubeide_1.6.0/stm32cubeide/plugins/com.st.stm32cube.ide.mcu.externaltools.gnu-tools-for-stm32.9-2020-q2-update.win32_1.5.0.202011040924/tools/bin/../lib/gcc/arm-none-eabi/9.3.1/thumb/v7-m/nofp/crtbegin.o
 .text          0x0000000008000150      0x21c c:/st/stm32cubeide_1.6.0/stm32cubeide/plugins/com.st.stm32cube.ide.mcu.externaltools.gnu-tools-for-stm32.9-2020-q2-update.win32_1.5.0.202011040924/tools/bin/../lib/gcc/arm-none-eabi/9.3.1/thumb/v7-m/nofp\libgcc.a(_arm_addsubsf3.o)
                0x0000000008000150                __aeabi_frsub
                0x0000000008000158                __subsf3
                0x0000000008000158                __aeabi_fsub
                0x000000000800015c                __aeabi_fadd
                0x000000000800015c                __addsf3
                0x00000000080002bc                __aeabi_ui2f
                0x00000000080002bc                __floatunsisf
                0x00000000080002c4                __aeabi_i2f
                0x00000000080002c4                __floatsisf
                0x00000000080002e0                __aeabi_ul2f
                0x00000000080002e0                __floatundisf
                0x00000000080002f0                __aeabi_l2f
                0x00000000080002f0                __floatdisf
 .text          0x000000000800036c      0x2a0 c:/st/stm32cubeide_1.6.0/stm32cubeide/plugins/com.st.stm32cube.ide.mcu.externaltools.gnu-tools-for-stm32.9-2020-q2-update.win32_1.5.0.202011040924/tools/bin/../lib/gcc/arm-none-eabi/9.3.1/thumb/v7-m/nofp\libgcc.a(_arm_muldivsf3.o)
                0x000000000800036c                __mulsf3
                0x000000000800036c                __aeabi_fmul
                0x00000000080004d4                __aeabi_fdiv
                0x00000000080004d4                __divsf3
 .text          0x000000000800060c       0x4c c:/st/stm32cubeide_1.6.0/stm32cubeide/plugins/com.st.stm32cube.ide.mcu.externaltools.gnu-tools-for-stm32.9-2020-q2-update.win32_1.5.0.202011040924/tools/bin/../lib/gcc/arm-none-eabi/9.3.1/thumb/v7-m/nofp\libgcc.a(_arm_fixsfsi.o)
                0x000000000800060c                __aeabi_f2iz
                0x000000000800060c                __fixsfsi
 *(.text*)
 .text.MX_ADC1_Init
                0x0000000008000658       0x7c Core/Src/adc.o
                0x0000000008000658                MX_ADC1_Init
 .text.HAL_ADC_MspInit
                0x00000000080006d4       0x88 Core/Src/adc.o
                0x00000000080006d4                HAL_ADC_MspInit
 .text.Flash_WriteWord
                0x000000000800075c       0xb0 Core/Src/flash.o
                0x000000000800075c                Flash_WriteWord
 .text.Flash_ReadAddress
                0x000000000800080c       0x16 Core/Src/flash.o
                0x000000000800080c                Flash_ReadAddress
 *fill*         0x0000000008000822        0x2 
 .text.Flash_ErasePage
                0x0000000008000824       0x84 Core/Src/flash.o
                0x0000000008000824                Flash_ErasePage
 .text.__NVIC_SystemReset
                0x00000000080008a8       0x2c Core/Src/freertos.o
 .text.configureTimerForRunTimeStats
                0x00000000080008d4        0xc Core/Src/freertos.o
                0x00000000080008d4                configureTimerForRunTimeStats
 .text.getRunTimeCounterValue
                0x00000000080008e0        0xe Core/Src/freertos.o
                0x00000000080008e0                getRunTimeCounterValue
 *fill*         0x00000000080008ee        0x2 
 .text.MX_FREERTOS_Init
                0x00000000080008f0      0x1b4 Core/Src/freertos.o
                0x00000000080008f0                MX_FREERTOS_Init
 .text.StartDefaultTask
                0x0000000008000aa4       0x10 Core/Src/freertos.o
                0x0000000008000aa4                StartDefaultTask
 .text.entryProducer
                0x0000000008000ab4      0x1c8 Core/Src/freertos.o
                0x0000000008000ab4                entryProducer
 .text.entryConsumer
                0x0000000008000c7c      0x11c Core/Src/freertos.o
                0x0000000008000c7c                entryConsumer
 .text.entryPeriodic
                0x0000000008000d98       0x4c Core/Src/freertos.o
                0x0000000008000d98                entryPeriodic
 .text.opcodeInquiry
                0x0000000008000de4       0x58 Core/Src/freertos.o
 .text.opcodeRelayControl
                0x0000000008000e3c      0x394 Core/Src/freertos.o
 .text.opcodeMcuReset
                0x00000000080011d0       0x34 Core/Src/freertos.o
 .text.opcodeLocationUpdate
                0x0000000008001204       0xf4 Core/Src/freertos.o
 .text.MX_GPIO_Init
                0x00000000080012f8      0x168 Core/Src/gpio.o
                0x00000000080012f8                MX_GPIO_Init
 .text.vSpi1Write
                0x0000000008001460       0xd0 Core/Src/lora.o
                0x0000000008001460                vSpi1Write
 .text.ucSpi1Read
                0x0000000008001530      0x128 Core/Src/lora.o
                0x0000000008001530                ucSpi1Read
 .text.vLongRangeModeInit
                0x0000000008001658       0x54 Core/Src/lora.o
                0x0000000008001658                vLongRangeModeInit
 .text.vAccessSharedRegInit
                0x00000000080016ac       0x4e Core/Src/lora.o
                0x00000000080016ac                vAccessSharedRegInit
 .text.vLowFrequencyModeOnInit
                0x00000000080016fa       0x4e Core/Src/lora.o
                0x00000000080016fa                vLowFrequencyModeOnInit
 .text.vModeInit
                0x0000000008001748       0xac Core/Src/lora.o
                0x0000000008001748                vModeInit
 .text.vFrfInit
                0x00000000080017f4       0x38 Core/Src/lora.o
                0x00000000080017f4                vFrfInit
 .text.vPaSelectInit
                0x000000000800182c       0x4e Core/Src/lora.o
                0x000000000800182c                vPaSelectInit
 .text.vOutputPowerInit
                0x000000000800187a       0x40 Core/Src/lora.o
                0x000000000800187a                vOutputPowerInit
 .text.vPaRampInit
                0x00000000080018ba       0x40 Core/Src/lora.o
                0x00000000080018ba                vPaRampInit
 .text.vOcpTrimInit
                0x00000000080018fa       0x40 Core/Src/lora.o
                0x00000000080018fa                vOcpTrimInit
 .text.vFifoTxBaseAddrInit
                0x000000000800193a       0x1c Core/Src/lora.o
                0x000000000800193a                vFifoTxBaseAddrInit
 .text.vFifoRxBaseAddrInit
                0x0000000008001956       0x1c Core/Src/lora.o
                0x0000000008001956                vFifoRxBaseAddrInit
 .text.vBandWidthInit
                0x0000000008001972       0x48 Core/Src/lora.o
                0x0000000008001972                vBandWidthInit
 .text.vCodingRateInit
                0x00000000080019ba       0x4e Core/Src/lora.o
                0x00000000080019ba                vCodingRateInit
 .text.vImplicitHeaderModeOnInit
                0x0000000008001a08       0x46 Core/Src/lora.o
                0x0000000008001a08                vImplicitHeaderModeOnInit
 .text.vSpreadingFactorInit
                0x0000000008001a4e       0x4e Core/Src/lora.o
                0x0000000008001a4e                vSpreadingFactorInit
 .text.vRxPayloadCrcOnInit
                0x0000000008001a9c       0x4e Core/Src/lora.o
                0x0000000008001a9c                vRxPayloadCrcOnInit
 .text.vPreambleLengthInit
                0x0000000008001aea       0x2e Core/Src/lora.o
                0x0000000008001aea                vPreambleLengthInit
 .text.vPayloadLengthInit
                0x0000000008001b18       0x1c Core/Src/lora.o
                0x0000000008001b18                vPayloadLengthInit
 .text.vLowDataRateOptimizeInit
                0x0000000008001b34       0x4e Core/Src/lora.o
                0x0000000008001b34                vLowDataRateOptimizeInit
 .text.vDetectionOptimizeInit
                0x0000000008001b82       0x46 Core/Src/lora.o
                0x0000000008001b82                vDetectionOptimizeInit
 .text.vDetectionThresholdInit
                0x0000000008001bc8       0x28 Core/Src/lora.o
                0x0000000008001bc8                vDetectionThresholdInit
 .text.vTcxoInputOnInit
                0x0000000008001bf0       0x4e Core/Src/lora.o
                0x0000000008001bf0                vTcxoInputOnInit
 .text.vPaDacInit
                0x0000000008001c3e       0x46 Core/Src/lora.o
                0x0000000008001c3e                vPaDacInit
 .text.vLoraInit
                0x0000000008001c84      0x1fc Core/Src/lora.o
                0x0000000008001c84                vLoraInit
 .text.LoRaTransmit
                0x0000000008001e80      0x580 Core/Src/lora.o
                0x0000000008001e80                LoRaTransmit
 .text.LoRaGetITFlag
                0x0000000008002400       0x94 Core/Src/lora.o
                0x0000000008002400                LoRaGetITFlag
 .text.LoRaClearITFlag
                0x0000000008002494       0xd4 Core/Src/lora.o
                0x0000000008002494                LoRaClearITFlag
 .text.main     0x0000000008002568      0x194 Core/Src/main.o
                0x0000000008002568                main
 .text.SystemClock_Config
                0x00000000080026fc       0xb8 Core/Src/main.o
                0x00000000080026fc                SystemClock_Config
 .text.thisNodeInit
                0x00000000080027b4       0xfc Core/Src/main.o
 .text.updateDataToFlash
                0x00000000080028b0      0x1d8 Core/Src/main.o
                0x00000000080028b0                updateDataToFlash
 .text.HAL_TIM_PeriodElapsedCallback
                0x0000000008002a88       0x24 Core/Src/main.o
                0x0000000008002a88                HAL_TIM_PeriodElapsedCallback
 .text.Error_Handler
                0x0000000008002aac        0xa Core/Src/main.o
                0x0000000008002aac                Error_Handler
 .text.assert_failed
                0x0000000008002ab6       0x14 Core/Src/main.o
                0x0000000008002ab6                assert_failed
 *fill*         0x0000000008002aca        0x2 
 .text.resetCauseGet
                0x0000000008002acc       0x8c Core/Src/misc.o
                0x0000000008002acc                resetCauseGet
 .text.resetCauseGetName
                0x0000000008002b58       0x9c Core/Src/misc.o
                0x0000000008002b58                resetCauseGetName
 .text.iwdgInit
                0x0000000008002bf4       0xa0 Core/Src/misc.o
                0x0000000008002bf4                iwdgInit
 .text.RetargetInit
                0x0000000008002c94       0x30 Core/Src/retarget.o
                0x0000000008002c94                RetargetInit
 .text._isatty  0x0000000008002cc4       0x2c Core/Src/retarget.o
                0x0000000008002cc4                _isatty
 .text._write   0x0000000008002cf0       0x58 Core/Src/retarget.o
                0x0000000008002cf0                _write
 .text._close   0x0000000008002d48       0x2e Core/Src/retarget.o
                0x0000000008002d48                _close
 .text._lseek   0x0000000008002d76       0x22 Core/Src/retarget.o
                0x0000000008002d76                _lseek
 .text._read    0x0000000008002d98       0x50 Core/Src/retarget.o
                0x0000000008002d98                _read
 .text._fstat   0x0000000008002de8       0x36 Core/Src/retarget.o
                0x0000000008002de8                _fstat
 *fill*         0x0000000008002e1e        0x2 
 .text.MX_SPI1_Init
                0x0000000008002e20       0x6c Core/Src/spi.o
                0x0000000008002e20                MX_SPI1_Init
 .text.HAL_SPI_MspInit
                0x0000000008002e8c       0x94 Core/Src/spi.o
                0x0000000008002e8c                HAL_SPI_MspInit
 .text.HAL_MspInit
                0x0000000008002f20       0x70 Core/Src/stm32f1xx_hal_msp.o
                0x0000000008002f20                HAL_MspInit
 .text.HAL_InitTick
                0x0000000008002f90       0xac Core/Src/stm32f1xx_hal_timebase_tim.o
                0x0000000008002f90                HAL_InitTick
 .text.NMI_Handler
                0x000000000800303c        0x6 Core/Src/stm32f1xx_it.o
                0x000000000800303c                NMI_Handler
 .text.HardFault_Handler
                0x0000000008003042        0x6 Core/Src/stm32f1xx_it.o
                0x0000000008003042                HardFault_Handler
 .text.MemManage_Handler
                0x0000000008003048        0x6 Core/Src/stm32f1xx_it.o
                0x0000000008003048                MemManage_Handler
 .text.BusFault_Handler
                0x000000000800304e        0x6 Core/Src/stm32f1xx_it.o
                0x000000000800304e                BusFault_Handler
 .text.UsageFault_Handler
                0x0000000008003054        0x6 Core/Src/stm32f1xx_it.o
                0x0000000008003054                UsageFault_Handler
 .text.DebugMon_Handler
                0x000000000800305a        0xc Core/Src/stm32f1xx_it.o
                0x000000000800305a                DebugMon_Handler
 .text.EXTI3_IRQHandler
                0x0000000008003066        0xe Core/Src/stm32f1xx_it.o
                0x0000000008003066                EXTI3_IRQHandler
 .text.ADC1_2_IRQHandler
                0x0000000008003074       0x14 Core/Src/stm32f1xx_it.o
                0x0000000008003074                ADC1_2_IRQHandler
 .text.TIM4_IRQHandler
                0x0000000008003088       0x14 Core/Src/stm32f1xx_it.o
                0x0000000008003088                TIM4_IRQHandler
 .text.HAL_GPIO_EXTI_Callback
                0x000000000800309c       0x60 Core/Src/stm32f1xx_it.o
                0x000000000800309c                HAL_GPIO_EXTI_Callback
 .text.HAL_ADC_ConvCpltCallback
                0x00000000080030fc       0x60 Core/Src/stm32f1xx_it.o
                0x00000000080030fc                HAL_ADC_ConvCpltCallback
 .text.stm_log_write
                0x000000000800315c       0x2a Core/Src/stm_log.o
                0x000000000800315c                stm_log_write
 *fill*         0x0000000008003186        0x2 
 .text._sbrk    0x0000000008003188       0x6c Core/Src/sysmem.o
                0x0000000008003188                _sbrk
 .text.SystemInit
                0x00000000080031f4        0xc Core/Src/system_stm32f1xx.o
                0x00000000080031f4                SystemInit
 .text.MX_USART1_UART_Init
                0x0000000008003200       0x58 Core/Src/usart.o
                0x0000000008003200                MX_USART1_UART_Init
 .text.HAL_UART_MspInit
                0x0000000008003258       0x98 Core/Src/usart.o
                0x0000000008003258                HAL_UART_MspInit
 .text.Reset_Handler
                0x00000000080032f0       0x48 Core/Startup/startup_stm32f103c8tx.o
                0x00000000080032f0                Reset_Handler
 .text.Default_Handler
                0x0000000008003338        0x2 Core/Startup/startup_stm32f103c8tx.o
                0x0000000008003338                RTC_Alarm_IRQHandler
                0x0000000008003338                EXTI2_IRQHandler
                0x0000000008003338                TIM1_CC_IRQHandler
                0x0000000008003338                PVD_IRQHandler
                0x0000000008003338                EXTI0_IRQHandler
                0x0000000008003338                I2C2_EV_IRQHandler
                0x0000000008003338                SPI1_IRQHandler
                0x0000000008003338                TAMPER_IRQHandler
                0x0000000008003338                DMA1_Channel4_IRQHandler
                0x0000000008003338                USART3_IRQHandler
                0x0000000008003338                RTC_IRQHandler
                0x0000000008003338                DMA1_Channel7_IRQHandler
                0x0000000008003338                CAN1_RX1_IRQHandler
                0x0000000008003338                I2C1_EV_IRQHandler
                0x0000000008003338                DMA1_Channel6_IRQHandler
                0x0000000008003338                TIM3_IRQHandler
                0x0000000008003338                RCC_IRQHandler
                0x0000000008003338                TIM1_TRG_COM_IRQHandler
                0x0000000008003338                DMA1_Channel1_IRQHandler
                0x0000000008003338                Default_Handler
                0x0000000008003338                EXTI15_10_IRQHandler
                0x0000000008003338                EXTI9_5_IRQHandler
                0x0000000008003338                SPI2_IRQHandler
                0x0000000008003338                DMA1_Channel5_IRQHandler
                0x0000000008003338                EXTI4_IRQHandler
                0x0000000008003338                USB_LP_CAN1_RX0_IRQHandler
                0x0000000008003338                USB_HP_CAN1_TX_IRQHandler
                0x0000000008003338                DMA1_Channel3_IRQHandler
                0x0000000008003338                TIM1_UP_IRQHandler
                0x0000000008003338                WWDG_IRQHandler
                0x0000000008003338                TIM2_IRQHandler
                0x0000000008003338                TIM1_BRK_IRQHandler
                0x0000000008003338                EXTI1_IRQHandler
                0x0000000008003338                USART2_IRQHandler
                0x0000000008003338                I2C2_ER_IRQHandler
                0x0000000008003338                DMA1_Channel2_IRQHandler
                0x0000000008003338                CAN1_SCE_IRQHandler
                0x0000000008003338                FLASH_IRQHandler
                0x0000000008003338                USART1_IRQHandler
                0x0000000008003338                I2C1_ER_IRQHandler
                0x0000000008003338                USBWakeUp_IRQHandler
 *fill*         0x000000000800333a        0x2 
 .text.HAL_Init
                0x000000000800333c       0x2c Drivers/STM32F1xx_HAL_Driver/Src/stm32f1xx_hal.o
                0x000000000800333c                HAL_Init
 .text.HAL_IncTick
                0x0000000008003368       0x24 Drivers/STM32F1xx_HAL_Driver/Src/stm32f1xx_hal.o
                0x0000000008003368                HAL_IncTick
 .text.HAL_GetTick
                0x000000000800338c       0x14 Drivers/STM32F1xx_HAL_Driver/Src/stm32f1xx_hal.o
                0x000000000800338c                HAL_GetTick
 .text.HAL_Delay
                0x00000000080033a0       0x48 Drivers/STM32F1xx_HAL_Driver/Src/stm32f1xx_hal.o
                0x00000000080033a0                HAL_Delay
 .text.HAL_ADC_Init
                0x00000000080033e8      0x2d4 Drivers/STM32F1xx_HAL_Driver/Src/stm32f1xx_hal_adc.o
                0x00000000080033e8                HAL_ADC_Init
 .text.HAL_ADC_Start_IT
                0x00000000080036bc      0x190 Drivers/STM32F1xx_HAL_Driver/Src/stm32f1xx_hal_adc.o
                0x00000000080036bc                HAL_ADC_Start_IT
 .text.HAL_ADC_GetValue
                0x000000000800384c       0x40 Drivers/STM32F1xx_HAL_Driver/Src/stm32f1xx_hal_adc.o
                0x000000000800384c                HAL_ADC_GetValue
 .text.HAL_ADC_IRQHandler
                0x000000000800388c      0x1e4 Drivers/STM32F1xx_HAL_Driver/Src/stm32f1xx_hal_adc.o
                0x000000000800388c                HAL_ADC_IRQHandler
 .text.HAL_ADC_LevelOutOfWindowCallback
                0x0000000008003a70       0x12 Drivers/STM32F1xx_HAL_Driver/Src/stm32f1xx_hal_adc.o
                0x0000000008003a70                HAL_ADC_LevelOutOfWindowCallback
 *fill*         0x0000000008003a82        0x2 
 .text.HAL_ADC_ConfigChannel
                0x0000000008003a84      0x388 Drivers/STM32F1xx_HAL_Driver/Src/stm32f1xx_hal_adc.o
                0x0000000008003a84                HAL_ADC_ConfigChannel
 .text.ADC_Enable
                0x0000000008003e0c       0xa4 Drivers/STM32F1xx_HAL_Driver/Src/stm32f1xx_hal_adc.o
                0x0000000008003e0c                ADC_Enable
 .text.ADC_ConversionStop_Disable
                0x0000000008003eb0       0x74 Drivers/STM32F1xx_HAL_Driver/Src/stm32f1xx_hal_adc.o
                0x0000000008003eb0                ADC_ConversionStop_Disable
 .text.HAL_ADCEx_InjectedConvCpltCallback
                0x0000000008003f24       0x12 Drivers/STM32F1xx_HAL_Driver/Src/stm32f1xx_hal_adc_ex.o
                0x0000000008003f24                HAL_ADCEx_InjectedConvCpltCallback
 *fill*         0x0000000008003f36        0x2 
 .text.__NVIC_SetPriorityGrouping
                0x0000000008003f38       0x48 Drivers/STM32F1xx_HAL_Driver/Src/stm32f1xx_hal_cortex.o
 .text.__NVIC_GetPriorityGrouping
                0x0000000008003f80       0x1c Drivers/STM32F1xx_HAL_Driver/Src/stm32f1xx_hal_cortex.o
 .text.__NVIC_EnableIRQ
                0x0000000008003f9c       0x38 Drivers/STM32F1xx_HAL_Driver/Src/stm32f1xx_hal_cortex.o
 .text.__NVIC_SetPriority
                0x0000000008003fd4       0x54 Drivers/STM32F1xx_HAL_Driver/Src/stm32f1xx_hal_cortex.o
 .text.NVIC_EncodePriority
                0x0000000008004028       0x64 Drivers/STM32F1xx_HAL_Driver/Src/stm32f1xx_hal_cortex.o
 .text.HAL_NVIC_SetPriorityGrouping
                0x000000000800408c       0x40 Drivers/STM32F1xx_HAL_Driver/Src/stm32f1xx_hal_cortex.o
                0x000000000800408c                HAL_NVIC_SetPriorityGrouping
 .text.HAL_NVIC_SetPriority
                0x00000000080040cc       0x58 Drivers/STM32F1xx_HAL_Driver/Src/stm32f1xx_hal_cortex.o
                0x00000000080040cc                HAL_NVIC_SetPriority
 .text.HAL_NVIC_EnableIRQ
                0x0000000008004124       0x30 Drivers/STM32F1xx_HAL_Driver/Src/stm32f1xx_hal_cortex.o
                0x0000000008004124                HAL_NVIC_EnableIRQ
 .text.HAL_FLASH_Program
                0x0000000008004154      0x160 Drivers/STM32F1xx_HAL_Driver/Src/stm32f1xx_hal_flash.o
                0x0000000008004154                HAL_FLASH_Program
 .text.HAL_FLASH_Unlock
                0x00000000080042b4       0x4c Drivers/STM32F1xx_HAL_Driver/Src/stm32f1xx_hal_flash.o
                0x00000000080042b4                HAL_FLASH_Unlock
 .text.HAL_FLASH_Lock
                0x0000000008004300       0x20 Drivers/STM32F1xx_HAL_Driver/Src/stm32f1xx_hal_flash.o
                0x0000000008004300                HAL_FLASH_Lock
 .text.FLASH_Program_HalfWord
                0x0000000008004320       0x38 Drivers/STM32F1xx_HAL_Driver/Src/stm32f1xx_hal_flash.o
 .text.FLASH_WaitForLastOperation
                0x0000000008004358       0x8c Drivers/STM32F1xx_HAL_Driver/Src/stm32f1xx_hal_flash.o
                0x0000000008004358                FLASH_WaitForLastOperation
 .text.FLASH_SetErrorCode
                0x00000000080043e4       0xa0 Drivers/STM32F1xx_HAL_Driver/Src/stm32f1xx_hal_flash.o
 .text.HAL_FLASHEx_Erase
                0x0000000008004484      0x1f4 Drivers/STM32F1xx_HAL_Driver/Src/stm32f1xx_hal_flash_ex.o
                0x0000000008004484                HAL_FLASHEx_Erase
 .text.FLASH_MassErase
                0x0000000008004678       0x4c Drivers/STM32F1xx_HAL_Driver/Src/stm32f1xx_hal_flash_ex.o
 .text.FLASH_PageErase
                0x00000000080046c4       0x40 Drivers/STM32F1xx_HAL_Driver/Src/stm32f1xx_hal_flash_ex.o
                0x00000000080046c4                FLASH_PageErase
 .text.HAL_GPIO_Init
                0x0000000008004704      0x4e0 Drivers/STM32F1xx_HAL_Driver/Src/stm32f1xx_hal_gpio.o
                0x0000000008004704                HAL_GPIO_Init
 .text.HAL_GPIO_WritePin
                0x0000000008004be4       0x64 Drivers/STM32F1xx_HAL_Driver/Src/stm32f1xx_hal_gpio.o
                0x0000000008004be4                HAL_GPIO_WritePin
 .text.HAL_GPIO_TogglePin
                0x0000000008004c48       0x50 Drivers/STM32F1xx_HAL_Driver/Src/stm32f1xx_hal_gpio.o
                0x0000000008004c48                HAL_GPIO_TogglePin
 .text.HAL_GPIO_EXTI_IRQHandler
                0x0000000008004c98       0x30 Drivers/STM32F1xx_HAL_Driver/Src/stm32f1xx_hal_gpio.o
                0x0000000008004c98                HAL_GPIO_EXTI_IRQHandler
 .text.HAL_IWDG_Init
                0x0000000008004cc8       0xe0 Drivers/STM32F1xx_HAL_Driver/Src/stm32f1xx_hal_iwdg.o
                0x0000000008004cc8                HAL_IWDG_Init
 .text.HAL_IWDG_Refresh
                0x0000000008004da8       0x1e Drivers/STM32F1xx_HAL_Driver/Src/stm32f1xx_hal_iwdg.o
                0x0000000008004da8                HAL_IWDG_Refresh
 *fill*         0x0000000008004dc6        0x2 
 .text.HAL_RCC_OscConfig
                0x0000000008004dc8      0x6e0 Drivers/STM32F1xx_HAL_Driver/Src/stm32f1xx_hal_rcc.o
                0x0000000008004dc8                HAL_RCC_OscConfig
 .text.HAL_RCC_ClockConfig
                0x00000000080054a8      0x320 Drivers/STM32F1xx_HAL_Driver/Src/stm32f1xx_hal_rcc.o
                0x00000000080054a8                HAL_RCC_ClockConfig
 .text.HAL_RCC_GetSysClockFreq
                0x00000000080057c8       0xc0 Drivers/STM32F1xx_HAL_Driver/Src/stm32f1xx_hal_rcc.o
                0x00000000080057c8                HAL_RCC_GetSysClockFreq
 .text.HAL_RCC_GetHCLKFreq
                0x0000000008005888       0x14 Drivers/STM32F1xx_HAL_Driver/Src/stm32f1xx_hal_rcc.o
                0x0000000008005888                HAL_RCC_GetHCLKFreq
 .text.HAL_RCC_GetPCLK1Freq
                0x000000000800589c       0x28 Drivers/STM32F1xx_HAL_Driver/Src/stm32f1xx_hal_rcc.o
                0x000000000800589c                HAL_RCC_GetPCLK1Freq
 .text.HAL_RCC_GetPCLK2Freq
                0x00000000080058c4       0x28 Drivers/STM32F1xx_HAL_Driver/Src/stm32f1xx_hal_rcc.o
                0x00000000080058c4                HAL_RCC_GetPCLK2Freq
 .text.HAL_RCC_GetClockConfig
                0x00000000080058ec       0x84 Drivers/STM32F1xx_HAL_Driver/Src/stm32f1xx_hal_rcc.o
                0x00000000080058ec                HAL_RCC_GetClockConfig
 .text.RCC_Delay
                0x0000000008005970       0x3c Drivers/STM32F1xx_HAL_Driver/Src/stm32f1xx_hal_rcc.o
 .text.HAL_RCCEx_PeriphCLKConfig
                0x00000000080059ac      0x214 Drivers/STM32F1xx_HAL_Driver/Src/stm32f1xx_hal_rcc_ex.o
                0x00000000080059ac                HAL_RCCEx_PeriphCLKConfig
 .text.HAL_SPI_Init
                0x0000000008005bc0      0x2fc Drivers/STM32F1xx_HAL_Driver/Src/stm32f1xx_hal_spi.o
                0x0000000008005bc0                HAL_SPI_Init
 .text.HAL_SPI_Transmit
                0x0000000008005ebc      0x298 Drivers/STM32F1xx_HAL_Driver/Src/stm32f1xx_hal_spi.o
                0x0000000008005ebc                HAL_SPI_Transmit
 .text.HAL_SPI_Receive
                0x0000000008006154      0x222 Drivers/STM32F1xx_HAL_Driver/Src/stm32f1xx_hal_spi.o
                0x0000000008006154                HAL_SPI_Receive
 *fill*         0x0000000008006376        0x2 
 .text.HAL_SPI_TransmitReceive
                0x0000000008006378      0x35c Drivers/STM32F1xx_HAL_Driver/Src/stm32f1xx_hal_spi.o
                0x0000000008006378                HAL_SPI_TransmitReceive
 .text.SPI_WaitFlagStateUntilTimeout
                0x00000000080066d4      0x110 Drivers/STM32F1xx_HAL_Driver/Src/stm32f1xx_hal_spi.o
 .text.SPI_EndRxTransaction
                0x00000000080067e4       0xa4 Drivers/STM32F1xx_HAL_Driver/Src/stm32f1xx_hal_spi.o
 .text.SPI_EndRxTxTransaction
                0x0000000008006888       0x3c Drivers/STM32F1xx_HAL_Driver/Src/stm32f1xx_hal_spi.o
 .text.HAL_TIM_Base_Init
                0x00000000080068c4      0x154 Drivers/STM32F1xx_HAL_Driver/Src/stm32f1xx_hal_tim.o
                0x00000000080068c4                HAL_TIM_Base_Init
 .text.HAL_TIM_Base_MspInit
                0x0000000008006a18       0x12 Drivers/STM32F1xx_HAL_Driver/Src/stm32f1xx_hal_tim.o
                0x0000000008006a18                HAL_TIM_Base_MspInit
 *fill*         0x0000000008006a2a        0x2 
 .text.HAL_TIM_Base_Start_IT
                0x0000000008006a2c       0xd8 Drivers/STM32F1xx_HAL_Driver/Src/stm32f1xx_hal_tim.o
                0x0000000008006a2c                HAL_TIM_Base_Start_IT
 .text.HAL_TIM_IRQHandler
                0x0000000008006b04      0x210 Drivers/STM32F1xx_HAL_Driver/Src/stm32f1xx_hal_tim.o
                0x0000000008006b04                HAL_TIM_IRQHandler
 .text.HAL_TIM_OC_DelayElapsedCallback
                0x0000000008006d14       0x12 Drivers/STM32F1xx_HAL_Driver/Src/stm32f1xx_hal_tim.o
                0x0000000008006d14                HAL_TIM_OC_DelayElapsedCallback
 .text.HAL_TIM_IC_CaptureCallback
                0x0000000008006d26       0x12 Drivers/STM32F1xx_HAL_Driver/Src/stm32f1xx_hal_tim.o
                0x0000000008006d26                HAL_TIM_IC_CaptureCallback
 .text.HAL_TIM_PWM_PulseFinishedCallback
                0x0000000008006d38       0x12 Drivers/STM32F1xx_HAL_Driver/Src/stm32f1xx_hal_tim.o
                0x0000000008006d38                HAL_TIM_PWM_PulseFinishedCallback
 .text.HAL_TIM_TriggerCallback
                0x0000000008006d4a       0x12 Drivers/STM32F1xx_HAL_Driver/Src/stm32f1xx_hal_tim.o
                0x0000000008006d4a                HAL_TIM_TriggerCallback
 .text.TIM_Base_SetConfig
                0x0000000008006d5c       0xc4 Drivers/STM32F1xx_HAL_Driver/Src/stm32f1xx_hal_tim.o
                0x0000000008006d5c                TIM_Base_SetConfig
 .text.HAL_TIMEx_CommutCallback
                0x0000000008006e20       0x12 Drivers/STM32F1xx_HAL_Driver/Src/stm32f1xx_hal_tim_ex.o
                0x0000000008006e20                HAL_TIMEx_CommutCallback
 .text.HAL_TIMEx_BreakCallback
                0x0000000008006e32       0x12 Drivers/STM32F1xx_HAL_Driver/Src/stm32f1xx_hal_tim_ex.o
                0x0000000008006e32                HAL_TIMEx_BreakCallback
 .text.HAL_UART_Init
                0x0000000008006e44      0x150 Drivers/STM32F1xx_HAL_Driver/Src/stm32f1xx_hal_uart.o
                0x0000000008006e44                HAL_UART_Init
 .text.HAL_UART_Transmit
                0x0000000008006f94      0x124 Drivers/STM32F1xx_HAL_Driver/Src/stm32f1xx_hal_uart.o
                0x0000000008006f94                HAL_UART_Transmit
 .text.HAL_UART_Receive
                0x00000000080070b8      0x13e Drivers/STM32F1xx_HAL_Driver/Src/stm32f1xx_hal_uart.o
                0x00000000080070b8                HAL_UART_Receive
 .text.UART_WaitOnFlagUntilTimeout
                0x00000000080071f6       0x94 Drivers/STM32F1xx_HAL_Driver/Src/stm32f1xx_hal_uart.o
 *fill*         0x000000000800728a        0x2 
 .text.UART_SetConfig
                0x000000000800728c      0x19c Drivers/STM32F1xx_HAL_Driver/Src/stm32f1xx_hal_uart.o
 .text.osKernelInitialize
                0x0000000008007428       0x64 Middlewares/Third_Party/FreeRTOS/Source/CMSIS_RTOS_V2/cmsis_os2.o
                0x0000000008007428                osKernelInitialize
 .text.osKernelStart
                0x000000000800748c       0x68 Middlewares/Third_Party/FreeRTOS/Source/CMSIS_RTOS_V2/cmsis_os2.o
                0x000000000800748c                osKernelStart
 .text.osThreadNew
                0x00000000080074f4      0x154 Middlewares/Third_Party/FreeRTOS/Source/CMSIS_RTOS_V2/cmsis_os2.o
                0x00000000080074f4                osThreadNew
 .text.osDelay  0x0000000008007648       0x5c Middlewares/Third_Party/FreeRTOS/Source/CMSIS_RTOS_V2/cmsis_os2.o
                0x0000000008007648                osDelay
 .text.osMutexNew
                0x00000000080076a4      0x134 Middlewares/Third_Party/FreeRTOS/Source/CMSIS_RTOS_V2/cmsis_os2.o
                0x00000000080076a4                osMutexNew
 .text.osSemaphoreNew
                0x00000000080077d8      0x138 Middlewares/Third_Party/FreeRTOS/Source/CMSIS_RTOS_V2/cmsis_os2.o
                0x00000000080077d8                osSemaphoreNew
 .text.osSemaphoreAcquire
                0x0000000008007910       0xcc Middlewares/Third_Party/FreeRTOS/Source/CMSIS_RTOS_V2/cmsis_os2.o
                0x0000000008007910                osSemaphoreAcquire
 .text.osSemaphoreRelease
                0x00000000080079dc       0xb0 Middlewares/Third_Party/FreeRTOS/Source/CMSIS_RTOS_V2/cmsis_os2.o
                0x00000000080079dc                osSemaphoreRelease
 .text.osMessageQueueNew
                0x0000000008007a8c      0x10c Middlewares/Third_Party/FreeRTOS/Source/CMSIS_RTOS_V2/cmsis_os2.o
                0x0000000008007a8c                osMessageQueueNew
 .text.osMessageQueuePut
                0x0000000008007b98       0xe8 Middlewares/Third_Party/FreeRTOS/Source/CMSIS_RTOS_V2/cmsis_os2.o
                0x0000000008007b98                osMessageQueuePut
 .text.osMessageQueueGet
                0x0000000008007c80       0xe4 Middlewares/Third_Party/FreeRTOS/Source/CMSIS_RTOS_V2/cmsis_os2.o
                0x0000000008007c80                osMessageQueueGet
 .text.osMessageQueueGetCount
                0x0000000008007d64       0x64 Middlewares/Third_Party/FreeRTOS/Source/CMSIS_RTOS_V2/cmsis_os2.o
                0x0000000008007d64                osMessageQueueGetCount
 .text.osMessageQueueGetSpace
                0x0000000008007dc8       0x90 Middlewares/Third_Party/FreeRTOS/Source/CMSIS_RTOS_V2/cmsis_os2.o
                0x0000000008007dc8                osMessageQueueGetSpace
 .text.vApplicationGetIdleTaskMemory
                0x0000000008007e58       0x30 Middlewares/Third_Party/FreeRTOS/Source/CMSIS_RTOS_V2/cmsis_os2.o
                0x0000000008007e58                vApplicationGetIdleTaskMemory
 .text.vApplicationGetTimerTaskMemory
                0x0000000008007e88       0x30 Middlewares/Third_Party/FreeRTOS/Source/CMSIS_RTOS_V2/cmsis_os2.o
                0x0000000008007e88                vApplicationGetTimerTaskMemory
 .text.vListInitialise
                0x0000000008007eb8       0x3e Middlewares/Third_Party/FreeRTOS/Source/list.o
                0x0000000008007eb8                vListInitialise
 .text.vListInitialiseItem
                0x0000000008007ef6       0x18 Middlewares/Third_Party/FreeRTOS/Source/list.o
                0x0000000008007ef6                vListInitialiseItem
 .text.vListInsertEnd
                0x0000000008007f0e       0x46 Middlewares/Third_Party/FreeRTOS/Source/list.o
                0x0000000008007f0e                vListInsertEnd
 .text.vListInsert
                0x0000000008007f54       0x70 Middlewares/Third_Party/FreeRTOS/Source/list.o
                0x0000000008007f54                vListInsert
 .text.uxListRemove
                0x0000000008007fc4       0x52 Middlewares/Third_Party/FreeRTOS/Source/list.o
                0x0000000008007fc4                uxListRemove
 *fill*         0x0000000008008016        0x2 
 .text.xQueueGenericReset
                0x0000000008008018       0xd0 Middlewares/Third_Party/FreeRTOS/Source/queue.o
                0x0000000008008018                xQueueGenericReset
 .text.xQueueGenericCreateStatic
                0x00000000080080e8       0xee Middlewares/Third_Party/FreeRTOS/Source/queue.o
                0x00000000080080e8                xQueueGenericCreateStatic
 .text.xQueueGenericCreate
                0x00000000080081d6       0x7c Middlewares/Third_Party/FreeRTOS/Source/queue.o
                0x00000000080081d6                xQueueGenericCreate
 .text.prvInitialiseNewQueue
                0x0000000008008252       0x46 Middlewares/Third_Party/FreeRTOS/Source/queue.o
 .text.prvInitialiseMutex
                0x0000000008008298       0x34 Middlewares/Third_Party/FreeRTOS/Source/queue.o
 .text.xQueueCreateMutex
                0x00000000080082cc       0x30 Middlewares/Third_Party/FreeRTOS/Source/queue.o
                0x00000000080082cc                xQueueCreateMutex
 .text.xQueueCreateMutexStatic
                0x00000000080082fc       0x36 Middlewares/Third_Party/FreeRTOS/Source/queue.o
                0x00000000080082fc                xQueueCreateMutexStatic
 .text.xQueueCreateCountingSemaphoreStatic
                0x0000000008008332       0x6e Middlewares/Third_Party/FreeRTOS/Source/queue.o
                0x0000000008008332                xQueueCreateCountingSemaphoreStatic
 .text.xQueueCreateCountingSemaphore
                0x00000000080083a0       0x66 Middlewares/Third_Party/FreeRTOS/Source/queue.o
                0x00000000080083a0                xQueueCreateCountingSemaphore
 *fill*         0x0000000008008406        0x2 
 .text.xQueueGenericSend
                0x0000000008008408      0x1fc Middlewares/Third_Party/FreeRTOS/Source/queue.o
                0x0000000008008408                xQueueGenericSend
 .text.xQueueGenericSendFromISR
                0x0000000008008604      0x130 Middlewares/Third_Party/FreeRTOS/Source/queue.o
                0x0000000008008604                xQueueGenericSendFromISR
 .text.xQueueGiveFromISR
                0x0000000008008734      0x11a Middlewares/Third_Party/FreeRTOS/Source/queue.o
                0x0000000008008734                xQueueGiveFromISR
 *fill*         0x000000000800884e        0x2 
 .text.xQueueReceive
                0x0000000008008850      0x1c0 Middlewares/Third_Party/FreeRTOS/Source/queue.o
                0x0000000008008850                xQueueReceive
 .text.xQueueSemaphoreTake
                0x0000000008008a10      0x218 Middlewares/Third_Party/FreeRTOS/Source/queue.o
                0x0000000008008a10                xQueueSemaphoreTake
 .text.xQueueReceiveFromISR
                0x0000000008008c28      0x100 Middlewares/Third_Party/FreeRTOS/Source/queue.o
                0x0000000008008c28                xQueueReceiveFromISR
 .text.uxQueueMessagesWaiting
                0x0000000008008d28       0x3c Middlewares/Third_Party/FreeRTOS/Source/queue.o
                0x0000000008008d28                uxQueueMessagesWaiting
 .text.uxQueueSpacesAvailable
                0x0000000008008d64       0x46 Middlewares/Third_Party/FreeRTOS/Source/queue.o
                0x0000000008008d64                uxQueueSpacesAvailable
 .text.uxQueueMessagesWaitingFromISR
                0x0000000008008daa       0x36 Middlewares/Third_Party/FreeRTOS/Source/queue.o
                0x0000000008008daa                uxQueueMessagesWaitingFromISR
 .text.vQueueDelete
                0x0000000008008de0       0x46 Middlewares/Third_Party/FreeRTOS/Source/queue.o
                0x0000000008008de0                vQueueDelete
 .text.prvGetDisinheritPriorityAfterTimeout
                0x0000000008008e26       0x2e Middlewares/Third_Party/FreeRTOS/Source/queue.o
 .text.prvCopyDataToQueue
                0x0000000008008e54       0xd4 Middlewares/Third_Party/FreeRTOS/Source/queue.o
 .text.prvCopyDataFromQueue
                0x0000000008008f28       0x4c Middlewares/Third_Party/FreeRTOS/Source/queue.o
 .text.prvUnlockQueue
                0x0000000008008f74       0xa4 Middlewares/Third_Party/FreeRTOS/Source/queue.o
 .text.prvIsQueueEmpty
                0x0000000008009018       0x2c Middlewares/Third_Party/FreeRTOS/Source/queue.o
 .text.prvIsQueueFull
                0x0000000008009044       0x30 Middlewares/Third_Party/FreeRTOS/Source/queue.o
 .text.vQueueAddToRegistry
                0x0000000008009074       0x50 Middlewares/Third_Party/FreeRTOS/Source/queue.o
                0x0000000008009074                vQueueAddToRegistry
 .text.vQueueUnregisterQueue
                0x00000000080090c4       0x54 Middlewares/Third_Party/FreeRTOS/Source/queue.o
                0x00000000080090c4                vQueueUnregisterQueue
 .text.vQueueWaitForMessageRestricted
                0x0000000008009118       0x68 Middlewares/Third_Party/FreeRTOS/Source/queue.o
                0x0000000008009118                vQueueWaitForMessageRestricted
 .text.xTaskCreateStatic
                0x0000000008009180       0xb8 Middlewares/Third_Party/FreeRTOS/Source/tasks.o
                0x0000000008009180                xTaskCreateStatic
 .text.xTaskCreate
                0x0000000008009238       0x8a Middlewares/Third_Party/FreeRTOS/Source/tasks.o
                0x0000000008009238                xTaskCreate
 .text.prvInitialiseNewTask
                0x00000000080092c2      0x114 Middlewares/Third_Party/FreeRTOS/Source/tasks.o
 *fill*         0x00000000080093d6        0x2 
 .text.prvAddNewTaskToReadyList
                0x00000000080093d8       0xe0 Middlewares/Third_Party/FreeRTOS/Source/tasks.o
 .text.vTaskDelay
                0x00000000080094b8       0x68 Middlewares/Third_Party/FreeRTOS/Source/tasks.o
                0x00000000080094b8                vTaskDelay
 .text.vTaskStartScheduler
                0x0000000008009520       0xd0 Middlewares/Third_Party/FreeRTOS/Source/tasks.o
                0x0000000008009520                vTaskStartScheduler
 .text.vTaskSuspendAll
                0x00000000080095f0       0x1c Middlewares/Third_Party/FreeRTOS/Source/tasks.o
                0x00000000080095f0                vTaskSuspendAll
 .text.xTaskResumeAll
                0x000000000800960c      0x13c Middlewares/Third_Party/FreeRTOS/Source/tasks.o
                0x000000000800960c                xTaskResumeAll
 .text.xTaskGetTickCount
                0x0000000008009748       0x1c Middlewares/Third_Party/FreeRTOS/Source/tasks.o
                0x0000000008009748                xTaskGetTickCount
 .text.xTaskIncrementTick
                0x0000000008009764      0x17c Middlewares/Third_Party/FreeRTOS/Source/tasks.o
                0x0000000008009764                xTaskIncrementTick
 .text.vTaskSwitchContext
                0x00000000080098e0       0xf0 Middlewares/Third_Party/FreeRTOS/Source/tasks.o
                0x00000000080098e0                vTaskSwitchContext
 .text.vTaskPlaceOnEventList
                0x00000000080099d0       0x48 Middlewares/Third_Party/FreeRTOS/Source/tasks.o
                0x00000000080099d0                vTaskPlaceOnEventList
 .text.vTaskPlaceOnEventListRestricted
                0x0000000008009a18       0x58 Middlewares/Third_Party/FreeRTOS/Source/tasks.o
                0x0000000008009a18                vTaskPlaceOnEventListRestricted
 .text.xTaskRemoveFromEventList
                0x0000000008009a70       0xc8 Middlewares/Third_Party/FreeRTOS/Source/tasks.o
                0x0000000008009a70                xTaskRemoveFromEventList
 .text.vTaskInternalSetTimeOutState
                0x0000000008009b38       0x2c Middlewares/Third_Party/FreeRTOS/Source/tasks.o
                0x0000000008009b38                vTaskInternalSetTimeOutState
 .text.xTaskCheckForTimeOut
                0x0000000008009b64       0xc4 Middlewares/Third_Party/FreeRTOS/Source/tasks.o
                0x0000000008009b64                xTaskCheckForTimeOut
 .text.vTaskMissedYield
                0x0000000008009c28       0x18 Middlewares/Third_Party/FreeRTOS/Source/tasks.o
                0x0000000008009c28                vTaskMissedYield
 .text.prvIdleTask
                0x0000000008009c40       0x30 Middlewares/Third_Party/FreeRTOS/Source/tasks.o
 .text.prvInitialiseTaskLists
                0x0000000008009c70       0x80 Middlewares/Third_Party/FreeRTOS/Source/tasks.o
 .text.prvCheckTasksWaitingTermination
                0x0000000008009cf0       0x5c Middlewares/Third_Party/FreeRTOS/Source/tasks.o
 .text.prvDeleteTCB
                0x0000000008009d4c       0x5e Middlewares/Third_Party/FreeRTOS/Source/tasks.o
 *fill*         0x0000000008009daa        0x2 
 .text.prvResetNextTaskUnblockTime
                0x0000000008009dac       0x48 Middlewares/Third_Party/FreeRTOS/Source/tasks.o
 .text.xTaskGetSchedulerState
                0x0000000008009df4       0x3c Middlewares/Third_Party/FreeRTOS/Source/tasks.o
                0x0000000008009df4                xTaskGetSchedulerState
 .text.xTaskPriorityInherit
                0x0000000008009e30       0xdc Middlewares/Third_Party/FreeRTOS/Source/tasks.o
                0x0000000008009e30                xTaskPriorityInherit
 .text.xTaskPriorityDisinherit
                0x0000000008009f0c       0xdc Middlewares/Third_Party/FreeRTOS/Source/tasks.o
                0x0000000008009f0c                xTaskPriorityDisinherit
 .text.vTaskPriorityDisinheritAfterTimeout
                0x0000000008009fe8      0x10c Middlewares/Third_Party/FreeRTOS/Source/tasks.o
                0x0000000008009fe8                vTaskPriorityDisinheritAfterTimeout
 .text.pvTaskIncrementMutexHeldCount
                0x000000000800a0f4       0x28 Middlewares/Third_Party/FreeRTOS/Source/tasks.o
                0x000000000800a0f4                pvTaskIncrementMutexHeldCount
 .text.prvAddCurrentTaskToDelayedList
                0x000000000800a11c       0xa8 Middlewares/Third_Party/FreeRTOS/Source/tasks.o
 .text.xTimerCreateTimerTask
                0x000000000800a1c4       0x90 Middlewares/Third_Party/FreeRTOS/Source/timers.o
                0x000000000800a1c4                xTimerCreateTimerTask
 .text.xTimerGenericCommand
                0x000000000800a254       0x9c Middlewares/Third_Party/FreeRTOS/Source/timers.o
                0x000000000800a254                xTimerGenericCommand
 .text.prvProcessExpiredTimer
                0x000000000800a2f0       0x80 Middlewares/Third_Party/FreeRTOS/Source/timers.o
 .text.prvTimerTask
                0x000000000800a370       0x24 Middlewares/Third_Party/FreeRTOS/Source/timers.o
 .text.prvProcessTimerOrBlockTask
                0x000000000800a394       0x9c Middlewares/Third_Party/FreeRTOS/Source/timers.o
 .text.prvGetNextExpireTime
                0x000000000800a430       0x48 Middlewares/Third_Party/FreeRTOS/Source/timers.o
 .text.prvSampleTimeNow
                0x000000000800a478       0x40 Middlewares/Third_Party/FreeRTOS/Source/timers.o
 .text.prvInsertTimerInActiveList
                0x000000000800a4b8       0x84 Middlewares/Third_Party/FreeRTOS/Source/timers.o
 .text.prvProcessReceivedCommands
                0x000000000800a53c      0x168 Middlewares/Third_Party/FreeRTOS/Source/timers.o
 .text.prvSwitchTimerLists
                0x000000000800a6a4       0xc4 Middlewares/Third_Party/FreeRTOS/Source/timers.o
 .text.prvCheckForValidListAndQueue
                0x000000000800a768       0x80 Middlewares/Third_Party/FreeRTOS/Source/timers.o
 .text.pxPortInitialiseStack
                0x000000000800a7e8       0x58 Middlewares/Third_Party/FreeRTOS/Source/portable/GCC/ARM_CM3/port.o
                0x000000000800a7e8                pxPortInitialiseStack
 .text.prvTaskExitError
                0x000000000800a840       0x58 Middlewares/Third_Party/FreeRTOS/Source/portable/GCC/ARM_CM3/port.o
 *fill*         0x000000000800a898        0x8 
 .text.SVC_Handler
                0x000000000800a8a0       0x28 Middlewares/Third_Party/FreeRTOS/Source/portable/GCC/ARM_CM3/port.o
                0x000000000800a8a0                SVC_Handler
 .text.prvPortStartFirstTask
                0x000000000800a8c8       0x20 Middlewares/Third_Party/FreeRTOS/Source/portable/GCC/ARM_CM3/port.o
 .text.xPortStartScheduler
                0x000000000800a8e8       0xe4 Middlewares/Third_Party/FreeRTOS/Source/portable/GCC/ARM_CM3/port.o
                0x000000000800a8e8                xPortStartScheduler
 .text.vPortEnterCritical
                0x000000000800a9cc       0x60 Middlewares/Third_Party/FreeRTOS/Source/portable/GCC/ARM_CM3/port.o
                0x000000000800a9cc                vPortEnterCritical
 .text.vPortExitCritical
                0x000000000800aa2c       0x50 Middlewares/Third_Party/FreeRTOS/Source/portable/GCC/ARM_CM3/port.o
                0x000000000800aa2c                vPortExitCritical
 *fill*         0x000000000800aa7c        0x4 
 .text.PendSV_Handler
                0x000000000800aa80       0x48 Middlewares/Third_Party/FreeRTOS/Source/portable/GCC/ARM_CM3/port.o
                0x000000000800aa80                PendSV_Handler
 .text.SysTick_Handler
                0x000000000800aac8       0x44 Middlewares/Third_Party/FreeRTOS/Source/portable/GCC/ARM_CM3/port.o
                0x000000000800aac8                SysTick_Handler
 .text.vPortSetupTimerInterrupt
                0x000000000800ab0c       0x44 Middlewares/Third_Party/FreeRTOS/Source/portable/GCC/ARM_CM3/port.o
                0x000000000800ab0c                vPortSetupTimerInterrupt
 .text.vPortValidateInterruptPriority
                0x000000000800ab50       0x7c Middlewares/Third_Party/FreeRTOS/Source/portable/GCC/ARM_CM3/port.o
                0x000000000800ab50                vPortValidateInterruptPriority
 .text.pvPortMalloc
                0x000000000800abcc      0x188 Middlewares/Third_Party/FreeRTOS/Source/portable/MemMang/heap_4.o
                0x000000000800abcc                pvPortMalloc
 .text.vPortFree
                0x000000000800ad54       0xb4 Middlewares/Third_Party/FreeRTOS/Source/portable/MemMang/heap_4.o
                0x000000000800ad54                vPortFree
 .text.prvHeapInit
                0x000000000800ae08       0xc4 Middlewares/Third_Party/FreeRTOS/Source/portable/MemMang/heap_4.o
 .text.prvInsertBlockIntoFreeList
                0x000000000800aecc       0xb0 Middlewares/Third_Party/FreeRTOS/Source/portable/MemMang/heap_4.o
 .text.__errno  0x000000000800af7c        0xc c:/st/stm32cubeide_1.6.0/stm32cubeide/plugins/com.st.stm32cube.ide.mcu.externaltools.gnu-tools-for-stm32.9-2020-q2-update.win32_1.5.0.202011040924/tools/bin/../lib/gcc/arm-none-eabi/9.3.1/../../../../arm-none-eabi/lib/thumb/v7-m/nofp\libc_nano.a(lib_a-errno.o)
                0x000000000800af7c                __errno
 .text.__libc_init_array
                0x000000000800af88       0x48 c:/st/stm32cubeide_1.6.0/stm32cubeide/plugins/com.st.stm32cube.ide.mcu.externaltools.gnu-tools-for-stm32.9-2020-q2-update.win32_1.5.0.202011040924/tools/bin/../lib/gcc/arm-none-eabi/9.3.1/../../../../arm-none-eabi/lib/thumb/v7-m/nofp\libc_nano.a(lib_a-init.o)
                0x000000000800af88                __libc_init_array
 .text.memcpy   0x000000000800afd0       0x1c c:/st/stm32cubeide_1.6.0/stm32cubeide/plugins/com.st.stm32cube.ide.mcu.externaltools.gnu-tools-for-stm32.9-2020-q2-update.win32_1.5.0.202011040924/tools/bin/../lib/gcc/arm-none-eabi/9.3.1/../../../../arm-none-eabi/lib/thumb/v7-m/nofp\libc_nano.a(lib_a-memcpy-stub.o)
                0x000000000800afd0                memcpy
 .text.memset   0x000000000800afec       0x10 c:/st/stm32cubeide_1.6.0/stm32cubeide/plugins/com.st.stm32cube.ide.mcu.externaltools.gnu-tools-for-stm32.9-2020-q2-update.win32_1.5.0.202011040924/tools/bin/../lib/gcc/arm-none-eabi/9.3.1/../../../../arm-none-eabi/lib/thumb/v7-m/nofp\libc_nano.a(lib_a-memset.o)
                0x000000000800afec                memset
 .text._puts_r  0x000000000800affc       0xdc c:/st/stm32cubeide_1.6.0/stm32cubeide/plugins/com.st.stm32cube.ide.mcu.externaltools.gnu-tools-for-stm32.9-2020-q2-update.win32_1.5.0.202011040924/tools/bin/../lib/gcc/arm-none-eabi/9.3.1/../../../../arm-none-eabi/lib/thumb/v7-m/nofp\libc_nano.a(lib_a-puts.o)
                0x000000000800affc                _puts_r
 .text.puts     0x000000000800b0d8       0x10 c:/st/stm32cubeide_1.6.0/stm32cubeide/plugins/com.st.stm32cube.ide.mcu.externaltools.gnu-tools-for-stm32.9-2020-q2-update.win32_1.5.0.202011040924/tools/bin/../lib/gcc/arm-none-eabi/9.3.1/../../../../arm-none-eabi/lib/thumb/v7-m/nofp\libc_nano.a(lib_a-puts.o)
                0x000000000800b0d8                puts
 .text.setvbuf  0x000000000800b0e8      0x18c c:/st/stm32cubeide_1.6.0/stm32cubeide/plugins/com.st.stm32cube.ide.mcu.externaltools.gnu-tools-for-stm32.9-2020-q2-update.win32_1.5.0.202011040924/tools/bin/../lib/gcc/arm-none-eabi/9.3.1/../../../../arm-none-eabi/lib/thumb/v7-m/nofp\libc_nano.a(lib_a-setvbuf.o)
                0x000000000800b0e8                setvbuf
 .text.vprintf  0x000000000800b274       0x2c c:/st/stm32cubeide_1.6.0/stm32cubeide/plugins/com.st.stm32cube.ide.mcu.externaltools.gnu-tools-for-stm32.9-2020-q2-update.win32_1.5.0.202011040924/tools/bin/../lib/gcc/arm-none-eabi/9.3.1/../../../../arm-none-eabi/lib/thumb/v7-m/nofp\libc_nano.a(lib_a-vprintf.o)
                0x000000000800b274                viprintf
                0x000000000800b274                vprintf
 .text.__swbuf_r
                0x000000000800b2a0       0xa4 c:/st/stm32cubeide_1.6.0/stm32cubeide/plugins/com.st.stm32cube.ide.mcu.externaltools.gnu-tools-for-stm32.9-2020-q2-update.win32_1.5.0.202011040924/tools/bin/../lib/gcc/arm-none-eabi/9.3.1/../../../../arm-none-eabi/lib/thumb/v7-m/nofp\libc_nano.a(lib_a-wbuf.o)
                0x000000000800b2a0                __swbuf_r
 .text.__swsetup_r
                0x000000000800b344       0xdc c:/st/stm32cubeide_1.6.0/stm32cubeide/plugins/com.st.stm32cube.ide.mcu.externaltools.gnu-tools-for-stm32.9-2020-q2-update.win32_1.5.0.202011040924/tools/bin/../lib/gcc/arm-none-eabi/9.3.1/../../../../arm-none-eabi/lib/thumb/v7-m/nofp\libc_nano.a(lib_a-wsetup.o)
                0x000000000800b344                __swsetup_r
 .text.__sflush_r
                0x000000000800b420      0x10c c:/st/stm32cubeide_1.6.0/stm32cubeide/plugins/com.st.stm32cube.ide.mcu.externaltools.gnu-tools-for-stm32.9-2020-q2-update.win32_1.5.0.202011040924/tools/bin/../lib/gcc/arm-none-eabi/9.3.1/../../../../arm-none-eabi/lib/thumb/v7-m/nofp\libc_nano.a(lib_a-fflush.o)
                0x000000000800b420                __sflush_r
 .text._fflush_r
                0x000000000800b52c       0x78 c:/st/stm32cubeide_1.6.0/stm32cubeide/plugins/com.st.stm32cube.ide.mcu.externaltools.gnu-tools-for-stm32.9-2020-q2-update.win32_1.5.0.202011040924/tools/bin/../lib/gcc/arm-none-eabi/9.3.1/../../../../arm-none-eabi/lib/thumb/v7-m/nofp\libc_nano.a(lib_a-fflush.o)
                0x000000000800b52c                _fflush_r
 .text.std      0x000000000800b5a4       0x48 c:/st/stm32cubeide_1.6.0/stm32cubeide/plugins/com.st.stm32cube.ide.mcu.externaltools.gnu-tools-for-stm32.9-2020-q2-update.win32_1.5.0.202011040924/tools/bin/../lib/gcc/arm-none-eabi/9.3.1/../../../../arm-none-eabi/lib/thumb/v7-m/nofp\libc_nano.a(lib_a-findfp.o)
 .text._cleanup_r
                0x000000000800b5ec        0xc c:/st/stm32cubeide_1.6.0/stm32cubeide/plugins/com.st.stm32cube.ide.mcu.externaltools.gnu-tools-for-stm32.9-2020-q2-update.win32_1.5.0.202011040924/tools/bin/../lib/gcc/arm-none-eabi/9.3.1/../../../../arm-none-eabi/lib/thumb/v7-m/nofp\libc_nano.a(lib_a-findfp.o)
                0x000000000800b5ec                _cleanup_r
 .text.__sfmoreglue
                0x000000000800b5f8       0x2c c:/st/stm32cubeide_1.6.0/stm32cubeide/plugins/com.st.stm32cube.ide.mcu.externaltools.gnu-tools-for-stm32.9-2020-q2-update.win32_1.5.0.202011040924/tools/bin/../lib/gcc/arm-none-eabi/9.3.1/../../../../arm-none-eabi/lib/thumb/v7-m/nofp\libc_nano.a(lib_a-findfp.o)
                0x000000000800b5f8                __sfmoreglue
 .text.__sfp_lock_acquire
                0x000000000800b624        0xc c:/st/stm32cubeide_1.6.0/stm32cubeide/plugins/com.st.stm32cube.ide.mcu.externaltools.gnu-tools-for-stm32.9-2020-q2-update.win32_1.5.0.202011040924/tools/bin/../lib/gcc/arm-none-eabi/9.3.1/../../../../arm-none-eabi/lib/thumb/v7-m/nofp\libc_nano.a(lib_a-findfp.o)
                0x000000000800b624                __sfp_lock_acquire
 .text.__sfp_lock_release
                0x000000000800b630        0xc c:/st/stm32cubeide_1.6.0/stm32cubeide/plugins/com.st.stm32cube.ide.mcu.externaltools.gnu-tools-for-stm32.9-2020-q2-update.win32_1.5.0.202011040924/tools/bin/../lib/gcc/arm-none-eabi/9.3.1/../../../../arm-none-eabi/lib/thumb/v7-m/nofp\libc_nano.a(lib_a-findfp.o)
                0x000000000800b630                __sfp_lock_release
 .text.__sinit_lock_acquire
                0x000000000800b63c        0xc c:/st/stm32cubeide_1.6.0/stm32cubeide/plugins/com.st.stm32cube.ide.mcu.externaltools.gnu-tools-for-stm32.9-2020-q2-update.win32_1.5.0.202011040924/tools/bin/../lib/gcc/arm-none-eabi/9.3.1/../../../../arm-none-eabi/lib/thumb/v7-m/nofp\libc_nano.a(lib_a-findfp.o)
                0x000000000800b63c                __sinit_lock_acquire
 .text.__sinit_lock_release
                0x000000000800b648        0xc c:/st/stm32cubeide_1.6.0/stm32cubeide/plugins/com.st.stm32cube.ide.mcu.externaltools.gnu-tools-for-stm32.9-2020-q2-update.win32_1.5.0.202011040924/tools/bin/../lib/gcc/arm-none-eabi/9.3.1/../../../../arm-none-eabi/lib/thumb/v7-m/nofp\libc_nano.a(lib_a-findfp.o)
                0x000000000800b648                __sinit_lock_release
 .text.__sinit  0x000000000800b654       0x70 c:/st/stm32cubeide_1.6.0/stm32cubeide/plugins/com.st.stm32cube.ide.mcu.externaltools.gnu-tools-for-stm32.9-2020-q2-update.win32_1.5.0.202011040924/tools/bin/../lib/gcc/arm-none-eabi/9.3.1/../../../../arm-none-eabi/lib/thumb/v7-m/nofp\libc_nano.a(lib_a-findfp.o)
                0x000000000800b654                __sinit
 .text.__sfp    0x000000000800b6c4       0x8c c:/st/stm32cubeide_1.6.0/stm32cubeide/plugins/com.st.stm32cube.ide.mcu.externaltools.gnu-tools-for-stm32.9-2020-q2-update.win32_1.5.0.202011040924/tools/bin/../lib/gcc/arm-none-eabi/9.3.1/../../../../arm-none-eabi/lib/thumb/v7-m/nofp\libc_nano.a(lib_a-findfp.o)
                0x000000000800b6c4                __sfp
 .text._fwalk_reent
                0x000000000800b750       0x3e c:/st/stm32cubeide_1.6.0/stm32cubeide/plugins/com.st.stm32cube.ide.mcu.externaltools.gnu-tools-for-stm32.9-2020-q2-update.win32_1.5.0.202011040924/tools/bin/../lib/gcc/arm-none-eabi/9.3.1/../../../../arm-none-eabi/lib/thumb/v7-m/nofp\libc_nano.a(lib_a-fwalk.o)
                0x000000000800b750                _fwalk_reent
 .text.__retarget_lock_init_recursive
                0x000000000800b78e        0x2 c:/st/stm32cubeide_1.6.0/stm32cubeide/plugins/com.st.stm32cube.ide.mcu.externaltools.gnu-tools-for-stm32.9-2020-q2-update.win32_1.5.0.202011040924/tools/bin/../lib/gcc/arm-none-eabi/9.3.1/../../../../arm-none-eabi/lib/thumb/v7-m/nofp\libc_nano.a(lib_a-lock.o)
                0x000000000800b78e                __retarget_lock_init_recursive
 .text.__retarget_lock_acquire_recursive
                0x000000000800b790        0x2 c:/st/stm32cubeide_1.6.0/stm32cubeide/plugins/com.st.stm32cube.ide.mcu.externaltools.gnu-tools-for-stm32.9-2020-q2-update.win32_1.5.0.202011040924/tools/bin/../lib/gcc/arm-none-eabi/9.3.1/../../../../arm-none-eabi/lib/thumb/v7-m/nofp\libc_nano.a(lib_a-lock.o)
                0x000000000800b790                __retarget_lock_acquire_recursive
 .text.__retarget_lock_release_recursive
                0x000000000800b792        0x2 c:/st/stm32cubeide_1.6.0/stm32cubeide/plugins/com.st.stm32cube.ide.mcu.externaltools.gnu-tools-for-stm32.9-2020-q2-update.win32_1.5.0.202011040924/tools/bin/../lib/gcc/arm-none-eabi/9.3.1/../../../../arm-none-eabi/lib/thumb/v7-m/nofp\libc_nano.a(lib_a-lock.o)
                0x000000000800b792                __retarget_lock_release_recursive
 .text.__swhatbuf_r
                0x000000000800b794       0x48 c:/st/stm32cubeide_1.6.0/stm32cubeide/plugins/com.st.stm32cube.ide.mcu.externaltools.gnu-tools-for-stm32.9-2020-q2-update.win32_1.5.0.202011040924/tools/bin/../lib/gcc/arm-none-eabi/9.3.1/../../../../arm-none-eabi/lib/thumb/v7-m/nofp\libc_nano.a(lib_a-makebuf.o)
                0x000000000800b794                __swhatbuf_r
 .text.__smakebuf_r
                0x000000000800b7dc       0x80 c:/st/stm32cubeide_1.6.0/stm32cubeide/plugins/com.st.stm32cube.ide.mcu.externaltools.gnu-tools-for-stm32.9-2020-q2-update.win32_1.5.0.202011040924/tools/bin/../lib/gcc/arm-none-eabi/9.3.1/../../../../arm-none-eabi/lib/thumb/v7-m/nofp\libc_nano.a(lib_a-makebuf.o)
                0x000000000800b7dc                __smakebuf_r
 .text.malloc   0x000000000800b85c       0x10 c:/st/stm32cubeide_1.6.0/stm32cubeide/plugins/com.st.stm32cube.ide.mcu.externaltools.gnu-tools-for-stm32.9-2020-q2-update.win32_1.5.0.202011040924/tools/bin/../lib/gcc/arm-none-eabi/9.3.1/../../../../arm-none-eabi/lib/thumb/v7-m/nofp\libc_nano.a(lib_a-malloc.o)
                0x000000000800b85c                malloc
 .text._free_r  0x000000000800b86c       0x98 c:/st/stm32cubeide_1.6.0/stm32cubeide/plugins/com.st.stm32cube.ide.mcu.externaltools.gnu-tools-for-stm32.9-2020-q2-update.win32_1.5.0.202011040924/tools/bin/../lib/gcc/arm-none-eabi/9.3.1/../../../../arm-none-eabi/lib/thumb/v7-m/nofp\libc_nano.a(lib_a-nano-freer.o)
                0x000000000800b86c                _free_r
 .text._malloc_r
                0x000000000800b904       0xb4 c:/st/stm32cubeide_1.6.0/stm32cubeide/plugins/com.st.stm32cube.ide.mcu.externaltools.gnu-tools-for-stm32.9-2020-q2-update.win32_1.5.0.202011040924/tools/bin/../lib/gcc/arm-none-eabi/9.3.1/../../../../arm-none-eabi/lib/thumb/v7-m/nofp\libc_nano.a(lib_a-nano-mallocr.o)
                0x000000000800b904                _malloc_r
 .text.__sfputc_r
                0x000000000800b9b8       0x2a c:/st/stm32cubeide_1.6.0/stm32cubeide/plugins/com.st.stm32cube.ide.mcu.externaltools.gnu-tools-for-stm32.9-2020-q2-update.win32_1.5.0.202011040924/tools/bin/../lib/gcc/arm-none-eabi/9.3.1/../../../../arm-none-eabi/lib/thumb/v7-m/nofp\libc_nano.a(lib_a-nano-vfprintf.o)
 .text.__sfputs_r
                0x000000000800b9e2       0x24 c:/st/stm32cubeide_1.6.0/stm32cubeide/plugins/com.st.stm32cube.ide.mcu.externaltools.gnu-tools-for-stm32.9-2020-q2-update.win32_1.5.0.202011040924/tools/bin/../lib/gcc/arm-none-eabi/9.3.1/../../../../arm-none-eabi/lib/thumb/v7-m/nofp\libc_nano.a(lib_a-nano-vfprintf.o)
                0x000000000800b9e2                __sfputs_r
 *fill*         0x000000000800ba06        0x2 
 .text._vfprintf_r
                0x000000000800ba08      0x260 c:/st/stm32cubeide_1.6.0/stm32cubeide/plugins/com.st.stm32cube.ide.mcu.externaltools.gnu-tools-for-stm32.9-2020-q2-update.win32_1.5.0.202011040924/tools/bin/../lib/gcc/arm-none-eabi/9.3.1/../../../../arm-none-eabi/lib/thumb/v7-m/nofp\libc_nano.a(lib_a-nano-vfprintf.o)
                0x000000000800ba08                _vfprintf_r
                0x000000000800ba08                _vfiprintf_r
 .text._printf_common
                0x000000000800bc68       0xde c:/st/stm32cubeide_1.6.0/stm32cubeide/plugins/com.st.stm32cube.ide.mcu.externaltools.gnu-tools-for-stm32.9-2020-q2-update.win32_1.5.0.202011040924/tools/bin/../lib/gcc/arm-none-eabi/9.3.1/../../../../arm-none-eabi/lib/thumb/v7-m/nofp\libc_nano.a(lib_a-nano-vfprintf_i.o)
                0x000000000800bc68                _printf_common
 *fill*         0x000000000800bd46        0x2 
 .text._printf_i
                0x000000000800bd48      0x24c c:/st/stm32cubeide_1.6.0/stm32cubeide/plugins/com.st.stm32cube.ide.mcu.externaltools.gnu-tools-for-stm32.9-2020-q2-update.win32_1.5.0.202011040924/tools/bin/../lib/gcc/arm-none-eabi/9.3.1/../../../../arm-none-eabi/lib/thumb/v7-m/nofp\libc_nano.a(lib_a-nano-vfprintf_i.o)
                0x000000000800bd48                _printf_i
 .text._sbrk_r  0x000000000800bf94       0x20 c:/st/stm32cubeide_1.6.0/stm32cubeide/plugins/com.st.stm32cube.ide.mcu.externaltools.gnu-tools-for-stm32.9-2020-q2-update.win32_1.5.0.202011040924/tools/bin/../lib/gcc/arm-none-eabi/9.3.1/../../../../arm-none-eabi/lib/thumb/v7-m/nofp\libc_nano.a(lib_a-sbrkr.o)
                0x000000000800bf94                _sbrk_r
 .text.__sread  0x000000000800bfb4       0x22 c:/st/stm32cubeide_1.6.0/stm32cubeide/plugins/com.st.stm32cube.ide.mcu.externaltools.gnu-tools-for-stm32.9-2020-q2-update.win32_1.5.0.202011040924/tools/bin/../lib/gcc/arm-none-eabi/9.3.1/../../../../arm-none-eabi/lib/thumb/v7-m/nofp\libc_nano.a(lib_a-stdio.o)
                0x000000000800bfb4                __sread
 .text.__swrite
                0x000000000800bfd6       0x38 c:/st/stm32cubeide_1.6.0/stm32cubeide/plugins/com.st.stm32cube.ide.mcu.externaltools.gnu-tools-for-stm32.9-2020-q2-update.win32_1.5.0.202011040924/tools/bin/../lib/gcc/arm-none-eabi/9.3.1/../../../../arm-none-eabi/lib/thumb/v7-m/nofp\libc_nano.a(lib_a-stdio.o)
                0x000000000800bfd6                __swrite
 .text.__sseek  0x000000000800c00e       0x24 c:/st/stm32cubeide_1.6.0/stm32cubeide/plugins/com.st.stm32cube.ide.mcu.externaltools.gnu-tools-for-stm32.9-2020-q2-update.win32_1.5.0.202011040924/tools/bin/../lib/gcc/arm-none-eabi/9.3.1/../../../../arm-none-eabi/lib/thumb/v7-m/nofp\libc_nano.a(lib_a-stdio.o)
                0x000000000800c00e                __sseek
 .text.__sclose
                0x000000000800c032        0x8 c:/st/stm32cubeide_1.6.0/stm32cubeide/plugins/com.st.stm32cube.ide.mcu.externaltools.gnu-tools-for-stm32.9-2020-q2-update.win32_1.5.0.202011040924/tools/bin/../lib/gcc/arm-none-eabi/9.3.1/../../../../arm-none-eabi/lib/thumb/v7-m/nofp\libc_nano.a(lib_a-stdio.o)
                0x000000000800c032                __sclose
 *fill*         0x000000000800c03a        0x2 
 .text._write_r
                0x000000000800c03c       0x24 c:/st/stm32cubeide_1.6.0/stm32cubeide/plugins/com.st.stm32cube.ide.mcu.externaltools.gnu-tools-for-stm32.9-2020-q2-update.win32_1.5.0.202011040924/tools/bin/../lib/gcc/arm-none-eabi/9.3.1/../../../../arm-none-eabi/lib/thumb/v7-m/nofp\libc_nano.a(lib_a-writer.o)
                0x000000000800c03c                _write_r
 .text._close_r
                0x000000000800c060       0x20 c:/st/stm32cubeide_1.6.0/stm32cubeide/plugins/com.st.stm32cube.ide.mcu.externaltools.gnu-tools-for-stm32.9-2020-q2-update.win32_1.5.0.202011040924/tools/bin/../lib/gcc/arm-none-eabi/9.3.1/../../../../arm-none-eabi/lib/thumb/v7-m/nofp\libc_nano.a(lib_a-closer.o)
                0x000000000800c060                _close_r
 .text._fstat_r
                0x000000000800c080       0x24 c:/st/stm32cubeide_1.6.0/stm32cubeide/plugins/com.st.stm32cube.ide.mcu.externaltools.gnu-tools-for-stm32.9-2020-q2-update.win32_1.5.0.202011040924/tools/bin/../lib/gcc/arm-none-eabi/9.3.1/../../../../arm-none-eabi/lib/thumb/v7-m/nofp\libc_nano.a(lib_a-fstatr.o)
                0x000000000800c080                _fstat_r
 .text._isatty_r
                0x000000000800c0a4       0x20 c:/st/stm32cubeide_1.6.0/stm32cubeide/plugins/com.st.stm32cube.ide.mcu.externaltools.gnu-tools-for-stm32.9-2020-q2-update.win32_1.5.0.202011040924/tools/bin/../lib/gcc/arm-none-eabi/9.3.1/../../../../arm-none-eabi/lib/thumb/v7-m/nofp\libc_nano.a(lib_a-isattyr.o)
                0x000000000800c0a4                _isatty_r
 .text._lseek_r
                0x000000000800c0c4       0x24 c:/st/stm32cubeide_1.6.0/stm32cubeide/plugins/com.st.stm32cube.ide.mcu.externaltools.gnu-tools-for-stm32.9-2020-q2-update.win32_1.5.0.202011040924/tools/bin/../lib/gcc/arm-none-eabi/9.3.1/../../../../arm-none-eabi/lib/thumb/v7-m/nofp\libc_nano.a(lib_a-lseekr.o)
                0x000000000800c0c4                _lseek_r
 .text.memchr   0x000000000800c0e8       0x1c c:/st/stm32cubeide_1.6.0/stm32cubeide/plugins/com.st.stm32cube.ide.mcu.externaltools.gnu-tools-for-stm32.9-2020-q2-update.win32_1.5.0.202011040924/tools/bin/../lib/gcc/arm-none-eabi/9.3.1/../../../../arm-none-eabi/lib/thumb/v7-m/nofp\libc_nano.a(lib_a-memchr-stub.o)
                0x000000000800c0e8                memchr
 .text.__malloc_lock
                0x000000000800c104        0xc c:/st/stm32cubeide_1.6.0/stm32cubeide/plugins/com.st.stm32cube.ide.mcu.externaltools.gnu-tools-for-stm32.9-2020-q2-update.win32_1.5.0.202011040924/tools/bin/../lib/gcc/arm-none-eabi/9.3.1/../../../../arm-none-eabi/lib/thumb/v7-m/nofp\libc_nano.a(lib_a-mlock.o)
                0x000000000800c104                __malloc_lock
 .text.__malloc_unlock
                0x000000000800c110        0xc c:/st/stm32cubeide_1.6.0/stm32cubeide/plugins/com.st.stm32cube.ide.mcu.externaltools.gnu-tools-for-stm32.9-2020-q2-update.win32_1.5.0.202011040924/tools/bin/../lib/gcc/arm-none-eabi/9.3.1/../../../../arm-none-eabi/lib/thumb/v7-m/nofp\libc_nano.a(lib_a-mlock.o)
                0x000000000800c110                __malloc_unlock
 .text._read_r  0x000000000800c11c       0x24 c:/st/stm32cubeide_1.6.0/stm32cubeide/plugins/com.st.stm32cube.ide.mcu.externaltools.gnu-tools-for-stm32.9-2020-q2-update.win32_1.5.0.202011040924/tools/bin/../lib/gcc/arm-none-eabi/9.3.1/../../../../arm-none-eabi/lib/thumb/v7-m/nofp\libc_nano.a(lib_a-readr.o)
                0x000000000800c11c                _read_r
 *(.glue_7)
 .glue_7        0x000000000800c140        0x0 linker stubs
 *(.glue_7t)
 .glue_7t       0x000000000800c140        0x0 linker stubs
 *(.eh_frame)
 .eh_frame      0x000000000800c140        0x0 c:/st/stm32cubeide_1.6.0/stm32cubeide/plugins/com.st.stm32cube.ide.mcu.externaltools.gnu-tools-for-stm32.9-2020-q2-update.win32_1.5.0.202011040924/tools/bin/../lib/gcc/arm-none-eabi/9.3.1/thumb/v7-m/nofp/crtbegin.o
 *(.init)
 .init          0x000000000800c140        0x4 c:/st/stm32cubeide_1.6.0/stm32cubeide/plugins/com.st.stm32cube.ide.mcu.externaltools.gnu-tools-for-stm32.9-2020-q2-update.win32_1.5.0.202011040924/tools/bin/../lib/gcc/arm-none-eabi/9.3.1/thumb/v7-m/nofp/crti.o
                0x000000000800c140                _init
 .init          0x000000000800c144        0x8 c:/st/stm32cubeide_1.6.0/stm32cubeide/plugins/com.st.stm32cube.ide.mcu.externaltools.gnu-tools-for-stm32.9-2020-q2-update.win32_1.5.0.202011040924/tools/bin/../lib/gcc/arm-none-eabi/9.3.1/thumb/v7-m/nofp/crtn.o
 *(.fini)
 .fini          0x000000000800c14c        0x4 c:/st/stm32cubeide_1.6.0/stm32cubeide/plugins/com.st.stm32cube.ide.mcu.externaltools.gnu-tools-for-stm32.9-2020-q2-update.win32_1.5.0.202011040924/tools/bin/../lib/gcc/arm-none-eabi/9.3.1/thumb/v7-m/nofp/crti.o
                0x000000000800c14c                _fini
 .fini          0x000000000800c150        0x8 c:/st/stm32cubeide_1.6.0/stm32cubeide/plugins/com.st.stm32cube.ide.mcu.externaltools.gnu-tools-for-stm32.9-2020-q2-update.win32_1.5.0.202011040924/tools/bin/../lib/gcc/arm-none-eabi/9.3.1/thumb/v7-m/nofp/crtn.o
                0x000000000800c158                . = ALIGN (0x4)
                0x000000000800c158                _etext = .

.vfp11_veneer   0x000000000800c158        0x0
 .vfp11_veneer  0x000000000800c158        0x0 linker stubs

.v4_bx          0x000000000800c158        0x0
 .v4_bx         0x000000000800c158        0x0 linker stubs

.iplt           0x000000000800c158        0x0
 .iplt          0x000000000800c158        0x0 c:/st/stm32cubeide_1.6.0/stm32cubeide/plugins/com.st.stm32cube.ide.mcu.externaltools.gnu-tools-for-stm32.9-2020-q2-update.win32_1.5.0.202011040924/tools/bin/../lib/gcc/arm-none-eabi/9.3.1/thumb/v7-m/nofp/crtbegin.o

.rodata         0x000000000800c158     0x169c
                0x000000000800c158                . = ALIGN (0x4)
 *(.rodata)
 .rodata        0x000000000800c158       0xc3 Core/Src/flash.o
 *fill*         0x000000000800c21b        0x1 
 .rodata        0x000000000800c21c      0x70c Core/Src/freertos.o
 .rodata        0x000000000800c928      0x4ea Core/Src/lora.o
 *fill*         0x000000000800ce12        0x2 
 .rodata        0x000000000800ce14      0x2a0 Core/Src/main.o
 .rodata        0x000000000800d0b4      0x101 Core/Src/misc.o
 *fill*         0x000000000800d1b5        0x3 
 .rodata        0x000000000800d1b8       0x8c Core/Src/stm32f1xx_it.o
 .rodata        0x000000000800d244       0x38 Drivers/STM32F1xx_HAL_Driver/Src/stm32f1xx_hal_adc.o
 .rodata        0x000000000800d27c       0x3b Drivers/STM32F1xx_HAL_Driver/Src/stm32f1xx_hal_cortex.o
 *fill*         0x000000000800d2b7        0x1 
 .rodata        0x000000000800d2b8       0x3a Drivers/STM32F1xx_HAL_Driver/Src/stm32f1xx_hal_flash.o
 *fill*         0x000000000800d2f2        0x2 
 .rodata        0x000000000800d2f4       0x3d Drivers/STM32F1xx_HAL_Driver/Src/stm32f1xx_hal_flash_ex.o
 *fill*         0x000000000800d331        0x3 
 .rodata        0x000000000800d334       0x39 Drivers/STM32F1xx_HAL_Driver/Src/stm32f1xx_hal_gpio.o
 *fill*         0x000000000800d36d        0x3 
 .rodata        0x000000000800d370       0x39 Drivers/STM32F1xx_HAL_Driver/Src/stm32f1xx_hal_iwdg.o
 *fill*         0x000000000800d3a9        0x3 
 .rodata        0x000000000800d3ac       0x48 Drivers/STM32F1xx_HAL_Driver/Src/stm32f1xx_hal_rcc.o
 .rodata        0x000000000800d3f4       0x4c Drivers/STM32F1xx_HAL_Driver/Src/stm32f1xx_hal_rcc_ex.o
 .rodata        0x000000000800d440       0x38 Drivers/STM32F1xx_HAL_Driver/Src/stm32f1xx_hal_spi.o
 .rodata        0x000000000800d478       0x38 Drivers/STM32F1xx_HAL_Driver/Src/stm32f1xx_hal_tim.o
 .rodata        0x000000000800d4b0       0x39 Drivers/STM32F1xx_HAL_Driver/Src/stm32f1xx_hal_uart.o
 *fill*         0x000000000800d4e9        0x3 
 .rodata        0x000000000800d4ec       0x30 Middlewares/Third_Party/FreeRTOS/Source/tasks.o
 .rodata        0x000000000800d51c        0xd Middlewares/Third_Party/FreeRTOS/Source/timers.o
 *(.rodata*)
 *fill*         0x000000000800d529        0x3 
 .rodata.__func__.8177
                0x000000000800d52c       0x10 Core/Src/flash.o
 .rodata.__func__.8194
                0x000000000800d53c       0x10 Core/Src/flash.o
 .rodata.defaultTask_attributes
                0x000000000800d54c       0x24 Core/Src/freertos.o
                0x000000000800d54c                defaultTask_attributes
 .rodata.taskProducer_attributes
                0x000000000800d570       0x24 Core/Src/freertos.o
                0x000000000800d570                taskProducer_attributes
 .rodata.taskConsumer_attributes
                0x000000000800d594       0x24 Core/Src/freertos.o
                0x000000000800d594                taskConsumer_attributes
 .rodata.taskPeriodic_attributes
                0x000000000800d5b8       0x24 Core/Src/freertos.o
                0x000000000800d5b8                taskPeriodic_attributes
 .rodata.myQueue01_attributes
                0x000000000800d5dc       0x18 Core/Src/freertos.o
                0x000000000800d5dc                myQueue01_attributes
 .rodata.nodedataMutex_attributes
                0x000000000800d5f4       0x10 Core/Src/freertos.o
                0x000000000800d5f4                nodedataMutex_attributes
 .rodata.rxDoneSemaphore_attributes
                0x000000000800d604       0x10 Core/Src/freertos.o
                0x000000000800d604                rxDoneSemaphore_attributes
 .rodata.__func__.9479
                0x000000000800d614       0x11 Core/Src/freertos.o
 *fill*         0x000000000800d625        0x3 
 .rodata.__func__.9490
                0x000000000800d628        0xe Core/Src/freertos.o
 *fill*         0x000000000800d636        0x2 
 .rodata.__func__.9501
                0x000000000800d638        0xe Core/Src/freertos.o
 *fill*         0x000000000800d646        0x2 
 .rodata.tickToWait.9512
                0x000000000800d648        0x4 Core/Src/freertos.o
 .rodata.__func__.9527
                0x000000000800d64c       0x13 Core/Src/freertos.o
 *fill*         0x000000000800d65f        0x1 
 .rodata.__func__.9534
                0x000000000800d660        0xf Core/Src/freertos.o
 *fill*         0x000000000800d66f        0x1 
 .rodata.__func__.9540
                0x000000000800d670       0x15 Core/Src/freertos.o
 *fill*         0x000000000800d685        0x3 
 .rodata.__func__.8509
                0x000000000800d688        0xb Core/Src/lora.o
 *fill*         0x000000000800d693        0x1 
 .rodata.__func__.8514
                0x000000000800d694        0xb Core/Src/lora.o
 *fill*         0x000000000800d69f        0x1 
 .rodata.__func__.8530
                0x000000000800d6a0        0xa Core/Src/lora.o
 *fill*         0x000000000800d6aa        0x2 
 .rodata.__func__.8792
                0x000000000800d6ac        0xa Core/Src/lora.o
 *fill*         0x000000000800d6b6        0x2 
 .rodata.__func__.8816
                0x000000000800d6b8        0xd Core/Src/lora.o
 *fill*         0x000000000800d6c5        0x3 
 .rodata.__func__.8863
                0x000000000800d6c8       0x10 Core/Src/lora.o
 .rodata.__func__.9323
                0x000000000800d6d8        0x5 Core/Src/main.o
 *fill*         0x000000000800d6dd        0x3 
 .rodata.__func__.9334
                0x000000000800d6e0        0xd Core/Src/main.o
 *fill*         0x000000000800d6ed        0x3 
 .rodata.__func__.9339
                0x000000000800d6f0       0x12 Core/Src/main.o
 *fill*         0x000000000800d702        0x2 
 .rodata.__func__.8202
                0x000000000800d704        0x9 Core/Src/misc.o
 *fill*         0x000000000800d70d        0x3 
 .rodata.__func__.9035
                0x000000000800d710       0x17 Core/Src/stm32f1xx_it.o
 *fill*         0x000000000800d727        0x1 
 .rodata.__func__.9039
                0x000000000800d728       0x19 Core/Src/stm32f1xx_it.o
 *fill*         0x000000000800d741        0x3 
 .rodata.AHBPrescTable
                0x000000000800d744       0x10 Core/Src/system_stm32f1xx.o
                0x000000000800d744                AHBPrescTable
 .rodata.APBPrescTable
                0x000000000800d754        0x8 Core/Src/system_stm32f1xx.o
                0x000000000800d754                APBPrescTable
 .rodata._global_impure_ptr
                0x000000000800d75c        0x4 c:/st/stm32cubeide_1.6.0/stm32cubeide/plugins/com.st.stm32cube.ide.mcu.externaltools.gnu-tools-for-stm32.9-2020-q2-update.win32_1.5.0.202011040924/tools/bin/../lib/gcc/arm-none-eabi/9.3.1/../../../../arm-none-eabi/lib/thumb/v7-m/nofp\libc_nano.a(lib_a-impure.o)
                0x000000000800d75c                _global_impure_ptr
 .rodata.__sf_fake_stderr
                0x000000000800d760       0x20 c:/st/stm32cubeide_1.6.0/stm32cubeide/plugins/com.st.stm32cube.ide.mcu.externaltools.gnu-tools-for-stm32.9-2020-q2-update.win32_1.5.0.202011040924/tools/bin/../lib/gcc/arm-none-eabi/9.3.1/../../../../arm-none-eabi/lib/thumb/v7-m/nofp\libc_nano.a(lib_a-findfp.o)
                0x000000000800d760                __sf_fake_stderr
 .rodata.__sf_fake_stdin
                0x000000000800d780       0x20 c:/st/stm32cubeide_1.6.0/stm32cubeide/plugins/com.st.stm32cube.ide.mcu.externaltools.gnu-tools-for-stm32.9-2020-q2-update.win32_1.5.0.202011040924/tools/bin/../lib/gcc/arm-none-eabi/9.3.1/../../../../arm-none-eabi/lib/thumb/v7-m/nofp\libc_nano.a(lib_a-findfp.o)
                0x000000000800d780                __sf_fake_stdin
 .rodata.__sf_fake_stdout
                0x000000000800d7a0       0x20 c:/st/stm32cubeide_1.6.0/stm32cubeide/plugins/com.st.stm32cube.ide.mcu.externaltools.gnu-tools-for-stm32.9-2020-q2-update.win32_1.5.0.202011040924/tools/bin/../lib/gcc/arm-none-eabi/9.3.1/../../../../arm-none-eabi/lib/thumb/v7-m/nofp\libc_nano.a(lib_a-findfp.o)
                0x000000000800d7a0                __sf_fake_stdout
 .rodata._vfprintf_r.str1.1
                0x000000000800d7c0       0x11 c:/st/stm32cubeide_1.6.0/stm32cubeide/plugins/com.st.stm32cube.ide.mcu.externaltools.gnu-tools-for-stm32.9-2020-q2-update.win32_1.5.0.202011040924/tools/bin/../lib/gcc/arm-none-eabi/9.3.1/../../../../arm-none-eabi/lib/thumb/v7-m/nofp\libc_nano.a(lib_a-nano-vfprintf.o)
 .rodata._printf_i.str1.1
                0x000000000800d7d1       0x22 c:/st/stm32cubeide_1.6.0/stm32cubeide/plugins/com.st.stm32cube.ide.mcu.externaltools.gnu-tools-for-stm32.9-2020-q2-update.win32_1.5.0.202011040924/tools/bin/../lib/gcc/arm-none-eabi/9.3.1/../../../../arm-none-eabi/lib/thumb/v7-m/nofp\libc_nano.a(lib_a-nano-vfprintf_i.o)
                0x000000000800d7f4                . = ALIGN (0x4)
 *fill*         0x000000000800d7f3        0x1 

.rel.dyn        0x000000000800d7f4        0x0
 .rel.iplt      0x000000000800d7f4        0x0 c:/st/stm32cubeide_1.6.0/stm32cubeide/plugins/com.st.stm32cube.ide.mcu.externaltools.gnu-tools-for-stm32.9-2020-q2-update.win32_1.5.0.202011040924/tools/bin/../lib/gcc/arm-none-eabi/9.3.1/thumb/v7-m/nofp/crtbegin.o

.ARM.extab      0x000000000800d7f4        0x0
                0x000000000800d7f4                . = ALIGN (0x4)
 *(.ARM.extab* .gnu.linkonce.armextab.*)
                0x000000000800d7f4                . = ALIGN (0x4)

.ARM            0x000000000800d7f4        0x0
                0x000000000800d7f4                . = ALIGN (0x4)
                0x000000000800d7f4                __exidx_start = .
 *(.ARM.exidx*)
                0x000000000800d7f4                __exidx_end = .
                0x000000000800d7f4                . = ALIGN (0x4)

.preinit_array  0x000000000800d7f4        0x0
                0x000000000800d7f4                . = ALIGN (0x4)
                0x000000000800d7f4                PROVIDE (__preinit_array_start = .)
 *(.preinit_array*)
                0x000000000800d7f4                PROVIDE (__preinit_array_end = .)
                0x000000000800d7f4                . = ALIGN (0x4)

.init_array     0x000000000800d7f4        0x4
                0x000000000800d7f4                . = ALIGN (0x4)
                0x000000000800d7f4                PROVIDE (__init_array_start = .)
 *(SORT_BY_NAME(.init_array.*))
 *(.init_array*)
 .init_array    0x000000000800d7f4        0x4 c:/st/stm32cubeide_1.6.0/stm32cubeide/plugins/com.st.stm32cube.ide.mcu.externaltools.gnu-tools-for-stm32.9-2020-q2-update.win32_1.5.0.202011040924/tools/bin/../lib/gcc/arm-none-eabi/9.3.1/thumb/v7-m/nofp/crtbegin.o
                0x000000000800d7f8                PROVIDE (__init_array_end = .)
                0x000000000800d7f8                . = ALIGN (0x4)

.fini_array     0x000000000800d7f8        0x4
                0x000000000800d7f8                . = ALIGN (0x4)
                [!provide]                        PROVIDE (__fini_array_start = .)
 *(SORT_BY_NAME(.fini_array.*))
 *(.fini_array*)
 .fini_array    0x000000000800d7f8        0x4 c:/st/stm32cubeide_1.6.0/stm32cubeide/plugins/com.st.stm32cube.ide.mcu.externaltools.gnu-tools-for-stm32.9-2020-q2-update.win32_1.5.0.202011040924/tools/bin/../lib/gcc/arm-none-eabi/9.3.1/thumb/v7-m/nofp/crtbegin.o
                [!provide]                        PROVIDE (__fini_array_end = .)
                0x000000000800d7fc                . = ALIGN (0x4)
                0x000000000800d7fc                _sidata = LOADADDR (.data)

.data           0x0000000020000000       0x94 load address 0x000000000800d7fc
                0x0000000020000000                . = ALIGN (0x4)
                0x0000000020000000                _sdata = .
 *(.data)
 *(.data*)
 .data.thisNode
                0x0000000020000000        0x4 Core/Src/main.o
                0x0000000020000000                thisNode
 .data.LoraInit
                0x0000000020000004       0x1c Core/Src/main.o
                0x0000000020000004                LoraInit
 .data.SystemCoreClock
                0x0000000020000020        0x4 Core/Src/system_stm32f1xx.o
                0x0000000020000020                SystemCoreClock
 .data.uwTickPrio
                0x0000000020000024        0x4 Drivers/STM32F1xx_HAL_Driver/Src/stm32f1xx_hal.o
                0x0000000020000024                uwTickPrio
 .data.uwTickFreq
                0x0000000020000028        0x1 Drivers/STM32F1xx_HAL_Driver/Src/stm32f1xx_hal.o
                0x0000000020000028                uwTickFreq
 *fill*         0x0000000020000029        0x3 
 .data.uxCriticalNesting
                0x000000002000002c        0x4 Middlewares/Third_Party/FreeRTOS/Source/portable/GCC/ARM_CM3/port.o
 .data._impure_ptr
                0x0000000020000030        0x4 c:/st/stm32cubeide_1.6.0/stm32cubeide/plugins/com.st.stm32cube.ide.mcu.externaltools.gnu-tools-for-stm32.9-2020-q2-update.win32_1.5.0.202011040924/tools/bin/../lib/gcc/arm-none-eabi/9.3.1/../../../../arm-none-eabi/lib/thumb/v7-m/nofp\libc_nano.a(lib_a-impure.o)
                0x0000000020000030                _impure_ptr
 .data.impure_data
                0x0000000020000034       0x60 c:/st/stm32cubeide_1.6.0/stm32cubeide/plugins/com.st.stm32cube.ide.mcu.externaltools.gnu-tools-for-stm32.9-2020-q2-update.win32_1.5.0.202011040924/tools/bin/../lib/gcc/arm-none-eabi/9.3.1/../../../../arm-none-eabi/lib/thumb/v7-m/nofp\libc_nano.a(lib_a-impure.o)
 *(.RamFunc)
 *(.RamFunc*)
                0x0000000020000094                . = ALIGN (0x4)
                0x0000000020000094                _edata = .

.igot.plt       0x0000000020000094        0x0 load address 0x000000000800d890
 .igot.plt      0x0000000020000094        0x0 c:/st/stm32cubeide_1.6.0/stm32cubeide/plugins/com.st.stm32cube.ide.mcu.externaltools.gnu-tools-for-stm32.9-2020-q2-update.win32_1.5.0.202011040924/tools/bin/../lib/gcc/arm-none-eabi/9.3.1/thumb/v7-m/nofp/crtbegin.o
                0x0000000020000094                . = ALIGN (0x4)

.bss            0x0000000020000098     0x3b08 load address 0x000000000800d890
                0x0000000020000098                _sbss = .
                0x0000000020000098                __bss_start__ = _sbss
 *(.bss)
 .bss           0x0000000020000098       0x1c c:/st/stm32cubeide_1.6.0/stm32cubeide/plugins/com.st.stm32cube.ide.mcu.externaltools.gnu-tools-for-stm32.9-2020-q2-update.win32_1.5.0.202011040924/tools/bin/../lib/gcc/arm-none-eabi/9.3.1/thumb/v7-m/nofp/crtbegin.o
 *(.bss*)
 .bss.receivedMsgFromQueue.9499
                0x00000000200000b4        0xa Core/Src/freertos.o
 *fill*         0x00000000200000be        0x2 
 .bss.count.9513
                0x00000000200000c0        0x4 Core/Src/freertos.o
 .bss.__sbrk_heap_end
                0x00000000200000c4        0x4 Core/Src/sysmem.o
 .bss.KernelState
                0x00000000200000c8        0x4 Middlewares/Third_Party/FreeRTOS/Source/CMSIS_RTOS_V2/cmsis_os2.o
 .bss.Idle_TCB  0x00000000200000cc       0x70 Middlewares/Third_Party/FreeRTOS/Source/CMSIS_RTOS_V2/cmsis_os2.o
 .bss.Idle_Stack
                0x000000002000013c      0x100 Middlewares/Third_Party/FreeRTOS/Source/CMSIS_RTOS_V2/cmsis_os2.o
 .bss.Timer_TCB
                0x000000002000023c       0x70 Middlewares/Third_Party/FreeRTOS/Source/CMSIS_RTOS_V2/cmsis_os2.o
 .bss.Timer_Stack
                0x00000000200002ac      0x200 Middlewares/Third_Party/FreeRTOS/Source/CMSIS_RTOS_V2/cmsis_os2.o
 .bss.pxCurrentTCB
                0x00000000200004ac        0x4 Middlewares/Third_Party/FreeRTOS/Source/tasks.o
                0x00000000200004ac                pxCurrentTCB
 .bss.pxReadyTasksLists
                0x00000000200004b0      0x460 Middlewares/Third_Party/FreeRTOS/Source/tasks.o
 .bss.xDelayedTaskList1
                0x0000000020000910       0x14 Middlewares/Third_Party/FreeRTOS/Source/tasks.o
 .bss.xDelayedTaskList2
                0x0000000020000924       0x14 Middlewares/Third_Party/FreeRTOS/Source/tasks.o
 .bss.pxDelayedTaskList
                0x0000000020000938        0x4 Middlewares/Third_Party/FreeRTOS/Source/tasks.o
 .bss.pxOverflowDelayedTaskList
                0x000000002000093c        0x4 Middlewares/Third_Party/FreeRTOS/Source/tasks.o
 .bss.xPendingReadyList
                0x0000000020000940       0x14 Middlewares/Third_Party/FreeRTOS/Source/tasks.o
 .bss.xTasksWaitingTermination
                0x0000000020000954       0x14 Middlewares/Third_Party/FreeRTOS/Source/tasks.o
 .bss.uxDeletedTasksWaitingCleanUp
                0x0000000020000968        0x4 Middlewares/Third_Party/FreeRTOS/Source/tasks.o
 .bss.xSuspendedTaskList
                0x000000002000096c       0x14 Middlewares/Third_Party/FreeRTOS/Source/tasks.o
 .bss.uxCurrentNumberOfTasks
                0x0000000020000980        0x4 Middlewares/Third_Party/FreeRTOS/Source/tasks.o
 .bss.xTickCount
                0x0000000020000984        0x4 Middlewares/Third_Party/FreeRTOS/Source/tasks.o
 .bss.uxTopReadyPriority
                0x0000000020000988        0x4 Middlewares/Third_Party/FreeRTOS/Source/tasks.o
 .bss.xSchedulerRunning
                0x000000002000098c        0x4 Middlewares/Third_Party/FreeRTOS/Source/tasks.o
 .bss.uxPendedTicks
                0x0000000020000990        0x4 Middlewares/Third_Party/FreeRTOS/Source/tasks.o
 .bss.xYieldPending
                0x0000000020000994        0x4 Middlewares/Third_Party/FreeRTOS/Source/tasks.o
 .bss.xNumOfOverflows
                0x0000000020000998        0x4 Middlewares/Third_Party/FreeRTOS/Source/tasks.o
 .bss.uxTaskNumber
                0x000000002000099c        0x4 Middlewares/Third_Party/FreeRTOS/Source/tasks.o
 .bss.xNextTaskUnblockTime
                0x00000000200009a0        0x4 Middlewares/Third_Party/FreeRTOS/Source/tasks.o
 .bss.xIdleTaskHandle
                0x00000000200009a4        0x4 Middlewares/Third_Party/FreeRTOS/Source/tasks.o