Archive member included to satisfy reference by file (symbol)

d:/learningsoftware/stm32cubeide/stm32cubeide/stm32cubeide/plugins/com.st.stm32cube.ide.mcu.externaltools.gnu-tools-for-stm32.9-2020-q2-update.win32_1.5.0.202011040924/tools/bin/../lib/gcc/arm-none-eabi/9.3.1/../../../../arm-none-eabi/lib/thumb/v7-m/nofp\libc_nano.a(lib_a-errno.o)
                              Core/Src/retarget.o (__errno)
d:/learningsoftware/stm32cubeide/stm32cubeide/stm32cubeide/plugins/com.st.stm32cube.ide.mcu.externaltools.gnu-tools-for-stm32.9-2020-q2-update.win32_1.5.0.202011040924/tools/bin/../lib/gcc/arm-none-eabi/9.3.1/../../../../arm-none-eabi/lib/thumb/v7-m/nofp\libc_nano.a(lib_a-exit.o)
                              d:/learningsoftware/stm32cubeide/stm32cubeide/stm32cubeide/plugins/com.st.stm32cube.ide.mcu.externaltools.gnu-tools-for-stm32.9-2020-q2-update.win32_1.5.0.202011040924/tools/bin/../lib/gcc/arm-none-eabi/9.3.1/../../../../arm-none-eabi/lib/thumb/v7-m/nofp/crt0.o (exit)
d:/learningsoftware/stm32cubeide/stm32cubeide/stm32cubeide/plugins/com.st.stm32cube.ide.mcu.externaltools.gnu-tools-for-stm32.9-2020-q2-update.win32_1.5.0.202011040924/tools/bin/../lib/gcc/arm-none-eabi/9.3.1/../../../../arm-none-eabi/lib/thumb/v7-m/nofp\libc_nano.a(lib_a-impure.o)
                              d:/learningsoftware/stm32cubeide/stm32cubeide/stm32cubeide/plugins/com.st.stm32cube.ide.mcu.externaltools.gnu-tools-for-stm32.9-2020-q2-update.win32_1.5.0.202011040924/tools/bin/../lib/gcc/arm-none-eabi/9.3.1/../../../../arm-none-eabi/lib/thumb/v7-m/nofp\libc_nano.a(lib_a-exit.o) (_global_impure_ptr)
d:/learningsoftware/stm32cubeide/stm32cubeide/stm32cubeide/plugins/com.st.stm32cube.ide.mcu.externaltools.gnu-tools-for-stm32.9-2020-q2-update.win32_1.5.0.202011040924/tools/bin/../lib/gcc/arm-none-eabi/9.3.1/../../../../arm-none-eabi/lib/thumb/v7-m/nofp\libc_nano.a(lib_a-init.o)
                              d:/learningsoftware/stm32cubeide/stm32cubeide/stm32cubeide/plugins/com.st.stm32cube.ide.mcu.externaltools.gnu-tools-for-stm32.9-2020-q2-update.win32_1.5.0.202011040924/tools/bin/../lib/gcc/arm-none-eabi/9.3.1/../../../../arm-none-eabi/lib/thumb/v7-m/nofp/crt0.o (__libc_init_array)
d:/learningsoftware/stm32cubeide/stm32cubeide/stm32cubeide/plugins/com.st.stm32cube.ide.mcu.externaltools.gnu-tools-for-stm32.9-2020-q2-update.win32_1.5.0.202011040924/tools/bin/../lib/gcc/arm-none-eabi/9.3.1/../../../../arm-none-eabi/lib/thumb/v7-m/nofp\libc_nano.a(lib_a-memcpy-stub.o)
                              Middlewares/Third_Party/FreeRTOS/Source/CMSIS_RTOS_V2/cmsis_os2.o (memcpy)
d:/learningsoftware/stm32cubeide/stm32cubeide/stm32cubeide/plugins/com.st.stm32cube.ide.mcu.externaltools.gnu-tools-for-stm32.9-2020-q2-update.win32_1.5.0.202011040924/tools/bin/../lib/gcc/arm-none-eabi/9.3.1/../../../../arm-none-eabi/lib/thumb/v7-m/nofp\libc_nano.a(lib_a-memset.o)
                              d:/learningsoftware/stm32cubeide/stm32cubeide/stm32cubeide/plugins/com.st.stm32cube.ide.mcu.externaltools.gnu-tools-for-stm32.9-2020-q2-update.win32_1.5.0.202011040924/tools/bin/../lib/gcc/arm-none-eabi/9.3.1/../../../../arm-none-eabi/lib/thumb/v7-m/nofp/crt0.o (memset)
d:/learningsoftware/stm32cubeide/stm32cubeide/stm32cubeide/plugins/com.st.stm32cube.ide.mcu.externaltools.gnu-tools-for-stm32.9-2020-q2-update.win32_1.5.0.202011040924/tools/bin/../lib/gcc/arm-none-eabi/9.3.1/../../../../arm-none-eabi/lib/thumb/v7-m/nofp\libc_nano.a(lib_a-puts.o)
                              Core/Src/freertos.o (puts)
d:/learningsoftware/stm32cubeide/stm32cubeide/stm32cubeide/plugins/com.st.stm32cube.ide.mcu.externaltools.gnu-tools-for-stm32.9-2020-q2-update.win32_1.5.0.202011040924/tools/bin/../lib/gcc/arm-none-eabi/9.3.1/../../../../arm-none-eabi/lib/thumb/v7-m/nofp\libc_nano.a(lib_a-setvbuf.o)
                              Core/Src/retarget.o (setvbuf)
d:/learningsoftware/stm32cubeide/stm32cubeide/stm32cubeide/plugins/com.st.stm32cube.ide.mcu.externaltools.gnu-tools-for-stm32.9-2020-q2-update.win32_1.5.0.202011040924/tools/bin/../lib/gcc/arm-none-eabi/9.3.1/../../../../arm-none-eabi/lib/thumb/v7-m/nofp\libc_nano.a(lib_a-sprintf.o)
                              Middlewares/Third_Party/FreeRTOS/Source/tasks.o (sprintf)
d:/learningsoftware/stm32cubeide/stm32cubeide/stm32cubeide/plugins/com.st.stm32cube.ide.mcu.externaltools.gnu-tools-for-stm32.9-2020-q2-update.win32_1.5.0.202011040924/tools/bin/../lib/gcc/arm-none-eabi/9.3.1/../../../../arm-none-eabi/lib/thumb/v7-m/nofp\libc_nano.a(lib_a-strcpy.o)
                              Middlewares/Third_Party/FreeRTOS/Source/tasks.o (strcpy)
d:/learningsoftware/stm32cubeide/stm32cubeide/stm32cubeide/plugins/com.st.stm32cube.ide.mcu.externaltools.gnu-tools-for-stm32.9-2020-q2-update.win32_1.5.0.202011040924/tools/bin/../lib/gcc/arm-none-eabi/9.3.1/../../../../arm-none-eabi/lib/thumb/v7-m/nofp\libc_nano.a(lib_a-strlen.o)
                              Middlewares/Third_Party/FreeRTOS/Source/tasks.o (strlen)
[...]
Memory Configuration

Name             Origin             Length             Attributes
RAM              0x0000000020000000 0x0000000000005000 xrw
FLASH            0x0000000008000000 0x0000000000010000 xr
*default*        0x0000000000000000 0xffffffffffffffff

Linker script and memory map

LOAD d:/learningsoftware/stm32cubeide/stm32cubeide/stm32cubeide/plugins/com.st.stm32cube.ide.mcu.externaltools.gnu-tools-for-stm32.9-2020-q2-update.win32_1.5.0.202011040924/tools/bin/../lib/gcc/arm-none-eabi/9.3.1/thumb/v7-m/nofp/crti.o
LOAD d:/learningsoftware/stm32cubeide/stm32cubeide/stm32cubeide/plugins/com.st.stm32cube.ide.mcu.externaltools.gnu-tools-for-stm32.9-2020-q2-update.win32_1.5.0.202011040924/tools/bin/../lib/gcc/arm-none-eabi/9.3.1/thumb/v7-m/nofp/crtbegin.o
LOAD d:/learningsoftware/stm32cubeide/stm32cubeide/stm32cubeide/plugins/com.st.stm32cube.ide.mcu.externaltools.gnu-tools-for-stm32.9-2020-q2-update.win32_1.5.0.202011040924/tools/bin/../lib/gcc/arm-none-eabi/9.3.1/../../../../arm-none-eabi/lib/thumb/v7-m/nofp/crt0.o
LOAD Core/Src/adc.o
LOAD Core/Src/flash.o
LOAD Core/Src/freertos.o
LOAD Core/Src/gpio.o
LOAD Core/Src/light-sensor.o
LOAD Core/Src/lora.o
LOAD Core/Src/main.o
LOAD Core/Src/misc.o
LOAD Core/Src/retarget.o
LOAD Core/Src/spi.o
LOAD Core/Src/stm32f1xx_hal_msp.o
LOAD Core/Src/stm32f1xx_hal_timebase_tim.o
LOAD Core/Src/stm32f1xx_it.o
LOAD Core/Src/stm_log.o
LOAD Core/Src/sysmem.o
LOAD Core/Src/system_stm32f1xx.o
LOAD Core/Src/usart.o
LOAD Core/Startup/startup_stm32f103c8tx.o
LOAD Drivers/STM32F1xx_HAL_Driver/Src/stm32f1xx_hal.o
LOAD Drivers/STM32F1xx_HAL_Driver/Src/stm32f1xx_hal_adc.o
LOAD Drivers/STM32F1xx_HAL_Driver/Src/stm32f1xx_hal_adc_ex.o
LOAD Drivers/STM32F1xx_HAL_Driver/Src/stm32f1xx_hal_cortex.o
LOAD Drivers/STM32F1xx_HAL_Driver/Src/stm32f1xx_hal_dma.o
LOAD Drivers/STM32F1xx_HAL_Driver/Src/stm32f1xx_hal_exti.o
LOAD Drivers/STM32F1xx_HAL_Driver/Src/stm32f1xx_hal_flash.o
LOAD Drivers/STM32F1xx_HAL_Driver/Src/stm32f1xx_hal_flash_ex.o
LOAD Drivers/STM32F1xx_HAL_Driver/Src/stm32f1xx_hal_gpio.o
LOAD Drivers/STM32F1xx_HAL_Driver/Src/stm32f1xx_hal_gpio_ex.o
LOAD Drivers/STM32F1xx_HAL_Driver/Src/stm32f1xx_hal_iwdg.o
LOAD Drivers/STM32F1xx_HAL_Driver/Src/stm32f1xx_hal_pwr.o
LOAD Drivers/STM32F1xx_HAL_Driver/Src/stm32f1xx_hal_rcc.o
LOAD Drivers/STM32F1xx_HAL_Driver/Src/stm32f1xx_hal_rcc_ex.o
LOAD Drivers/STM32F1xx_HAL_Driver/Src/stm32f1xx_hal_spi.o
LOAD Drivers/STM32F1xx_HAL_Driver/Src/stm32f1xx_hal_tim.o
LOAD Drivers/STM32F1xx_HAL_Driver/Src/stm32f1xx_hal_tim_ex.o
LOAD Drivers/STM32F1xx_HAL_Driver/Src/stm32f1xx_hal_uart.o
LOAD Middlewares/Third_Party/FreeRTOS/Source/CMSIS_RTOS_V2/cmsis_os2.o
LOAD Middlewares/Third_Party/FreeRTOS/Source/croutine.o
LOAD Middlewares/Third_Party/FreeRTOS/Source/event_groups.o
LOAD Middlewares/Third_Party/FreeRTOS/Source/list.o
LOAD Middlewares/Third_Party/FreeRTOS/Source/queue.o
LOAD Middlewares/Third_Party/FreeRTOS/Source/stream_buffer.o
LOAD Middlewares/Third_Party/FreeRTOS/Source/tasks.o
LOAD Middlewares/Third_Party/FreeRTOS/Source/timers.o
LOAD Middlewares/Third_Party/FreeRTOS/Source/portable/GCC/ARM_CM3/port.o
LOAD Middlewares/Third_Party/FreeRTOS/Source/portable/MemMang/heap_4.o
START GROUP
LOAD d:/learningsoftware/stm32cubeide/stm32cubeide/stm32cubeide/plugins/com.st.stm32cube.ide.mcu.externaltools.gnu-tools-for-stm32.9-2020-q2-update.win32_1.5.0.202011040924/tools/bin/../lib/gcc/arm-none-eabi/9.3.1/../../../../arm-none-eabi/lib/thumb/v7-m/nofp\libc_nano.a
LOAD d:/learningsoftware/stm32cubeide/stm32cubeide/stm32cubeide/plugins/com.st.stm32cube.ide.mcu.externaltools.gnu-tools-for-stm32.9-2020-q2-update.win32_1.5.0.202011040924/tools/bin/../lib/gcc/arm-none-eabi/9.3.1/../../../../arm-none-eabi/lib/thumb/v7-m/nofp\libm.a
END GROUP
START GROUP
LOAD d:/learningsoftware/stm32cubeide/stm32cubeide/stm32cubeide/plugins/com.st.stm32cube.ide.mcu.externaltools.gnu-tools-for-stm32.9-2020-q2-update.win32_1.5.0.202011040924/tools/bin/../lib/gcc/arm-none-eabi/9.3.1/thumb/v7-m/nofp\libgcc.a
LOAD d:/learningsoftware/stm32cubeide/stm32cubeide/stm32cubeide/plugins/com.st.stm32cube.ide.mcu.externaltools.gnu-tools-for-stm32.9-2020-q2-update.win32_1.5.0.202011040924/tools/bin/../lib/gcc/arm-none-eabi/9.3.1/../../../../arm-none-eabi/lib/thumb/v7-m/nofp\libc_nano.a
END GROUP
START GROUP
LOAD d:/learningsoftware/stm32cubeide/stm32cubeide/stm32cubeide/plugins/com.st.stm32cube.ide.mcu.externaltools.gnu-tools-for-stm32.9-2020-q2-update.win32_1.5.0.202011040924/tools/bin/../lib/gcc/arm-none-eabi/9.3.1/thumb/v7-m/nofp\libgcc.a
LOAD d:/learningsoftware/stm32cubeide/stm32cubeide/stm32cubeide/plugins/com.st.stm32cube.ide.mcu.externaltools.gnu-tools-for-stm32.9-2020-q2-update.win32_1.5.0.202011040924/tools/bin/../lib/gcc/arm-none-eabi/9.3.1/../../../../arm-none-eabi/lib/thumb/v7-m/nofp\libc_nano.a
LOAD d:/learningsoftware/stm32cubeide/stm32cubeide/stm32cubeide/plugins/com.st.stm32cube.ide.mcu.externaltools.gnu-tools-for-stm32.9-2020-q2-update.win32_1.5.0.202011040924/tools/bin/../lib/gcc/arm-none-eabi/9.3.1/../../../../arm-none-eabi/lib/thumb/v7-m/nofp\libnosys.a
END GROUP
START GROUP
LOAD d:/learningsoftware/stm32cubeide/stm32cubeide/stm32cubeide/plugins/com.st.stm32cube.ide.mcu.externaltools.gnu-tools-for-stm32.9-2020-q2-update.win32_1.5.0.202011040924/tools/bin/../lib/gcc/arm-none-eabi/9.3.1/thumb/v7-m/nofp\libgcc.a
LOAD d:/learningsoftware/stm32cubeide/stm32cubeide/stm32cubeide/plugins/com.st.stm32cube.ide.mcu.externaltools.gnu-tools-for-stm32.9-2020-q2-update.win32_1.5.0.202011040924/tools/bin/../lib/gcc/arm-none-eabi/9.3.1/../../../../arm-none-eabi/lib/thumb/v7-m/nofp\libc_nano.a
LOAD d:/learningsoftware/stm32cubeide/stm32cubeide/stm32cubeide/plugins/com.st.stm32cube.ide.mcu.externaltools.gnu-tools-for-stm32.9-2020-q2-update.win32_1.5.0.202011040924/tools/bin/../lib/gcc/arm-none-eabi/9.3.1/../../../../arm-none-eabi/lib/thumb/v7-m/nofp\libnosys.a
END GROUP
LOAD d:/learningsoftware/stm32cubeide/stm32cubeide/stm32cubeide/plugins/com.st.stm32cube.ide.mcu.externaltools.gnu-tools-for-stm32.9-2020-q2-update.win32_1.5.0.202011040924/tools/bin/../lib/gcc/arm-none-eabi/9.3.1/thumb/v7-m/nofp/crtend.o
LOAD d:/learningsoftware/stm32cubeide/stm32cubeide/stm32cubeide/plugins/com.st.stm32cube.ide.mcu.externaltools.gnu-tools-for-stm32.9-2020-q2-update.win32_1.5.0.202011040924/tools/bin/../lib/gcc/arm-none-eabi/9.3.1/thumb/v7-m/nofp/crtn.o
                0x0000000020005000                _estack = (ORIGIN (RAM) + LENGTH (RAM))
                0x0000000000000200                _Min_Heap_Size = 0x200
                0x0000000000000400                _Min_Stack_Size = 0x400

.isr_vector     0x0000000008000000      0x10c
                0x0000000008000000                . = ALIGN (0x4)
 *(.isr_vector)
 .isr_vector    0x0000000008000000      0x10c Core/Startup/startup_stm32f103c8tx.o
                0x0000000008000000                g_pfnVectors
                0x000000000800010c                . = ALIGN (0x4)

.text           0x0000000008000110     0xa728
                0x0000000008000110                . = ALIGN (0x4)
 *(.text)
 .text          0x0000000008000110       0x40 d:/learningsoftware/stm32cubeide/stm32cubeide/stm32cubeide/plugins/com.st.stm32cube.ide.mcu.externaltools.gnu-tools-for-stm32.9-2020-q2-update.win32_1.5.0.202011040924/tools/bin/../lib/gcc/arm-none-eabi/9.3.1/thumb/v7-m/nofp/crtbegin.o
 *(.text*)
 .text.MX_ADC1_Init
                0x0000000008000150       0x7c Core/Src/adc.o
                0x0000000008000150                MX_ADC1_Init
 .text.HAL_ADC_MspInit
                0x00000000080001cc       0x88 Core/Src/adc.o
                0x00000000080001cc                HAL_ADC_MspInit
 .text.configureTimerForRunTimeStats
                0x0000000008000254        0xc Core/Src/freertos.o
                0x0000000008000254                configureTimerForRunTimeStats
 .text.getRunTimeCounterValue
                0x0000000008000260        0xe Core/Src/freertos.o
                0x0000000008000260                getRunTimeCounterValue
 *fill*         0x000000000800026e        0x2 
 .text.MX_FREERTOS_Init
                0x0000000008000270      0x198 Core/Src/freertos.o
                0x0000000008000270                MX_FREERTOS_Init
 .text.entryProducer
                0x0000000008000408      0x1dc Core/Src/freertos.o
                0x0000000008000408                entryProducer
 .text.entryConsumer
                0x00000000080005e4      0x4c0 Core/Src/freertos.o
                0x00000000080005e4                entryConsumer
 .text.entryPeriodic
                0x0000000008000aa4       0x24 Core/Src/freertos.o
                0x0000000008000aa4                entryPeriodic
 .text.MX_GPIO_Init
                0x0000000008000ac8      0x168 Core/Src/gpio.o
                0x0000000008000ac8                MX_GPIO_Init
 .text.vSpi1Write
                0x0000000008000c30       0xd0 Core/Src/lora.o
                0x0000000008000c30                vSpi1Write
 .text.ucSpi1Read
                0x0000000008000d00      0x128 Core/Src/lora.o
                0x0000000008000d00                ucSpi1Read
 .text.vLongRangeModeInit
                0x0000000008000e28       0x54 Core/Src/lora.o
                0x0000000008000e28                vLongRangeModeInit
 .text.vAccessSharedRegInit
                0x0000000008000e7c       0x4e Core/Src/lora.o
                0x0000000008000e7c                vAccessSharedRegInit
 .text.vLowFrequencyModeOnInit
                0x0000000008000eca       0x4e Core/Src/lora.o
                0x0000000008000eca                vLowFrequencyModeOnInit
 .text.vModeInit
                0x0000000008000f18       0xac Core/Src/lora.o
                0x0000000008000f18                vModeInit
 .text.vFrfInit
                0x0000000008000fc4       0x38 Core/Src/lora.o
                0x0000000008000fc4                vFrfInit
 .text.vPaSelectInit
                0x0000000008000ffc       0x4e Core/Src/lora.o
                0x0000000008000ffc                vPaSelectInit
 .text.vOutputPowerInit
                0x000000000800104a       0x40 Core/Src/lora.o
                0x000000000800104a                vOutputPowerInit
 .text.vOcpTrimInit
                0x000000000800108a       0x40 Core/Src/lora.o
                0x000000000800108a                vOcpTrimInit
 .text.vFifoTxBaseAddrInit
                0x00000000080010ca       0x1c Core/Src/lora.o
                0x00000000080010ca                vFifoTxBaseAddrInit
 .text.vFifoRxBaseAddrInit
                0x00000000080010e6       0x1c Core/Src/lora.o
                0x00000000080010e6                vFifoRxBaseAddrInit
 .text.vCodingRateInit
                0x0000000008001102       0x4e Core/Src/lora.o
                0x0000000008001102                vCodingRateInit
 .text.vImplicitHeaderModeOnInit
                0x0000000008001150       0x46 Core/Src/lora.o
                0x0000000008001150                vImplicitHeaderModeOnInit
 .text.vSpreadingFactorInit
                0x0000000008001196       0x4e Core/Src/lora.o
                0x0000000008001196                vSpreadingFactorInit
 .text.vRxPayloadCrcOnInit
                0x00000000080011e4       0x4e Core/Src/lora.o
                0x00000000080011e4                vRxPayloadCrcOnInit
 .text.vPreambleLengthInit
                0x0000000008001232       0x2e Core/Src/lora.o
                0x0000000008001232                vPreambleLengthInit
 .text.vPayloadLengthInit
                0x0000000008001260       0x1c Core/Src/lora.o
                0x0000000008001260                vPayloadLengthInit
 .text.vDetectionOptimizeInit
                0x000000000800127c       0x46 Core/Src/lora.o
                0x000000000800127c                vDetectionOptimizeInit
 .text.vDetectionThresholdInit
                0x00000000080012c2       0x28 Core/Src/lora.o
                0x00000000080012c2                vDetectionThresholdInit
 .text.vTcxoInputOnInit
                0x00000000080012ea       0x4e Core/Src/lora.o
                0x00000000080012ea                vTcxoInputOnInit
 .text.vPaDacInit
                0x0000000008001338       0x46 Core/Src/lora.o
                0x0000000008001338                vPaDacInit
 *fill*         0x000000000800137e        0x2 
 .text.vLoraInit
                0x0000000008001380      0x1c0 Core/Src/lora.o
                0x0000000008001380                vLoraInit
 .text.LoRaTransmit
                0x0000000008001540      0x2a4 Core/Src/lora.o
                0x0000000008001540                LoRaTransmit
 .text.LoRaGetITFlag
                0x00000000080017e4       0xe8 Core/Src/lora.o
                0x00000000080017e4                LoRaGetITFlag
 .text.main     0x00000000080018cc       0x64 Core/Src/main.o
                0x00000000080018cc                main
 .text.SystemClock_Config
                0x0000000008001930       0xb8 Core/Src/main.o
                0x0000000008001930                SystemClock_Config
 .text.HAL_TIM_PeriodElapsedCallback
                0x00000000080019e8       0x24 Core/Src/main.o
                0x00000000080019e8                HAL_TIM_PeriodElapsedCallback
 .text.Error_Handler
                0x0000000008001a0c        0xa Core/Src/main.o
                0x0000000008001a0c                Error_Handler
 .text.assert_failed
                0x0000000008001a16       0x14 Core/Src/main.o
                0x0000000008001a16                assert_failed
 *fill*         0x0000000008001a2a        0x2 
 .text.RetargetInit
                0x0000000008001a2c       0x30 Core/Src/retarget.o
                0x0000000008001a2c                RetargetInit
 .text._isatty  0x0000000008001a5c       0x2c Core/Src/retarget.o
                0x0000000008001a5c                _isatty
 .text._write   0x0000000008001a88       0x58 Core/Src/retarget.o
                0x0000000008001a88                _write
 .text._close   0x0000000008001ae0       0x2e Core/Src/retarget.o
                0x0000000008001ae0                _close
 .text._lseek   0x0000000008001b0e       0x22 Core/Src/retarget.o
                0x0000000008001b0e                _lseek
 .text._read    0x0000000008001b30       0x50 Core/Src/retarget.o
                0x0000000008001b30                _read
 .text._fstat   0x0000000008001b80       0x36 Core/Src/retarget.o
                0x0000000008001b80                _fstat
 *fill*         0x0000000008001bb6        0x2 
 .text.MX_SPI1_Init
                0x0000000008001bb8       0x6c Core/Src/spi.o
                0x0000000008001bb8                MX_SPI1_Init
 .text.HAL_SPI_MspInit
                0x0000000008001c24       0x94 Core/Src/spi.o
                0x0000000008001c24                HAL_SPI_MspInit
 .text.HAL_MspInit
                0x0000000008001cb8       0x70 Core/Src/stm32f1xx_hal_msp.o
                0x0000000008001cb8                HAL_MspInit
 .text.HAL_InitTick
                0x0000000008001d28       0xac Core/Src/stm32f1xx_hal_timebase_tim.o
                0x0000000008001d28                HAL_InitTick
 .text.NMI_Handler
                0x0000000008001dd4        0x6 Core/Src/stm32f1xx_it.o
                0x0000000008001dd4                NMI_Handler
 .text.HardFault_Handler
                0x0000000008001dda        0x6 Core/Src/stm32f1xx_it.o
                0x0000000008001dda                HardFault_Handler
 .text.MemManage_Handler
                0x0000000008001de0        0x6 Core/Src/stm32f1xx_it.o
                0x0000000008001de0                MemManage_Handler
 .text.BusFault_Handler
                0x0000000008001de6        0x6 Core/Src/stm32f1xx_it.o
                0x0000000008001de6                BusFault_Handler
 .text.UsageFault_Handler
                0x0000000008001dec        0x6 Core/Src/stm32f1xx_it.o
                0x0000000008001dec                UsageFault_Handler
 .text.DebugMon_Handler
                0x0000000008001df2        0xc Core/Src/stm32f1xx_it.o
                0x0000000008001df2                DebugMon_Handler
 .text.EXTI3_IRQHandler
                0x0000000008001dfe        0xe Core/Src/stm32f1xx_it.o
                0x0000000008001dfe                EXTI3_IRQHandler
 .text.ADC1_2_IRQHandler
                0x0000000008001e0c       0x14 Core/Src/stm32f1xx_it.o
                0x0000000008001e0c                ADC1_2_IRQHandler
 .text.TIM4_IRQHandler
                0x0000000008001e20       0x14 Core/Src/stm32f1xx_it.o
                0x0000000008001e20                TIM4_IRQHandler
 .text.HAL_GPIO_EXTI_Callback
                0x0000000008001e34       0x60 Core/Src/stm32f1xx_it.o
                0x0000000008001e34                HAL_GPIO_EXTI_Callback
 .text.HAL_ADC_ConvCpltCallback
                0x0000000008001e94       0x60 Core/Src/stm32f1xx_it.o
                0x0000000008001e94                HAL_ADC_ConvCpltCallback
 .text.stm_log_write
                0x0000000008001ef4       0x2a Core/Src/stm_log.o
                0x0000000008001ef4                stm_log_write
 *fill*         0x0000000008001f1e        0x2 
 .text._sbrk    0x0000000008001f20       0x6c Core/Src/sysmem.o
                0x0000000008001f20                _sbrk
 .text.SystemInit
                0x0000000008001f8c        0xc Core/Src/system_stm32f1xx.o
                0x0000000008001f8c                SystemInit
 .text.MX_USART1_UART_Init
                0x0000000008001f98       0x58 Core/Src/usart.o
                0x0000000008001f98                MX_USART1_UART_Init
 .text.HAL_UART_MspInit
                0x0000000008001ff0       0x98 Core/Src/usart.o
                0x0000000008001ff0                HAL_UART_MspInit
 .text.Reset_Handler
                0x0000000008002088       0x48 Core/Startup/startup_stm32f103c8tx.o
                0x0000000008002088                Reset_Handler
 .text.Default_Handler
                0x00000000080020d0        0x2 Core/Startup/startup_stm32f103c8tx.o
                0x00000000080020d0                RTC_Alarm_IRQHandler
                0x00000000080020d0                EXTI2_IRQHandler
                0x00000000080020d0                TIM1_CC_IRQHandler
                0x00000000080020d0                PVD_IRQHandler
                0x00000000080020d0                EXTI0_IRQHandler
                0x00000000080020d0                I2C2_EV_IRQHandler
                0x00000000080020d0                SPI1_IRQHandler
                0x00000000080020d0                TAMPER_IRQHandler
                0x00000000080020d0                DMA1_Channel4_IRQHandler
                0x00000000080020d0                USART3_IRQHandler
                0x00000000080020d0                RTC_IRQHandler
                0x00000000080020d0                DMA1_Channel7_IRQHandler
                0x00000000080020d0                CAN1_RX1_IRQHandler
                0x00000000080020d0                I2C1_EV_IRQHandler
                0x00000000080020d0                DMA1_Channel6_IRQHandler
                0x00000000080020d0                TIM3_IRQHandler
                0x00000000080020d0                RCC_IRQHandler
                0x00000000080020d0                TIM1_TRG_COM_IRQHandler
                0x00000000080020d0                DMA1_Channel1_IRQHandler
                0x00000000080020d0                Default_Handler
                0x00000000080020d0                EXTI15_10_IRQHandler
                0x00000000080020d0                EXTI9_5_IRQHandler
                0x00000000080020d0                SPI2_IRQHandler
                0x00000000080020d0                DMA1_Channel5_IRQHandler
                0x00000000080020d0                EXTI4_IRQHandler
                0x00000000080020d0                USB_LP_CAN1_RX0_IRQHandler
                0x00000000080020d0                USB_HP_CAN1_TX_IRQHandler
                0x00000000080020d0                DMA1_Channel3_IRQHandler
                0x00000000080020d0                TIM1_UP_IRQHandler
                0x00000000080020d0                WWDG_IRQHandler
                0x00000000080020d0                TIM2_IRQHandler
                0x00000000080020d0                TIM1_BRK_IRQHandler
                0x00000000080020d0                EXTI1_IRQHandler
                0x00000000080020d0                USART2_IRQHandler
                0x00000000080020d0                I2C2_ER_IRQHandler
                0x00000000080020d0                DMA1_Channel2_IRQHandler
                0x00000000080020d0                CAN1_SCE_IRQHandler
                0x00000000080020d0                FLASH_IRQHandler
                0x00000000080020d0                USART1_IRQHandler
                0x00000000080020d0                I2C1_ER_IRQHandler
                0x00000000080020d0                USBWakeUp_IRQHandler
 *fill*         0x00000000080020d2        0x2 
 .text.HAL_Init
                0x00000000080020d4       0x2c Drivers/STM32F1xx_HAL_Driver/Src/stm32f1xx_hal.o
                0x00000000080020d4                HAL_Init
 .text.HAL_IncTick
                0x0000000008002100       0x24 Drivers/STM32F1xx_HAL_Driver/Src/stm32f1xx_hal.o
                0x0000000008002100                HAL_IncTick
 .text.HAL_GetTick
                0x0000000008002124       0x14 Drivers/STM32F1xx_HAL_Driver/Src/stm32f1xx_hal.o
                0x0000000008002124                HAL_GetTick
 .text.HAL_Delay
                0x0000000008002138       0x48 Drivers/STM32F1xx_HAL_Driver/Src/stm32f1xx_hal.o
                0x0000000008002138                HAL_Delay
 .text.HAL_ADC_Init
                0x0000000008002180      0x2d4 Drivers/STM32F1xx_HAL_Driver/Src/stm32f1xx_hal_adc.o
                0x0000000008002180                HAL_ADC_Init
 .text.HAL_ADC_Start_IT
                0x0000000008002454      0x190 Drivers/STM32F1xx_HAL_Driver/Src/stm32f1xx_hal_adc.o
                0x0000000008002454                HAL_ADC_Start_IT
 .text.HAL_ADC_GetValue
                0x00000000080025e4       0x40 Drivers/STM32F1xx_HAL_Driver/Src/stm32f1xx_hal_adc.o
                0x00000000080025e4                HAL_ADC_GetValue
 .text.HAL_ADC_IRQHandler
                0x0000000008002624      0x1e4 Drivers/STM32F1xx_HAL_Driver/Src/stm32f1xx_hal_adc.o
                0x0000000008002624                HAL_ADC_IRQHandler
 .text.HAL_ADC_LevelOutOfWindowCallback
                0x0000000008002808       0x12 Drivers/STM32F1xx_HAL_Driver/Src/stm32f1xx_hal_adc.o
                0x0000000008002808                HAL_ADC_LevelOutOfWindowCallback
 *fill*         0x000000000800281a        0x2 
 .text.HAL_ADC_ConfigChannel
                0x000000000800281c      0x388 Drivers/STM32F1xx_HAL_Driver/Src/stm32f1xx_hal_adc.o
                0x000000000800281c                HAL_ADC_ConfigChannel
 .text.ADC_Enable
                0x0000000008002ba4       0xa4 Drivers/STM32F1xx_HAL_Driver/Src/stm32f1xx_hal_adc.o
                0x0000000008002ba4                ADC_Enable
 .text.ADC_ConversionStop_Disable
                0x0000000008002c48       0x74 Drivers/STM32F1xx_HAL_Driver/Src/stm32f1xx_hal_adc.o
                0x0000000008002c48                ADC_ConversionStop_Disable
 .text.HAL_ADCEx_InjectedConvCpltCallback
                0x0000000008002cbc       0x12 Drivers/STM32F1xx_HAL_Driver/Src/stm32f1xx_hal_adc_ex.o
                0x0000000008002cbc                HAL_ADCEx_InjectedConvCpltCallback
 *fill*         0x0000000008002cce        0x2 
 .text.__NVIC_SetPriorityGrouping
                0x0000000008002cd0       0x48 Drivers/STM32F1xx_HAL_Driver/Src/stm32f1xx_hal_cortex.o
 .text.__NVIC_GetPriorityGrouping
                0x0000000008002d18       0x1c Drivers/STM32F1xx_HAL_Driver/Src/stm32f1xx_hal_cortex.o
 .text.__NVIC_EnableIRQ
                0x0000000008002d34       0x38 Drivers/STM32F1xx_HAL_Driver/Src/stm32f1xx_hal_cortex.o
 .text.__NVIC_SetPriority
                0x0000000008002d6c       0x54 Drivers/STM32F1xx_HAL_Driver/Src/stm32f1xx_hal_cortex.o
 .text.NVIC_EncodePriority
                0x0000000008002dc0       0x64 Drivers/STM32F1xx_HAL_Driver/Src/stm32f1xx_hal_cortex.o
 .text.HAL_NVIC_SetPriorityGrouping
                0x0000000008002e24       0x40 Drivers/STM32F1xx_HAL_Driver/Src/stm32f1xx_hal_cortex.o
                0x0000000008002e24                HAL_NVIC_SetPriorityGrouping
 .text.HAL_NVIC_SetPriority
                0x0000000008002e64       0x58 Drivers/STM32F1xx_HAL_Driver/Src/stm32f1xx_hal_cortex.o
                0x0000000008002e64                HAL_NVIC_SetPriority
 .text.HAL_NVIC_EnableIRQ
                0x0000000008002ebc       0x30 Drivers/STM32F1xx_HAL_Driver/Src/stm32f1xx_hal_cortex.o
                0x0000000008002ebc                HAL_NVIC_EnableIRQ
 .text.HAL_GPIO_Init
                0x0000000008002eec      0x4e0 Drivers/STM32F1xx_HAL_Driver/Src/stm32f1xx_hal_gpio.o
                0x0000000008002eec                HAL_GPIO_Init
 .text.HAL_GPIO_WritePin
                0x00000000080033cc       0x64 Drivers/STM32F1xx_HAL_Driver/Src/stm32f1xx_hal_gpio.o
                0x00000000080033cc                HAL_GPIO_WritePin
 .text.HAL_GPIO_TogglePin
                0x0000000008003430       0x50 Drivers/STM32F1xx_HAL_Driver/Src/stm32f1xx_hal_gpio.o
                0x0000000008003430                HAL_GPIO_TogglePin
 .text.HAL_GPIO_EXTI_IRQHandler
                0x0000000008003480       0x30 Drivers/STM32F1xx_HAL_Driver/Src/stm32f1xx_hal_gpio.o
                0x0000000008003480                HAL_GPIO_EXTI_IRQHandler
 .text.HAL_RCC_OscConfig
                0x00000000080034b0      0x6e0 Drivers/STM32F1xx_HAL_Driver/Src/stm32f1xx_hal_rcc.o
                0x00000000080034b0                HAL_RCC_OscConfig
 .text.HAL_RCC_ClockConfig
                0x0000000008003b90      0x320 Drivers/STM32F1xx_HAL_Driver/Src/stm32f1xx_hal_rcc.o
                0x0000000008003b90                HAL_RCC_ClockConfig
 .text.HAL_RCC_GetSysClockFreq
                0x0000000008003eb0       0xc0 Drivers/STM32F1xx_HAL_Driver/Src/stm32f1xx_hal_rcc.o
                0x0000000008003eb0                HAL_RCC_GetSysClockFreq
 .text.HAL_RCC_GetHCLKFreq
                0x0000000008003f70       0x14 Drivers/STM32F1xx_HAL_Driver/Src/stm32f1xx_hal_rcc.o
                0x0000000008003f70                HAL_RCC_GetHCLKFreq
 .text.HAL_RCC_GetPCLK1Freq
                0x0000000008003f84       0x28 Drivers/STM32F1xx_HAL_Driver/Src/stm32f1xx_hal_rcc.o
                0x0000000008003f84                HAL_RCC_GetPCLK1Freq
 .text.HAL_RCC_GetPCLK2Freq
                0x0000000008003fac       0x28 Drivers/STM32F1xx_HAL_Driver/Src/stm32f1xx_hal_rcc.o
                0x0000000008003fac                HAL_RCC_GetPCLK2Freq
 .text.HAL_RCC_GetClockConfig
                0x0000000008003fd4       0x84 Drivers/STM32F1xx_HAL_Driver/Src/stm32f1xx_hal_rcc.o
                0x0000000008003fd4                HAL_RCC_GetClockConfig
 .text.RCC_Delay
                0x0000000008004058       0x3c Drivers/STM32F1xx_HAL_Driver/Src/stm32f1xx_hal_rcc.o
 .text.HAL_RCCEx_PeriphCLKConfig
                0x0000000008004094      0x214 Drivers/STM32F1xx_HAL_Driver/Src/stm32f1xx_hal_rcc_ex.o
                0x0000000008004094                HAL_RCCEx_PeriphCLKConfig
 .text.HAL_SPI_Init
                0x00000000080042a8      0x2fc Drivers/STM32F1xx_HAL_Driver/Src/stm32f1xx_hal_spi.o
                0x00000000080042a8                HAL_SPI_Init
 .text.HAL_SPI_Transmit
                0x00000000080045a4      0x298 Drivers/STM32F1xx_HAL_Driver/Src/stm32f1xx_hal_spi.o
                0x00000000080045a4                HAL_SPI_Transmit
 .text.HAL_SPI_Receive
                0x000000000800483c      0x222 Drivers/STM32F1xx_HAL_Driver/Src/stm32f1xx_hal_spi.o
                0x000000000800483c                HAL_SPI_Receive
 *fill*         0x0000000008004a5e        0x2 
 .text.HAL_SPI_TransmitReceive
                0x0000000008004a60      0x35c Drivers/STM32F1xx_HAL_Driver/Src/stm32f1xx_hal_spi.o
                0x0000000008004a60                HAL_SPI_TransmitReceive
 .text.SPI_WaitFlagStateUntilTimeout
                0x0000000008004dbc      0x110 Drivers/STM32F1xx_HAL_Driver/Src/stm32f1xx_hal_spi.o
 .text.SPI_EndRxTransaction
                0x0000000008004ecc       0xa4 Drivers/STM32F1xx_HAL_Driver/Src/stm32f1xx_hal_spi.o
 .text.SPI_EndRxTxTransaction
                0x0000000008004f70       0x3c Drivers/STM32F1xx_HAL_Driver/Src/stm32f1xx_hal_spi.o
 .text.HAL_TIM_Base_Init
                0x0000000008004fac      0x154 Drivers/STM32F1xx_HAL_Driver/Src/stm32f1xx_hal_tim.o
                0x0000000008004fac                HAL_TIM_Base_Init
 .text.HAL_TIM_Base_MspInit
                0x0000000008005100       0x12 Drivers/STM32F1xx_HAL_Driver/Src/stm32f1xx_hal_tim.o
                0x0000000008005100                HAL_TIM_Base_MspInit
 *fill*         0x0000000008005112        0x2 
 .text.HAL_TIM_Base_Start_IT
                0x0000000008005114       0xd8 Drivers/STM32F1xx_HAL_Driver/Src/stm32f1xx_hal_tim.o
                0x0000000008005114                HAL_TIM_Base_Start_IT
 .text.HAL_TIM_IRQHandler
                0x00000000080051ec      0x210 Drivers/STM32F1xx_HAL_Driver/Src/stm32f1xx_hal_tim.o
                0x00000000080051ec                HAL_TIM_IRQHandler
 .text.HAL_TIM_OC_DelayElapsedCallback
                0x00000000080053fc       0x12 Drivers/STM32F1xx_HAL_Driver/Src/stm32f1xx_hal_tim.o
                0x00000000080053fc                HAL_TIM_OC_DelayElapsedCallback
 .text.HAL_TIM_IC_CaptureCallback
                0x000000000800540e       0x12 Drivers/STM32F1xx_HAL_Driver/Src/stm32f1xx_hal_tim.o
                0x000000000800540e                HAL_TIM_IC_CaptureCallback
 .text.HAL_TIM_PWM_PulseFinishedCallback
                0x0000000008005420       0x12 Drivers/STM32F1xx_HAL_Driver/Src/stm32f1xx_hal_tim.o
                0x0000000008005420                HAL_TIM_PWM_PulseFinishedCallback
 .text.HAL_TIM_TriggerCallback
                0x0000000008005432       0x12 Drivers/STM32F1xx_HAL_Driver/Src/stm32f1xx_hal_tim.o
                0x0000000008005432                HAL_TIM_TriggerCallback
 .text.TIM_Base_SetConfig
                0x0000000008005444       0xc4 Drivers/STM32F1xx_HAL_Driver/Src/stm32f1xx_hal_tim.o
                0x0000000008005444                TIM_Base_SetConfig
 .text.HAL_TIMEx_CommutCallback
                0x0000000008005508       0x12 Drivers/STM32F1xx_HAL_Driver/Src/stm32f1xx_hal_tim_ex.o
                0x0000000008005508                HAL_TIMEx_CommutCallback
 .text.HAL_TIMEx_BreakCallback
                0x000000000800551a       0x12 Drivers/STM32F1xx_HAL_Driver/Src/stm32f1xx_hal_tim_ex.o
                0x000000000800551a                HAL_TIMEx_BreakCallback
 .text.HAL_UART_Init
                0x000000000800552c      0x150 Drivers/STM32F1xx_HAL_Driver/Src/stm32f1xx_hal_uart.o
                0x000000000800552c                HAL_UART_Init
 .text.HAL_UART_Transmit
                0x000000000800567c      0x124 Drivers/STM32F1xx_HAL_Driver/Src/stm32f1xx_hal_uart.o
                0x000000000800567c                HAL_UART_Transmit
 .text.HAL_UART_Receive
                0x00000000080057a0      0x13e Drivers/STM32F1xx_HAL_Driver/Src/stm32f1xx_hal_uart.o
                0x00000000080057a0                HAL_UART_Receive
 .text.UART_WaitOnFlagUntilTimeout
                0x00000000080058de       0x94 Drivers/STM32F1xx_HAL_Driver/Src/stm32f1xx_hal_uart.o
 *fill*         0x0000000008005972        0x2 
 .text.UART_SetConfig
                0x0000000008005974      0x19c Drivers/STM32F1xx_HAL_Driver/Src/stm32f1xx_hal_uart.o
 .text.osKernelInitialize
                0x0000000008005b10       0x64 Middlewares/Third_Party/FreeRTOS/Source/CMSIS_RTOS_V2/cmsis_os2.o
                0x0000000008005b10                osKernelInitialize
 .text.osKernelStart
                0x0000000008005b74       0x68 Middlewares/Third_Party/FreeRTOS/Source/CMSIS_RTOS_V2/cmsis_os2.o
                0x0000000008005b74                osKernelStart
 .text.osThreadNew
                0x0000000008005bdc      0x154 Middlewares/Third_Party/FreeRTOS/Source/CMSIS_RTOS_V2/cmsis_os2.o
                0x0000000008005bdc                osThreadNew
 .text.osDelay  0x0000000008005d30       0x5c Middlewares/Third_Party/FreeRTOS/Source/CMSIS_RTOS_V2/cmsis_os2.o
                0x0000000008005d30                osDelay
 .text.osMutexNew
                0x0000000008005d8c      0x134 Middlewares/Third_Party/FreeRTOS/Source/CMSIS_RTOS_V2/cmsis_os2.o
                0x0000000008005d8c                osMutexNew
 .text.osSemaphoreNew
                0x0000000008005ec0      0x138 Middlewares/Third_Party/FreeRTOS/Source/CMSIS_RTOS_V2/cmsis_os2.o
                0x0000000008005ec0                osSemaphoreNew
 .text.osSemaphoreAcquire
                0x0000000008005ff8       0xcc Middlewares/Third_Party/FreeRTOS/Source/CMSIS_RTOS_V2/cmsis_os2.o
                0x0000000008005ff8                osSemaphoreAcquire
 .text.osSemaphoreRelease
                0x00000000080060c4       0xb0 Middlewares/Third_Party/FreeRTOS/Source/CMSIS_RTOS_V2/cmsis_os2.o
                0x00000000080060c4                osSemaphoreRelease
 .text.osMessageQueueNew
                0x0000000008006174      0x10c Middlewares/Third_Party/FreeRTOS/Source/CMSIS_RTOS_V2/cmsis_os2.o
                0x0000000008006174                osMessageQueueNew
 .text.osMessageQueuePut
                0x0000000008006280       0xe8 Middlewares/Third_Party/FreeRTOS/Source/CMSIS_RTOS_V2/cmsis_os2.o
                0x0000000008006280                osMessageQueuePut
 .text.osMessageQueueGet
                0x0000000008006368       0xe4 Middlewares/Third_Party/FreeRTOS/Source/CMSIS_RTOS_V2/cmsis_os2.o
                0x0000000008006368                osMessageQueueGet
 .text.osMessageQueueGetCount
                0x000000000800644c       0x64 Middlewares/Third_Party/FreeRTOS/Source/CMSIS_RTOS_V2/cmsis_os2.o
                0x000000000800644c                osMessageQueueGetCount
 .text.osMessageQueueGetSpace
                0x00000000080064b0       0x90 Middlewares/Third_Party/FreeRTOS/Source/CMSIS_RTOS_V2/cmsis_os2.o
                0x00000000080064b0                osMessageQueueGetSpace
 .text.vApplicationGetIdleTaskMemory
                0x0000000008006540       0x30 Middlewares/Third_Party/FreeRTOS/Source/CMSIS_RTOS_V2/cmsis_os2.o
                0x0000000008006540                vApplicationGetIdleTaskMemory
 .text.vApplicationGetTimerTaskMemory
                0x0000000008006570       0x30 Middlewares/Third_Party/FreeRTOS/Source/CMSIS_RTOS_V2/cmsis_os2.o
                0x0000000008006570                vApplicationGetTimerTaskMemory
 .text.vListInitialise
                0x00000000080065a0       0x3e Middlewares/Third_Party/FreeRTOS/Source/list.o
                0x00000000080065a0                vListInitialise
 .text.vListInitialiseItem
                0x00000000080065de       0x18 Middlewares/Third_Party/FreeRTOS/Source/list.o
                0x00000000080065de                vListInitialiseItem
 .text.vListInsertEnd
                0x00000000080065f6       0x46 Middlewares/Third_Party/FreeRTOS/Source/list.o
                0x00000000080065f6                vListInsertEnd
 .text.vListInsert
                0x000000000800663c       0x70 Middlewares/Third_Party/FreeRTOS/Source/list.o
                0x000000000800663c                vListInsert
 .text.uxListRemove
                0x00000000080066ac       0x52 Middlewares/Third_Party/FreeRTOS/Source/list.o
                0x00000000080066ac                uxListRemove
 *fill*         0x00000000080066fe        0x2 
 .text.xQueueGenericReset
                0x0000000008006700       0xd0 Middlewares/Third_Party/FreeRTOS/Source/queue.o
                0x0000000008006700                xQueueGenericReset
 .text.xQueueGenericCreateStatic
                0x00000000080067d0       0xee Middlewares/Third_Party/FreeRTOS/Source/queue.o
                0x00000000080067d0                xQueueGenericCreateStatic
 .text.xQueueGenericCreate
                0x00000000080068be       0x7c Middlewares/Third_Party/FreeRTOS/Source/queue.o
                0x00000000080068be                xQueueGenericCreate
 .text.prvInitialiseNewQueue
                0x000000000800693a       0x46 Middlewares/Third_Party/FreeRTOS/Source/queue.o
 .text.prvInitialiseMutex
                0x0000000008006980       0x34 Middlewares/Third_Party/FreeRTOS/Source/queue.o
 .text.xQueueCreateMutex
                0x00000000080069b4       0x30 Middlewares/Third_Party/FreeRTOS/Source/queue.o
                0x00000000080069b4                xQueueCreateMutex
 .text.xQueueCreateMutexStatic
                0x00000000080069e4       0x36 Middlewares/Third_Party/FreeRTOS/Source/queue.o
                0x00000000080069e4                xQueueCreateMutexStatic
 .text.xQueueCreateCountingSemaphoreStatic
                0x0000000008006a1a       0x6e Middlewares/Third_Party/FreeRTOS/Source/queue.o
                0x0000000008006a1a                xQueueCreateCountingSemaphoreStatic
 .text.xQueueCreateCountingSemaphore
                0x0000000008006a88       0x66 Middlewares/Third_Party/FreeRTOS/Source/queue.o
                0x0000000008006a88                xQueueCreateCountingSemaphore
 *fill*         0x0000000008006aee        0x2 
 .text.xQueueGenericSend
                0x0000000008006af0      0x1fc Middlewares/Third_Party/FreeRTOS/Source/queue.o
                0x0000000008006af0                xQueueGenericSend
 .text.xQueueGenericSendFromISR
                0x0000000008006cec      0x130 Middlewares/Third_Party/FreeRTOS/Source/queue.o
                0x0000000008006cec                xQueueGenericSendFromISR
 .text.xQueueGiveFromISR
                0x0000000008006e1c      0x11a Middlewares/Third_Party/FreeRTOS/Source/queue.o
                0x0000000008006e1c                xQueueGiveFromISR
 *fill*         0x0000000008006f36        0x2 
 .text.xQueueReceive
                0x0000000008006f38      0x1c0 Middlewares/Third_Party/FreeRTOS/Source/queue.o
                0x0000000008006f38                xQueueReceive
 .text.xQueueSemaphoreTake
                0x00000000080070f8      0x218 Middlewares/Third_Party/FreeRTOS/Source/queue.o
                0x00000000080070f8                xQueueSemaphoreTake
 .text.xQueueReceiveFromISR
                0x0000000008007310      0x100 Middlewares/Third_Party/FreeRTOS/Source/queue.o
                0x0000000008007310                xQueueReceiveFromISR
 .text.uxQueueMessagesWaiting
                0x0000000008007410       0x3c Middlewares/Third_Party/FreeRTOS/Source/queue.o
                0x0000000008007410                uxQueueMessagesWaiting
 .text.uxQueueSpacesAvailable
                0x000000000800744c       0x46 Middlewares/Third_Party/FreeRTOS/Source/queue.o
                0x000000000800744c                uxQueueSpacesAvailable
 .text.uxQueueMessagesWaitingFromISR
                0x0000000008007492       0x36 Middlewares/Third_Party/FreeRTOS/Source/queue.o
                0x0000000008007492                uxQueueMessagesWaitingFromISR
 .text.vQueueDelete
                0x00000000080074c8       0x46 Middlewares/Third_Party/FreeRTOS/Source/queue.o
                0x00000000080074c8                vQueueDelete
 .text.prvGetDisinheritPriorityAfterTimeout
                0x000000000800750e       0x2e Middlewares/Third_Party/FreeRTOS/Source/queue.o
 .text.prvCopyDataToQueue
                0x000000000800753c       0xd4 Middlewares/Third_Party/FreeRTOS/Source/queue.o
 .text.prvCopyDataFromQueue
                0x0000000008007610       0x4c Middlewares/Third_Party/FreeRTOS/Source/queue.o
 .text.prvUnlockQueue
                0x000000000800765c       0xa4 Middlewares/Third_Party/FreeRTOS/Source/queue.o
 .text.prvIsQueueEmpty
                0x0000000008007700       0x2c Middlewares/Third_Party/FreeRTOS/Source/queue.o
 .text.prvIsQueueFull
                0x000000000800772c       0x30 Middlewares/Third_Party/FreeRTOS/Source/queue.o
 .text.vQueueAddToRegistry
                0x000000000800775c       0x50 Middlewares/Third_Party/FreeRTOS/Source/queue.o
                0x000000000800775c                vQueueAddToRegistry
 .text.vQueueUnregisterQueue
                0x00000000080077ac       0x54 Middlewares/Third_Party/FreeRTOS/Source/queue.o
                0x00000000080077ac                vQueueUnregisterQueue
 .text.vQueueWaitForMessageRestricted
                0x0000000008007800       0x68 Middlewares/Third_Party/FreeRTOS/Source/queue.o
                0x0000000008007800                vQueueWaitForMessageRestricted
 .text.xTaskCreateStatic
                0x0000000008007868       0xb8 Middlewares/Third_Party/FreeRTOS/Source/tasks.o
                0x0000000008007868                xTaskCreateStatic
 .text.xTaskCreate
                0x0000000008007920       0x8a Middlewares/Third_Party/FreeRTOS/Source/tasks.o
                0x0000000008007920                xTaskCreate
 .text.prvInitialiseNewTask
                0x00000000080079aa      0x114 Middlewares/Third_Party/FreeRTOS/Source/tasks.o
 *fill*         0x0000000008007abe        0x2 
 .text.prvAddNewTaskToReadyList
                0x0000000008007ac0       0xe0 Middlewares/Third_Party/FreeRTOS/Source/tasks.o
 .text.vTaskDelay
                0x0000000008007ba0       0x68 Middlewares/Third_Party/FreeRTOS/Source/tasks.o
                0x0000000008007ba0                vTaskDelay
 .text.vTaskStartScheduler
                0x0000000008007c08       0xd0 Middlewares/Third_Party/FreeRTOS/Source/tasks.o
                0x0000000008007c08                vTaskStartScheduler
 .text.vTaskSuspendAll
                0x0000000008007cd8       0x1c Middlewares/Third_Party/FreeRTOS/Source/tasks.o
                0x0000000008007cd8                vTaskSuspendAll
 .text.xTaskResumeAll
                0x0000000008007cf4      0x13c Middlewares/Third_Party/FreeRTOS/Source/tasks.o
                0x0000000008007cf4                xTaskResumeAll
 .text.xTaskGetTickCount
                0x0000000008007e30       0x1c Middlewares/Third_Party/FreeRTOS/Source/tasks.o
                0x0000000008007e30                xTaskGetTickCount
 .text.xTaskIncrementTick
                0x0000000008007e4c      0x17c Middlewares/Third_Party/FreeRTOS/Source/tasks.o
                0x0000000008007e4c                xTaskIncrementTick
 .text.vTaskSwitchContext
                0x0000000008007fc8       0xf0 Middlewares/Third_Party/FreeRTOS/Source/tasks.o
                0x0000000008007fc8                vTaskSwitchContext
 .text.vTaskPlaceOnEventList
                0x00000000080080b8       0x48 Middlewares/Third_Party/FreeRTOS/Source/tasks.o
                0x00000000080080b8                vTaskPlaceOnEventList
 .text.vTaskPlaceOnEventListRestricted
                0x0000000008008100       0x58 Middlewares/Third_Party/FreeRTOS/Source/tasks.o
                0x0000000008008100                vTaskPlaceOnEventListRestricted
 .text.xTaskRemoveFromEventList
                0x0000000008008158       0xc8 Middlewares/Third_Party/FreeRTOS/Source/tasks.o
                0x0000000008008158                xTaskRemoveFromEventList
 .text.vTaskInternalSetTimeOutState
                0x0000000008008220       0x2c Middlewares/Third_Party/FreeRTOS/Source/tasks.o
                0x0000000008008220                vTaskInternalSetTimeOutState
 .text.xTaskCheckForTimeOut
                0x000000000800824c       0xc4 Middlewares/Third_Party/FreeRTOS/Source/tasks.o
                0x000000000800824c                xTaskCheckForTimeOut
 .text.vTaskMissedYield
                0x0000000008008310       0x18 Middlewares/Third_Party/FreeRTOS/Source/tasks.o
                0x0000000008008310                vTaskMissedYield
 .text.prvIdleTask
                0x0000000008008328       0x30 Middlewares/Third_Party/FreeRTOS/Source/tasks.o
 .text.prvInitialiseTaskLists
                0x0000000008008358       0x80 Middlewares/Third_Party/FreeRTOS/Source/tasks.o
 .text.prvCheckTasksWaitingTermination
                0x00000000080083d8       0x5c Middlewares/Third_Party/FreeRTOS/Source/tasks.o
 .text.prvDeleteTCB
                0x0000000008008434       0x5e Middlewares/Third_Party/FreeRTOS/Source/tasks.o
 *fill*         0x0000000008008492        0x2 
 .text.prvResetNextTaskUnblockTime
                0x0000000008008494       0x48 Middlewares/Third_Party/FreeRTOS/Source/tasks.o
 .text.xTaskGetSchedulerState
                0x00000000080084dc       0x3c Middlewares/Third_Party/FreeRTOS/Source/tasks.o
                0x00000000080084dc                xTaskGetSchedulerState
 .text.xTaskPriorityInherit
                0x0000000008008518       0xdc Middlewares/Third_Party/FreeRTOS/Source/tasks.o
                0x0000000008008518                xTaskPriorityInherit
 .text.xTaskPriorityDisinherit
                0x00000000080085f4       0xdc Middlewares/Third_Party/FreeRTOS/Source/tasks.o
                0x00000000080085f4                xTaskPriorityDisinherit
 .text.vTaskPriorityDisinheritAfterTimeout
                0x00000000080086d0      0x10c Middlewares/Third_Party/FreeRTOS/Source/tasks.o
                0x00000000080086d0                vTaskPriorityDisinheritAfterTimeout
 .text.pvTaskIncrementMutexHeldCount
                0x00000000080087dc       0x28 Middlewares/Third_Party/FreeRTOS/Source/tasks.o
                0x00000000080087dc                pvTaskIncrementMutexHeldCount
 .text.prvAddCurrentTaskToDelayedList
                0x0000000008008804       0xa8 Middlewares/Third_Party/FreeRTOS/Source/tasks.o
 .text.xTimerCreateTimerTask
                0x00000000080088ac       0x90 Middlewares/Third_Party/FreeRTOS/Source/timers.o
                0x00000000080088ac                xTimerCreateTimerTask
 .text.xTimerGenericCommand
                0x000000000800893c       0x9c Middlewares/Third_Party/FreeRTOS/Source/timers.o
                0x000000000800893c                xTimerGenericCommand
 .text.prvProcessExpiredTimer
                0x00000000080089d8       0x80 Middlewares/Third_Party/FreeRTOS/Source/timers.o
 .text.prvTimerTask
                0x0000000008008a58       0x24 Middlewares/Third_Party/FreeRTOS/Source/timers.o
 .text.prvProcessTimerOrBlockTask
                0x0000000008008a7c       0x9c Middlewares/Third_Party/FreeRTOS/Source/timers.o
 .text.prvGetNextExpireTime
                0x0000000008008b18       0x48 Middlewares/Third_Party/FreeRTOS/Source/timers.o
 .text.prvSampleTimeNow
                0x0000000008008b60       0x40 Middlewares/Third_Party/FreeRTOS/Source/timers.o
 .text.prvInsertTimerInActiveList
                0x0000000008008ba0       0x84 Middlewares/Third_Party/FreeRTOS/Source/timers.o
 .text.prvProcessReceivedCommands
                0x0000000008008c24      0x168 Middlewares/Third_Party/FreeRTOS/Source/timers.o
 .text.prvSwitchTimerLists
                0x0000000008008d8c       0xc4 Middlewares/Third_Party/FreeRTOS/Source/timers.o
 .text.prvCheckForValidListAndQueue
                0x0000000008008e50       0x80 Middlewares/Third_Party/FreeRTOS/Source/timers.o
 .text.pxPortInitialiseStack
                0x0000000008008ed0       0x58 Middlewares/Third_Party/FreeRTOS/Source/portable/GCC/ARM_CM3/port.o
                0x0000000008008ed0                pxPortInitialiseStack
 .text.prvTaskExitError
                0x0000000008008f28       0x58 Middlewares/Third_Party/FreeRTOS/Source/portable/GCC/ARM_CM3/port.o
 .text.SVC_Handler
                0x0000000008008f80       0x28 Middlewares/Third_Party/FreeRTOS/Source/portable/GCC/ARM_CM3/port.o
                0x0000000008008f80                SVC_Handler
 .text.prvPortStartFirstTask
                0x0000000008008fa8       0x20 Middlewares/Third_Party/FreeRTOS/Source/portable/GCC/ARM_CM3/port.o
 .text.xPortStartScheduler
                0x0000000008008fc8       0xe4 Middlewares/Third_Party/FreeRTOS/Source/portable/GCC/ARM_CM3/port.o
                0x0000000008008fc8                xPortStartScheduler
 .text.vPortEnterCritical
                0x00000000080090ac       0x60 Middlewares/Third_Party/FreeRTOS/Source/portable/GCC/ARM_CM3/port.o
                0x00000000080090ac                vPortEnterCritical
 .text.vPortExitCritical
                0x000000000800910c       0x50 Middlewares/Third_Party/FreeRTOS/Source/portable/GCC/ARM_CM3/port.o
                0x000000000800910c                vPortExitCritical
 *fill*         0x000000000800915c        0x4 
 .text.PendSV_Handler
                0x0000000008009160       0x48 Middlewares/Third_Party/FreeRTOS/Source/portable/GCC/ARM_CM3/port.o
                0x0000000008009160                PendSV_Handler
 .text.SysTick_Handler
                0x00000000080091a8       0x44 Middlewares/Third_Party/FreeRTOS/Source/portable/GCC/ARM_CM3/port.o
                0x00000000080091a8                SysTick_Handler
 .text.vPortSetupTimerInterrupt
                0x00000000080091ec       0x44 Middlewares/Third_Party/FreeRTOS/Source/portable/GCC/ARM_CM3/port.o
                0x00000000080091ec                vPortSetupTimerInterrupt
 .text.vPortValidateInterruptPriority
                0x0000000008009230       0x7c Middlewares/Third_Party/FreeRTOS/Source/portable/GCC/ARM_CM3/port.o
                0x0000000008009230                vPortValidateInterruptPriority
 .text.pvPortMalloc
                0x00000000080092ac      0x188 Middlewares/Third_Party/FreeRTOS/Source/portable/MemMang/heap_4.o
                0x00000000080092ac                pvPortMalloc
 .text.vPortFree
                0x0000000008009434       0xb4 Middlewares/Third_Party/FreeRTOS/Source/portable/MemMang/heap_4.o
                0x0000000008009434                vPortFree
 .text.prvHeapInit
                0x00000000080094e8       0xc4 Middlewares/Third_Party/FreeRTOS/Source/portable/MemMang/heap_4.o
 .text.prvInsertBlockIntoFreeList
                0x00000000080095ac       0xb0 Middlewares/Third_Party/FreeRTOS/Source/portable/MemMang/heap_4.o
 .text.__errno  0x000000000800965c        0xc d:/learningsoftware/stm32cubeide/stm32cubeide/stm32cubeide/plugins/com.st.stm32cube.ide.mcu.externaltools.gnu-tools-for-stm32.9-2020-q2-update.win32_1.5.0.202011040924/tools/bin/../lib/gcc/arm-none-eabi/9.3.1/../../../../arm-none-eabi/lib/thumb/v7-m/nofp\libc_nano.a(lib_a-errno.o)
                0x000000000800965c                __errno
 .text.__libc_init_array
                0x0000000008009668       0x48 d:/learningsoftware/stm32cubeide/stm32cubeide/stm32cubeide/plugins/com.st.stm32cube.ide.mcu.externaltools.gnu-tools-for-stm32.9-2020-q2-update.win32_1.5.0.202011040924/tools/bin/../lib/gcc/arm-none-eabi/9.3.1/../../../../arm-none-eabi/lib/thumb/v7-m/nofp\libc_nano.a(lib_a-init.o)
                0x0000000008009668                __libc_init_array
 .text.memcpy   0x00000000080096b0       0x1c d:/learningsoftware/stm32cubeide/stm32cubeide/stm32cubeide/plugins/com.st.stm32cube.ide.mcu.externaltools.gnu-tools-for-stm32.9-2020-q2-update.win32_1.5.0.202011040924/tools/bin/../lib/gcc/arm-none-eabi/9.3.1/../../../../arm-none-eabi/lib/thumb/v7-m/nofp\libc_nano.a(lib_a-memcpy-stub.o)
                0x00000000080096b0                memcpy
 .text.memset   0x00000000080096cc       0x10 d:/learningsoftware/stm32cubeide/stm32cubeide/stm32cubeide/plugins/com.st.stm32cube.ide.mcu.externaltools.gnu-tools-for-stm32.9-2020-q2-update.win32_1.5.0.202011040924/tools/bin/../lib/gcc/arm-none-eabi/9.3.1/../../../../arm-none-eabi/lib/thumb/v7-m/nofp\libc_nano.a(lib_a-memset.o)
                0x00000000080096cc                memset
 .text._puts_r  0x00000000080096dc       0xdc d:/learningsoftware/stm32cubeide/stm32cubeide/stm32cubeide/plugins/com.st.stm32cube.ide.mcu.externaltools.gnu-tools-for-stm32.9-2020-q2-update.win32_1.5.0.202011040924/tools/bin/../lib/gcc/arm-none-eabi/9.3.1/../../../../arm-none-eabi/lib/thumb/v7-m/nofp\libc_nano.a(lib_a-puts.o)
                0x00000000080096dc                _puts_r
 .text.puts     0x00000000080097b8       0x10 d:/learningsoftware/stm32cubeide/stm32cubeide/stm32cubeide/plugins/com.st.stm32cube.ide.mcu.externaltools.gnu-tools-for-stm32.9-2020-q2-update.win32_1.5.0.202011040924/tools/bin/../lib/gcc/arm-none-eabi/9.3.1/../../../../arm-none-eabi/lib/thumb/v7-m/nofp\libc_nano.a(lib_a-puts.o)
                0x00000000080097b8                puts
 .text.setvbuf  0x00000000080097c8      0x18c d:/learningsoftware/stm32cubeide/stm32cubeide/stm32cubeide/plugins/com.st.stm32cube.ide.mcu.externaltools.gnu-tools-for-stm32.9-2020-q2-update.win32_1.5.0.202011040924/tools/bin/../lib/gcc/arm-none-eabi/9.3.1/../../../../arm-none-eabi/lib/thumb/v7-m/nofp\libc_nano.a(lib_a-setvbuf.o)
                0x00000000080097c8                setvbuf
 .text.vprintf  0x0000000008009954       0x2c d:/learningsoftware/stm32cubeide/stm32cubeide/stm32cubeide/plugins/com.st.stm32cube.ide.mcu.externaltools.gnu-tools-for-stm32.9-2020-q2-update.win32_1.5.0.202011040924/tools/bin/../lib/gcc/arm-none-eabi/9.3.1/../../../../arm-none-eabi/lib/thumb/v7-m/nofp\libc_nano.a(lib_a-vprintf.o)
                0x0000000008009954                viprintf
                0x0000000008009954                vprintf
 .text.__swbuf_r
                0x0000000008009980       0xa4 d:/learningsoftware/stm32cubeide/stm32cubeide/stm32cubeide/plugins/com.st.stm32cube.ide.mcu.externaltools.gnu-tools-for-stm32.9-2020-q2-update.win32_1.5.0.202011040924/tools/bin/../lib/gcc/arm-none-eabi/9.3.1/../../../../arm-none-eabi/lib/thumb/v7-m/nofp\libc_nano.a(lib_a-wbuf.o)
                0x0000000008009980                __swbuf_r
 .text.__swsetup_r
                0x0000000008009a24       0xdc d:/learningsoftware/stm32cubeide/stm32cubeide/stm32cubeide/plugins/com.st.stm32cube.ide.mcu.externaltools.gnu-tools-for-stm32.9-2020-q2-update.win32_1.5.0.202011040924/tools/bin/../lib/gcc/arm-none-eabi/9.3.1/../../../../arm-none-eabi/lib/thumb/v7-m/nofp\libc_nano.a(lib_a-wsetup.o)
                0x0000000008009a24                __swsetup_r
 .text.__sflush_r
                0x0000000008009b00      0x10c d:/learningsoftware/stm32cubeide/stm32cubeide/stm32cubeide/plugins/com.st.stm32cube.ide.mcu.externaltools.gnu-tools-for-stm32.9-2020-q2-update.win32_1.5.0.202011040924/tools/bin/../lib/gcc/arm-none-eabi/9.3.1/../../../../arm-none-eabi/lib/thumb/v7-m/nofp\libc_nano.a(lib_a-fflush.o)
                0x0000000008009b00                __sflush_r
 .text._fflush_r
                0x0000000008009c0c       0x78 d:/learningsoftware/stm32cubeide/stm32cubeide/stm32cubeide/plugins/com.st.stm32cube.ide.mcu.externaltools.gnu-tools-for-stm32.9-2020-q2-update.win32_1.5.0.202011040924/tools/bin/../lib/gcc/arm-none-eabi/9.3.1/../../../../arm-none-eabi/lib/thumb/v7-m/nofp\libc_nano.a(lib_a-fflush.o)
                0x0000000008009c0c                _fflush_r
 .text.std      0x0000000008009c84       0x48 d:/learningsoftware/stm32cubeide/stm32cubeide/stm32cubeide/plugins/com.st.stm32cube.ide.mcu.externaltools.gnu-tools-for-stm32.9-2020-q2-update.win32_1.5.0.202011040924/tools/bin/../lib/gcc/arm-none-eabi/9.3.1/../../../../arm-none-eabi/lib/thumb/v7-m/nofp\libc_nano.a(lib_a-findfp.o)
 .text._cleanup_r
                0x0000000008009ccc        0xc d:/learningsoftware/stm32cubeide/stm32cubeide/stm32cubeide/plugins/com.st.stm32cube.ide.mcu.externaltools.gnu-tools-for-stm32.9-2020-q2-update.win32_1.5.0.202011040924/tools/bin/../lib/gcc/arm-none-eabi/9.3.1/../../../../arm-none-eabi/lib/thumb/v7-m/nofp\libc_nano.a(lib_a-findfp.o)
                0x0000000008009ccc                _cleanup_r
 .text.__sfmoreglue
                0x0000000008009cd8       0x2c d:/learningsoftware/stm32cubeide/stm32cubeide/stm32cubeide/plugins/com.st.stm32cube.ide.mcu.externaltools.gnu-tools-for-stm32.9-2020-q2-update.win32_1.5.0.202011040924/tools/bin/../lib/gcc/arm-none-eabi/9.3.1/../../../../arm-none-eabi/lib/thumb/v7-m/nofp\libc_nano.a(lib_a-findfp.o)
                0x0000000008009cd8                __sfmoreglue
 .text.__sfp_lock_acquire
                0x0000000008009d04        0xc d:/learningsoftware/stm32cubeide/stm32cubeide/stm32cubeide/plugins/com.st.stm32cube.ide.mcu.externaltools.gnu-tools-for-stm32.9-2020-q2-update.win32_1.5.0.202011040924/tools/bin/../lib/gcc/arm-none-eabi/9.3.1/../../../../arm-none-eabi/lib/thumb/v7-m/nofp\libc_nano.a(lib_a-findfp.o)
                0x0000000008009d04                __sfp_lock_acquire
 .text.__sfp_lock_release
                0x0000000008009d10        0xc d:/learningsoftware/stm32cubeide/stm32cubeide/stm32cubeide/plugins/com.st.stm32cube.ide.mcu.externaltools.gnu-tools-for-stm32.9-2020-q2-update.win32_1.5.0.202011040924/tools/bin/../lib/gcc/arm-none-eabi/9.3.1/../../../../arm-none-eabi/lib/thumb/v7-m/nofp\libc_nano.a(lib_a-findfp.o)
                0x0000000008009d10                __sfp_lock_release
 .text.__sinit_lock_acquire
                0x0000000008009d1c        0xc d:/learningsoftware/stm32cubeide/stm32cubeide/stm32cubeide/plugins/com.st.stm32cube.ide.mcu.externaltools.gnu-tools-for-stm32.9-2020-q2-update.win32_1.5.0.202011040924/tools/bin/../lib/gcc/arm-none-eabi/9.3.1/../../../../arm-none-eabi/lib/thumb/v7-m/nofp\libc_nano.a(lib_a-findfp.o)
                0x0000000008009d1c                __sinit_lock_acquire
 .text.__sinit_lock_release
                0x0000000008009d28        0xc d:/learningsoftware/stm32cubeide/stm32cubeide/stm32cubeide/plugins/com.st.stm32cube.ide.mcu.externaltools.gnu-tools-for-stm32.9-2020-q2-update.win32_1.5.0.202011040924/tools/bin/../lib/gcc/arm-none-eabi/9.3.1/../../../../arm-none-eabi/lib/thumb/v7-m/nofp\libc_nano.a(lib_a-findfp.o)
                0x0000000008009d28                __sinit_lock_release
 .text.__sinit  0x0000000008009d34       0x70 d:/learningsoftware/stm32cubeide/stm32cubeide/stm32cubeide/plugins/com.st.stm32cube.ide.mcu.externaltools.gnu-tools-for-stm32.9-2020-q2-update.win32_1.5.0.202011040924/tools/bin/../lib/gcc/arm-none-eabi/9.3.1/../../../../arm-none-eabi/lib/thumb/v7-m/nofp\libc_nano.a(lib_a-findfp.o)
                0x0000000008009d34                __sinit
 .text.__sfp    0x0000000008009da4       0x8c d:/learningsoftware/stm32cubeide/stm32cubeide/stm32cubeide/plugins/com.st.stm32cube.ide.mcu.externaltools.gnu-tools-for-stm32.9-2020-q2-update.win32_1.5.0.202011040924/tools/bin/../lib/gcc/arm-none-eabi/9.3.1/../../../../arm-none-eabi/lib/thumb/v7-m/nofp\libc_nano.a(lib_a-findfp.o)
                0x0000000008009da4                __sfp
 .text._fwalk_reent
                0x0000000008009e30       0x3e d:/learningsoftware/stm32cubeide/stm32cubeide/stm32cubeide/plugins/com.st.stm32cube.ide.mcu.externaltools.gnu-tools-for-stm32.9-2020-q2-update.win32_1.5.0.202011040924/tools/bin/../lib/gcc/arm-none-eabi/9.3.1/../../../../arm-none-eabi/lib/thumb/v7-m/nofp\libc_nano.a(lib_a-fwalk.o)
                0x0000000008009e30                _fwalk_reent
 .text.__retarget_lock_init_recursive
                0x0000000008009e6e        0x2 d:/learningsoftware/stm32cubeide/stm32cubeide/stm32cubeide/plugins/com.st.stm32cube.ide.mcu.externaltools.gnu-tools-for-stm32.9-2020-q2-update.win32_1.5.0.202011040924/tools/bin/../lib/gcc/arm-none-eabi/9.3.1/../../../../arm-none-eabi/lib/thumb/v7-m/nofp\libc_nano.a(lib_a-lock.o)
                0x0000000008009e6e                __retarget_lock_init_recursive
 .text.__retarget_lock_acquire_recursive
                0x0000000008009e70        0x2 d:/learningsoftware/stm32cubeide/stm32cubeide/stm32cubeide/plugins/com.st.stm32cube.ide.mcu.externaltools.gnu-tools-for-stm32.9-2020-q2-update.win32_1.5.0.202011040924/tools/bin/../lib/gcc/arm-none-eabi/9.3.1/../../../../arm-none-eabi/lib/thumb/v7-m/nofp\libc_nano.a(lib_a-lock.o)
                0x0000000008009e70                __retarget_lock_acquire_recursive
 .text.__retarget_lock_release_recursive
                0x0000000008009e72        0x2 d:/learningsoftware/stm32cubeide/stm32cubeide/stm32cubeide/plugins/com.st.stm32cube.ide.mcu.externaltools.gnu-tools-for-stm32.9-2020-q2-update.win32_1.5.0.202011040924/tools/bin/../lib/gcc/arm-none-eabi/9.3.1/../../../../arm-none-eabi/lib/thumb/v7-m/nofp\libc_nano.a(lib_a-lock.o)
                0x0000000008009e72                __retarget_lock_release_recursive
 .text.__swhatbuf_r
                0x0000000008009e74       0x48 d:/learningsoftware/stm32cubeide/stm32cubeide/stm32cubeide/plugins/com.st.stm32cube.ide.mcu.externaltools.gnu-tools-for-stm32.9-2020-q2-update.win32_1.5.0.202011040924/tools/bin/../lib/gcc/arm-none-eabi/9.3.1/../../../../arm-none-eabi/lib/thumb/v7-m/nofp\libc_nano.a(lib_a-makebuf.o)
                0x0000000008009e74                __swhatbuf_r
 .text.__smakebuf_r
                0x0000000008009ebc       0x80 d:/learningsoftware/stm32cubeide/stm32cubeide/stm32cubeide/plugins/com.st.stm32cube.ide.mcu.externaltools.gnu-tools-for-stm32.9-2020-q2-update.win32_1.5.0.202011040924/tools/bin/../lib/gcc/arm-none-eabi/9.3.1/../../../../arm-none-eabi/lib/thumb/v7-m/nofp\libc_nano.a(lib_a-makebuf.o)
                0x0000000008009ebc                __smakebuf_r
 .text.malloc   0x0000000008009f3c       0x10 d:/learningsoftware/stm32cubeide/stm32cubeide/stm32cubeide/plugins/com.st.stm32cube.ide.mcu.externaltools.gnu-tools-for-stm32.9-2020-q2-update.win32_1.5.0.202011040924/tools/bin/../lib/gcc/arm-none-eabi/9.3.1/../../../../arm-none-eabi/lib/thumb/v7-m/nofp\libc_nano.a(lib_a-malloc.o)
                0x0000000008009f3c                malloc
 .text._free_r  0x0000000008009f4c       0x98 d:/learningsoftware/stm32cubeide/stm32cubeide/stm32cubeide/plugins/com.st.stm32cube.ide.mcu.externaltools.gnu-tools-for-stm32.9-2020-q2-update.win32_1.5.0.202011040924/tools/bin/../lib/gcc/arm-none-eabi/9.3.1/../../../../arm-none-eabi/lib/thumb/v7-m/nofp\libc_nano.a(lib_a-nano-freer.o)
                0x0000000008009f4c                _free_r
 .text._malloc_r
                0x0000000008009fe4       0xb4 d:/learningsoftware/stm32cubeide/stm32cubeide/stm32cubeide/plugins/com.st.stm32cube.ide.mcu.externaltools.gnu-tools-for-stm32.9-2020-q2-update.win32_1.5.0.202011040924/tools/bin/../lib/gcc/arm-none-eabi/9.3.1/../../../../arm-none-eabi/lib/thumb/v7-m/nofp\libc_nano.a(lib_a-nano-mallocr.o)
                0x0000000008009fe4                _malloc_r
 .text.__sfputc_r
                0x000000000800a098       0x2a d:/learningsoftware/stm32cubeide/stm32cubeide/stm32cubeide/plugins/com.st.stm32cube.ide.mcu.externaltools.gnu-tools-for-stm32.9-2020-q2-update.win32_1.5.0.202011040924/tools/bin/../lib/gcc/arm-none-eabi/9.3.1/../../../../arm-none-eabi/lib/thumb/v7-m/nofp\libc_nano.a(lib_a-nano-vfprintf.o)
 .text.__sfputs_r
                0x000000000800a0c2       0x24 d:/learningsoftware/stm32cubeide/stm32cubeide/stm32cubeide/plugins/com.st.stm32cube.ide.mcu.externaltools.gnu-tools-for-stm32.9-2020-q2-update.win32_1.5.0.202011040924/tools/bin/../lib/gcc/arm-none-eabi/9.3.1/../../../../arm-none-eabi/lib/thumb/v7-m/nofp\libc_nano.a(lib_a-nano-vfprintf.o)
                0x000000000800a0c2                __sfputs_r
 *fill*         0x000000000800a0e6        0x2 
 .text._vfprintf_r
                0x000000000800a0e8      0x260 d:/learningsoftware/stm32cubeide/stm32cubeide/stm32cubeide/plugins/com.st.stm32cube.ide.mcu.externaltools.gnu-tools-for-stm32.9-2020-q2-update.win32_1.5.0.202011040924/tools/bin/../lib/gcc/arm-none-eabi/9.3.1/../../../../arm-none-eabi/lib/thumb/v7-m/nofp\libc_nano.a(lib_a-nano-vfprintf.o)
                0x000000000800a0e8                _vfprintf_r
                0x000000000800a0e8                _vfiprintf_r
 .text._printf_common
                0x000000000800a348       0xde d:/learningsoftware/stm32cubeide/stm32cubeide/stm32cubeide/plugins/com.st.stm32cube.ide.mcu.externaltools.gnu-tools-for-stm32.9-2020-q2-update.win32_1.5.0.202011040924/tools/bin/../lib/gcc/arm-none-eabi/9.3.1/../../../../arm-none-eabi/lib/thumb/v7-m/nofp\libc_nano.a(lib_a-nano-vfprintf_i.o)
                0x000000000800a348                _printf_common
 *fill*         0x000000000800a426        0x2 
 .text._printf_i
                0x000000000800a428      0x24c d:/learningsoftware/stm32cubeide/stm32cubeide/stm32cubeide/plugins/com.st.stm32cube.ide.mcu.externaltools.gnu-tools-for-stm32.9-2020-q2-update.win32_1.5.0.202011040924/tools/bin/../lib/gcc/arm-none-eabi/9.3.1/../../../../arm-none-eabi/lib/thumb/v7-m/nofp\libc_nano.a(lib_a-nano-vfprintf_i.o)
                0x000000000800a428                _printf_i
 .text._sbrk_r  0x000000000800a674       0x20 d:/learningsoftware/stm32cubeide/stm32cubeide/stm32cubeide/plugins/com.st.stm32cube.ide.mcu.externaltools.gnu-tools-for-stm32.9-2020-q2-update.win32_1.5.0.202011040924/tools/bin/../lib/gcc/arm-none-eabi/9.3.1/../../../../arm-none-eabi/lib/thumb/v7-m/nofp\libc_nano.a(lib_a-sbrkr.o)
                0x000000000800a674                _sbrk_r
 .text.__sread  0x000000000800a694       0x22 d:/learningsoftware/stm32cubeide/stm32cubeide/stm32cubeide/plugins/com.st.stm32cube.ide.mcu.externaltools.gnu-tools-for-stm32.9-2020-q2-update.win32_1.5.0.202011040924/tools/bin/../lib/gcc/arm-none-eabi/9.3.1/../../../../arm-none-eabi/lib/thumb/v7-m/nofp\libc_nano.a(lib_a-stdio.o)
                0x000000000800a694                __sread
 .text.__swrite
                0x000000000800a6b6       0x38 d:/learningsoftware/stm32cubeide/stm32cubeide/stm32cubeide/plugins/com.st.stm32cube.ide.mcu.externaltools.gnu-tools-for-stm32.9-2020-q2-update.win32_1.5.0.202011040924/tools/bin/../lib/gcc/arm-none-eabi/9.3.1/../../../../arm-none-eabi/lib/thumb/v7-m/nofp\libc_nano.a(lib_a-stdio.o)
                0x000000000800a6b6                __swrite
 .text.__sseek  0x000000000800a6ee       0x24 d:/learningsoftware/stm32cubeide/stm32cubeide/stm32cubeide/plugins/com.st.stm32cube.ide.mcu.externaltools.gnu-tools-for-stm32.9-2020-q2-update.win32_1.5.0.202011040924/tools/bin/../lib/gcc/arm-none-eabi/9.3.1/../../../../arm-none-eabi/lib/thumb/v7-m/nofp\libc_nano.a(lib_a-stdio.o)
                0x000000000800a6ee                __sseek
 .text.__sclose
                0x000000000800a712        0x8 d:/learningsoftware/stm32cubeide/stm32cubeide/stm32cubeide/plugins/com.st.stm32cube.ide.mcu.externaltools.gnu-tools-for-stm32.9-2020-q2-update.win32_1.5.0.202011040924/tools/bin/../lib/gcc/arm-none-eabi/9.3.1/../../../../arm-none-eabi/lib/thumb/v7-m/nofp\libc_nano.a(lib_a-stdio.o)
                0x000000000800a712                __sclose
 *fill*         0x000000000800a71a        0x2 
 .text._write_r
                0x000000000800a71c       0x24 d:/learningsoftware/stm32cubeide/stm32cubeide/stm32cubeide/plugins/com.st.stm32cube.ide.mcu.externaltools.gnu-tools-for-stm32.9-2020-q2-update.win32_1.5.0.202011040924/tools/bin/../lib/gcc/arm-none-eabi/9.3.1/../../../../arm-none-eabi/lib/thumb/v7-m/nofp\libc_nano.a(lib_a-writer.o)
                0x000000000800a71c                _write_r
 .text._close_r
                0x000000000800a740       0x20 d:/learningsoftware/stm32cubeide/stm32cubeide/stm32cubeide/plugins/com.st.stm32cube.ide.mcu.externaltools.gnu-tools-for-stm32.9-2020-q2-update.win32_1.5.0.202011040924/tools/bin/../lib/gcc/arm-none-eabi/9.3.1/../../../../arm-none-eabi/lib/thumb/v7-m/nofp\libc_nano.a(lib_a-closer.o)
                0x000000000800a740                _close_r
 .text._fstat_r
                0x000000000800a760       0x24 d:/learningsoftware/stm32cubeide/stm32cubeide/stm32cubeide/plugins/com.st.stm32cube.ide.mcu.externaltools.gnu-tools-for-stm32.9-2020-q2-update.win32_1.5.0.202011040924/tools/bin/../lib/gcc/arm-none-eabi/9.3.1/../../../../arm-none-eabi/lib/thumb/v7-m/nofp\libc_nano.a(lib_a-fstatr.o)
                0x000000000800a760                _fstat_r
 .text._isatty_r
                0x000000000800a784       0x20 d:/learningsoftware/stm32cubeide/stm32cubeide/stm32cubeide/plugins/com.st.stm32cube.ide.mcu.externaltools.gnu-tools-for-stm32.9-2020-q2-update.win32_1.5.0.202011040924/tools/bin/../lib/gcc/arm-none-eabi/9.3.1/../../../../arm-none-eabi/lib/thumb/v7-m/nofp\libc_nano.a(lib_a-isattyr.o)
                0x000000000800a784                _isatty_r
 .text._lseek_r
                0x000000000800a7a4       0x24 d:/learningsoftware/stm32cubeide/stm32cubeide/stm32cubeide/plugins/com.st.stm32cube.ide.mcu.externaltools.gnu-tools-for-stm32.9-2020-q2-update.win32_1.5.0.202011040924/tools/bin/../lib/gcc/arm-none-eabi/9.3.1/../../../../arm-none-eabi/lib/thumb/v7-m/nofp\libc_nano.a(lib_a-lseekr.o)
                0x000000000800a7a4                _lseek_r
 .text.memchr   0x000000000800a7c8       0x1c d:/learningsoftware/stm32cubeide/stm32cubeide/stm32cubeide/plugins/com.st.stm32cube.ide.mcu.externaltools.gnu-tools-for-stm32.9-2020-q2-update.win32_1.5.0.202011040924/tools/bin/../lib/gcc/arm-none-eabi/9.3.1/../../../../arm-none-eabi/lib/thumb/v7-m/nofp\libc_nano.a(lib_a-memchr-stub.o)
                0x000000000800a7c8                memchr
 .text.__malloc_lock
                0x000000000800a7e4        0xc d:/learningsoftware/stm32cubeide/stm32cubeide/stm32cubeide/plugins/com.st.stm32cube.ide.mcu.externaltools.gnu-tools-for-stm32.9-2020-q2-update.win32_1.5.0.202011040924/tools/bin/../lib/gcc/arm-none-eabi/9.3.1/../../../../arm-none-eabi/lib/thumb/v7-m/nofp\libc_nano.a(lib_a-mlock.o)
                0x000000000800a7e4                __malloc_lock
 .text.__malloc_unlock
                0x000000000800a7f0        0xc d:/learningsoftware/stm32cubeide/stm32cubeide/stm32cubeide/plugins/com.st.stm32cube.ide.mcu.externaltools.gnu-tools-for-stm32.9-2020-q2-update.win32_1.5.0.202011040924/tools/bin/../lib/gcc/arm-none-eabi/9.3.1/../../../../arm-none-eabi/lib/thumb/v7-m/nofp\libc_nano.a(lib_a-mlock.o)
                0x000000000800a7f0                __malloc_unlock
 .text._read_r  0x000000000800a7fc       0x24 d:/learningsoftware/stm32cubeide/stm32cubeide/stm32cubeide/plugins/com.st.stm32cube.ide.mcu.externaltools.gnu-tools-for-stm32.9-2020-q2-update.win32_1.5.0.202011040924/tools/bin/../lib/gcc/arm-none-eabi/9.3.1/../../../../arm-none-eabi/lib/thumb/v7-m/nofp\libc_nano.a(lib_a-readr.o)
                0x000000000800a7fc                _read_r
 *(.glue_7)
 .glue_7        0x000000000800a820        0x0 linker stubs
 *(.glue_7t)
 .glue_7t       0x000000000800a820        0x0 linker stubs
 *(.eh_frame)
 .eh_frame      0x000000000800a820        0x0 d:/learningsoftware/stm32cubeide/stm32cubeide/stm32cubeide/plugins/com.st.stm32cube.ide.mcu.externaltools.gnu-tools-for-stm32.9-2020-q2-update.win32_1.5.0.202011040924/tools/bin/../lib/gcc/arm-none-eabi/9.3.1/thumb/v7-m/nofp/crtbegin.o
 *(.init)
 .init          0x000000000800a820        0x4 d:/learningsoftware/stm32cubeide/stm32cubeide/stm32cubeide/plugins/com.st.stm32cube.ide.mcu.externaltools.gnu-tools-for-stm32.9-2020-q2-update.win32_1.5.0.202011040924/tools/bin/../lib/gcc/arm-none-eabi/9.3.1/thumb/v7-m/nofp/crti.o
                0x000000000800a820                _init
 .init          0x000000000800a824        0x8 d:/learningsoftware/stm32cubeide/stm32cubeide/stm32cubeide/plugins/com.st.stm32cube.ide.mcu.externaltools.gnu-tools-for-stm32.9-2020-q2-update.win32_1.5.0.202011040924/tools/bin/../lib/gcc/arm-none-eabi/9.3.1/thumb/v7-m/nofp/crtn.o
 *(.fini)
 .fini          0x000000000800a82c        0x4 d:/learningsoftware/stm32cubeide/stm32cubeide/stm32cubeide/plugins/com.st.stm32cube.ide.mcu.externaltools.gnu-tools-for-stm32.9-2020-q2-update.win32_1.5.0.202011040924/tools/bin/../lib/gcc/arm-none-eabi/9.3.1/thumb/v7-m/nofp/crti.o
                0x000000000800a82c                _fini
 .fini          0x000000000800a830        0x8 d:/learningsoftware/stm32cubeide/stm32cubeide/stm32cubeide/plugins/com.st.stm32cube.ide.mcu.externaltools.gnu-tools-for-stm32.9-2020-q2-update.win32_1.5.0.202011040924/tools/bin/../lib/gcc/arm-none-eabi/9.3.1/thumb/v7-m/nofp/crtn.o
                0x000000000800a838                . = ALIGN (0x4)
                0x000000000800a838                _etext = .

.vfp11_veneer   0x000000000800a838        0x0
 .vfp11_veneer  0x000000000800a838        0x0 linker stubs

.v4_bx          0x000000000800a838        0x0
 .v4_bx         0x000000000800a838        0x0 linker stubs

.iplt           0x000000000800a838        0x0
 .iplt          0x000000000800a838        0x0 d:/learningsoftware/stm32cubeide/stm32cubeide/stm32cubeide/plugins/com.st.stm32cube.ide.mcu.externaltools.gnu-tools-for-stm32.9-2020-q2-update.win32_1.5.0.202011040924/tools/bin/../lib/gcc/arm-none-eabi/9.3.1/thumb/v7-m/nofp/crtbegin.o

.rodata         0x000000000800a838     0x1070
                0x000000000800a838                . = ALIGN (0x4)
 *(.rodata)
 .rodata        0x000000000800a838      0x7b7 Core/Src/freertos.o
 *fill*         0x000000000800afef        0x1 
 .rodata        0x000000000800aff0      0x3c5 Core/Src/lora.o
 *fill*         0x000000000800b3b5        0x3 
 .rodata        0x000000000800b3b8       0x2d Core/Src/main.o
 *fill*         0x000000000800b3e5        0x3 
 .rodata        0x000000000800b3e8       0x8c Core/Src/stm32f1xx_it.o
 .rodata        0x000000000800b474       0x38 Drivers/STM32F1xx_HAL_Driver/Src/stm32f1xx_hal_adc.o
 .rodata        0x000000000800b4ac       0x3b Drivers/STM32F1xx_HAL_Driver/Src/stm32f1xx_hal_cortex.o
 *fill*         0x000000000800b4e7        0x1 
 .rodata        0x000000000800b4e8       0x39 Drivers/STM32F1xx_HAL_Driver/Src/stm32f1xx_hal_gpio.o
 *fill*         0x000000000800b521        0x3 
 .rodata        0x000000000800b524       0x48 Drivers/STM32F1xx_HAL_Driver/Src/stm32f1xx_hal_rcc.o
 .rodata        0x000000000800b56c       0x4c Drivers/STM32F1xx_HAL_Driver/Src/stm32f1xx_hal_rcc_ex.o
 .rodata        0x000000000800b5b8       0x38 Drivers/STM32F1xx_HAL_Driver/Src/stm32f1xx_hal_spi.o
 .rodata        0x000000000800b5f0       0x38 Drivers/STM32F1xx_HAL_Driver/Src/stm32f1xx_hal_tim.o
 .rodata        0x000000000800b628       0x39 Drivers/STM32F1xx_HAL_Driver/Src/stm32f1xx_hal_uart.o
 *fill*         0x000000000800b661        0x3 
 .rodata        0x000000000800b664       0x30 Middlewares/Third_Party/FreeRTOS/Source/tasks.o
 .rodata        0x000000000800b694        0xd Middlewares/Third_Party/FreeRTOS/Source/timers.o
 *(.rodata*)
 *fill*         0x000000000800b6a1        0x3 
 .rodata.taskProducer_attributes
                0x000000000800b6a4       0x24 Core/Src/freertos.o
                0x000000000800b6a4                taskProducer_attributes
 .rodata.taskConsumer_attributes
                0x000000000800b6c8       0x24 Core/Src/freertos.o
                0x000000000800b6c8                taskConsumer_attributes
 .rodata.taskPeriodic_attributes
                0x000000000800b6ec       0x24 Core/Src/freertos.o
                0x000000000800b6ec                taskPeriodic_attributes
 .rodata.myQueue01_attributes
                0x000000000800b710       0x18 Core/Src/freertos.o
                0x000000000800b710                myQueue01_attributes
 .rodata.nodedataMutex_attributes
                0x000000000800b728       0x10 Core/Src/freertos.o
                0x000000000800b728                nodedataMutex_attributes
 .rodata.rxDoneSemaphore_attributes
                0x000000000800b738       0x10 Core/Src/freertos.o
                0x000000000800b738                rxDoneSemaphore_attributes
 .rodata.__func__.9429
                0x000000000800b748       0x11 Core/Src/freertos.o
 *fill*         0x000000000800b759        0x3 
 .rodata.__func__.9436
                0x000000000800b75c        0xe Core/Src/freertos.o
 *fill*         0x000000000800b76a        0x2 
 .rodata.__func__.9448
                0x000000000800b76c        0xe Core/Src/freertos.o
 *fill*         0x000000000800b77a        0x2 
 .rodata.__func__.8466
                0x000000000800b77c        0xb Core/Src/lora.o
 *fill*         0x000000000800b787        0x1 
 .rodata.__func__.8471
                0x000000000800b788        0xb Core/Src/lora.o
 *fill*         0x000000000800b793        0x1 
 .rodata.__func__.8487
                0x000000000800b794        0xa Core/Src/lora.o
 *fill*         0x000000000800b79e        0x2 
 .rodata.__func__.8743
                0x000000000800b7a0        0xa Core/Src/lora.o
 *fill*         0x000000000800b7aa        0x2 
 .rodata.__func__.8768
                0x000000000800b7ac        0xd Core/Src/lora.o
 *fill*         0x000000000800b7b9        0x3 
 .rodata.__func__.9027
                0x000000000800b7bc        0x5 Core/Src/main.o
 *fill*         0x000000000800b7c1        0x3 
 .rodata.__func__.8992
                0x000000000800b7c4       0x17 Core/Src/stm32f1xx_it.o
 *fill*         0x000000000800b7db        0x1 
 .rodata.__func__.8996
                0x000000000800b7dc       0x19 Core/Src/stm32f1xx_it.o
 *fill*         0x000000000800b7f5        0x3 
 .rodata.AHBPrescTable
                0x000000000800b7f8       0x10 Core/Src/system_stm32f1xx.o
                0x000000000800b7f8                AHBPrescTable
 .rodata.APBPrescTable
                0x000000000800b808        0x8 Core/Src/system_stm32f1xx.o
                0x000000000800b808                APBPrescTable
 .rodata._global_impure_ptr
                0x000000000800b810        0x4 d:/learningsoftware/stm32cubeide/stm32cubeide/stm32cubeide/plugins/com.st.stm32cube.ide.mcu.externaltools.gnu-tools-for-stm32.9-2020-q2-update.win32_1.5.0.202011040924/tools/bin/../lib/gcc/arm-none-eabi/9.3.1/../../../../arm-none-eabi/lib/thumb/v7-m/nofp\libc_nano.a(lib_a-impure.o)
                0x000000000800b810                _global_impure_ptr
 .rodata.__sf_fake_stderr
                0x000000000800b814       0x20 d:/learningsoftware/stm32cubeide/stm32cubeide/stm32cubeide/plugins/com.st.stm32cube.ide.mcu.externaltools.gnu-tools-for-stm32.9-2020-q2-update.win32_1.5.0.202011040924/tools/bin/../lib/gcc/arm-none-eabi/9.3.1/../../../../arm-none-eabi/lib/thumb/v7-m/nofp\libc_nano.a(lib_a-findfp.o)
                0x000000000800b814                __sf_fake_stderr
 .rodata.__sf_fake_stdin
                0x000000000800b834       0x20 d:/learningsoftware/stm32cubeide/stm32cubeide/stm32cubeide/plugins/com.st.stm32cube.ide.mcu.externaltools.gnu-tools-for-stm32.9-2020-q2-update.win32_1.5.0.202011040924/tools/bin/../lib/gcc/arm-none-eabi/9.3.1/../../../../arm-none-eabi/lib/thumb/v7-m/nofp\libc_nano.a(lib_a-findfp.o)
                0x000000000800b834                __sf_fake_stdin
 .rodata.__sf_fake_stdout
                0x000000000800b854       0x20 d:/learningsoftware/stm32cubeide/stm32cubeide/stm32cubeide/plugins/com.st.stm32cube.ide.mcu.externaltools.gnu-tools-for-stm32.9-2020-q2-update.win32_1.5.0.202011040924/tools/bin/../lib/gcc/arm-none-eabi/9.3.1/../../../../arm-none-eabi/lib/thumb/v7-m/nofp\libc_nano.a(lib_a-findfp.o)
                0x000000000800b854                __sf_fake_stdout
 .rodata._vfprintf_r.str1.1
                0x000000000800b874       0x11 d:/learningsoftware/stm32cubeide/stm32cubeide/stm32cubeide/plugins/com.st.stm32cube.ide.mcu.externaltools.gnu-tools-for-stm32.9-2020-q2-update.win32_1.5.0.202011040924/tools/bin/../lib/gcc/arm-none-eabi/9.3.1/../../../../arm-none-eabi/lib/thumb/v7-m/nofp\libc_nano.a(lib_a-nano-vfprintf.o)
 .rodata._printf_i.str1.1
                0x000000000800b885       0x22 d:/learningsoftware/stm32cubeide/stm32cubeide/stm32cubeide/plugins/com.st.stm32cube.ide.mcu.externaltools.gnu-tools-for-stm32.9-2020-q2-update.win32_1.5.0.202011040924/tools/bin/../lib/gcc/arm-none-eabi/9.3.1/../../../../arm-none-eabi/lib/thumb/v7-m/nofp\libc_nano.a(lib_a-nano-vfprintf_i.o)
                0x000000000800b8a8                . = ALIGN (0x4)
 *fill*         0x000000000800b8a7        0x1 

.rel.dyn        0x000000000800b8a8        0x0
 .rel.iplt      0x000000000800b8a8        0x0 d:/learningsoftware/stm32cubeide/stm32cubeide/stm32cubeide/plugins/com.st.stm32cube.ide.mcu.externaltools.gnu-tools-for-stm32.9-2020-q2-update.win32_1.5.0.202011040924/tools/bin/../lib/gcc/arm-none-eabi/9.3.1/thumb/v7-m/nofp/crtbegin.o

.ARM.extab      0x000000000800b8a8        0x0
                0x000000000800b8a8                . = ALIGN (0x4)
 *(.ARM.extab* .gnu.linkonce.armextab.*)
                0x000000000800b8a8                . = ALIGN (0x4)

.ARM            0x000000000800b8a8        0x0
                0x000000000800b8a8                . = ALIGN (0x4)
                0x000000000800b8a8                __exidx_start = .
 *(.ARM.exidx*)
                0x000000000800b8a8                __exidx_end = .
                0x000000000800b8a8                . = ALIGN (0x4)

.preinit_array  0x000000000800b8a8        0x0
                0x000000000800b8a8                . = ALIGN (0x4)
                0x000000000800b8a8                PROVIDE (__preinit_array_start = .)
 *(.preinit_array*)
                0x000000000800b8a8                PROVIDE (__preinit_array_end = .)
                0x000000000800b8a8                . = ALIGN (0x4)

.init_array     0x000000000800b8a8        0x4
                0x000000000800b8a8                . = ALIGN (0x4)
                0x000000000800b8a8                PROVIDE (__init_array_start = .)
 *(SORT_BY_NAME(.init_array.*))
 *(.init_array*)
 .init_array    0x000000000800b8a8        0x4 d:/learningsoftware/stm32cubeide/stm32cubeide/stm32cubeide/plugins/com.st.stm32cube.ide.mcu.externaltools.gnu-tools-for-stm32.9-2020-q2-update.win32_1.5.0.202011040924/tools/bin/../lib/gcc/arm-none-eabi/9.3.1/thumb/v7-m/nofp/crtbegin.o
                0x000000000800b8ac                PROVIDE (__init_array_end = .)
                0x000000000800b8ac                . = ALIGN (0x4)

.fini_array     0x000000000800b8ac        0x4
                0x000000000800b8ac                . = ALIGN (0x4)
                [!provide]                        PROVIDE (__fini_array_start = .)
 *(SORT_BY_NAME(.fini_array.*))
 *(.fini_array*)
 .fini_array    0x000000000800b8ac        0x4 d:/learningsoftware/stm32cubeide/stm32cubeide/stm32cubeide/plugins/com.st.stm32cube.ide.mcu.externaltools.gnu-tools-for-stm32.9-2020-q2-update.win32_1.5.0.202011040924/tools/bin/../lib/gcc/arm-none-eabi/9.3.1/thumb/v7-m/nofp/crtbegin.o
                [!provide]                        PROVIDE (__fini_array_end = .)
                0x000000000800b8b0                . = ALIGN (0x4)
                0x000000000800b8b0                _sidata = LOADADDR (.data)

.data           0x0000000020000000       0x7c load address 0x000000000800b8b0
                0x0000000020000000                . = ALIGN (0x4)
                0x0000000020000000                _sdata = .
 *(.data)
 *(.data*)
 .data.tickToWait.9462
                0x0000000020000000        0x4 Core/Src/freertos.o
 .data.thisNode
                0x0000000020000004        0x4 Core/Src/main.o
                0x0000000020000004                thisNode
 .data.SystemCoreClock
                0x0000000020000008        0x4 Core/Src/system_stm32f1xx.o
                0x0000000020000008                SystemCoreClock
 .data.uwTickPrio
                0x000000002000000c        0x4 Drivers/STM32F1xx_HAL_Driver/Src/stm32f1xx_hal.o
                0x000000002000000c                uwTickPrio
 .data.uwTickFreq
                0x0000000020000010        0x1 Drivers/STM32F1xx_HAL_Driver/Src/stm32f1xx_hal.o
                0x0000000020000010                uwTickFreq
 *fill*         0x0000000020000011        0x3 
 .data.uxCriticalNesting
                0x0000000020000014        0x4 Middlewares/Third_Party/FreeRTOS/Source/portable/GCC/ARM_CM3/port.o
 .data._impure_ptr
                0x0000000020000018        0x4 d:/learningsoftware/stm32cubeide/stm32cubeide/stm32cubeide/plugins/com.st.stm32cube.ide.mcu.externaltools.gnu-tools-for-stm32.9-2020-q2-update.win32_1.5.0.202011040924/tools/bin/../lib/gcc/arm-none-eabi/9.3.1/../../../../arm-none-eabi/lib/thumb/v7-m/nofp\libc_nano.a(lib_a-impure.o)
                0x0000000020000018                _impure_ptr
 .data.impure_data
                0x000000002000001c       0x60 d:/learningsoftware/stm32cubeide/stm32cubeide/stm32cubeide/plugins/com.st.stm32cube.ide.mcu.externaltools.gnu-tools-for-stm32.9-2020-q2-update.win32_1.5.0.202011040924/tools/bin/../lib/gcc/arm-none-eabi/9.3.1/../../../../arm-none-eabi/lib/thumb/v7-m/nofp\libc_nano.a(lib_a-impure.o)
 *(.RamFunc)
 *(.RamFunc*)
                0x000000002000007c                . = ALIGN (0x4)
                0x000000002000007c                _edata = .

.igot.plt       0x000000002000007c        0x0 load address 0x000000000800b92c
 .igot.plt      0x000000002000007c        0x0 d:/learningsoftware/stm32cubeide/stm32cubeide/stm32cubeide/plugins/com.st.stm32cube.ide.mcu.externaltools.gnu-tools-for-stm32.9-2020-q2-update.win32_1.5.0.202011040924/tools/bin/../lib/gcc/arm-none-eabi/9.3.1/thumb/v7-m/nofp/crtbegin.o
                0x000000002000007c                . = ALIGN (0x4)

.bss            0x000000002000007c     0x3ad0 load address 0x000000000800b92c
                0x000000002000007c                _sbss = .
                0x000000002000007c                __bss_start__ = _sbss
 *(.bss)
 .bss           0x000000002000007c       0x1c d:/learningsoftware/stm32cubeide/stm32cubeide/stm32cubeide/plugins/com.st.stm32cube.ide.mcu.externaltools.gnu-tools-for-stm32.9-2020-q2-update.win32_1.5.0.202011040924/tools/bin/../lib/gcc/arm-none-eabi/9.3.1/thumb/v7-m/nofp/crtbegin.o
 *(.bss*)
 .bss.receivedMsgFromQueue.9447
                0x0000000020000098        0xa Core/Src/freertos.o
 .bss.isAck.9446
                0x00000000200000a2        0x1 Core/Src/freertos.o
 *fill*         0x00000000200000a3        0x1 
 .bss.__sbrk_heap_end
                0x00000000200000a4        0x4 Core/Src/sysmem.o
 .bss.KernelState
                0x00000000200000a8        0x4 Middlewares/Third_Party/FreeRTOS/Source/CMSIS_RTOS_V2/cmsis_os2.o
 .bss.Idle_TCB  0x00000000200000ac       0x70 Middlewares/Third_Party/FreeRTOS/Source/CMSIS_RTOS_V2/cmsis_os2.o
 .bss.Idle_Stack
                0x000000002000011c      0x100 Middlewares/Third_Party/FreeRTOS/Source/CMSIS_RTOS_V2/cmsis_os2.o
 .bss.Timer_TCB
                0x000000002000021c       0x70 Middlewares/Third_Party/FreeRTOS/Source/CMSIS_RTOS_V2/cmsis_os2.o
 .bss.Timer_Stack
                0x000000002000028c      0x200 Middlewares/Third_Party/FreeRTOS/Source/CMSIS_RTOS_V2/cmsis_os2.o
 .bss.pxCurrentTCB
                0x000000002000048c        0x4 Middlewares/Third_Party/FreeRTOS/Source/tasks.o
                0x000000002000048c                pxCurrentTCB
 .bss.pxReadyTasksLists
                0x0000000020000490      0x460 Middlewares/Third_Party/FreeRTOS/Source/tasks.o
 .bss.xDelayedTaskList1
                0x00000000200008f0       0x14 Middlewares/Third_Party/FreeRTOS/Source/tasks.o
 .bss.xDelayedTaskList2
                0x0000000020000904       0x14 Middlewares/Third_Party/FreeRTOS/Source/tasks.o
 .bss.pxDelayedTaskList
                0x0000000020000918        0x4 Middlewares/Third_Party/FreeRTOS/Source/tasks.o
 .bss.pxOverflowDelayedTaskList
                0x000000002000091c        0x4 Middlewares/Third_Party/FreeRTOS/Source/tasks.o
 .bss.xPendingReadyList
                0x0000000020000920       0x14 Middlewares/Third_Party/FreeRTOS/Source/tasks.o
 .bss.xTasksWaitingTermination
                0x0000000020000934       0x14 Middlewares/Third_Party/FreeRTOS/Source/tasks.o
 .bss.uxDeletedTasksWaitingCleanUp
                0x0000000020000948        0x4 Middlewares/Third_Party/FreeRTOS/Source/tasks.o
 .bss.xSuspendedTaskList
                0x000000002000094c       0x14 Middlewares/Third_Party/FreeRTOS/Source/tasks.o
 .bss.uxCurrentNumberOfTasks
                0x0000000020000960        0x4 Middlewares/Third_Party/FreeRTOS/Source/tasks.o
 .bss.xTickCount
                0x0000000020000964        0x4 Middlewares/Third_Party/FreeRTOS/Source/tasks.o
 .bss.uxTopReadyPriority
                0x0000000020000968        0x4 Middlewares/Third_Party/FreeRTOS/Source/tasks.o
 .bss.xSchedulerRunning
                0x000000002000096c        0x4 Middlewares/Third_Party/FreeRTOS/Source/tasks.o
 .bss.uxPendedTicks
                0x0000000020000970        0x4 Middlewares/Third_Party/FreeRTOS/Source/tasks.o
 .bss.xYieldPending
                0x0000000020000974        0x4 Middlewares/Third_Party/FreeRTOS/Source/tasks.o
 .bss.xNumOfOverflows
                0x0000000020000978        0x4 Middlewares/Third_Party/FreeRTOS/Source/tasks.o
 .bss.uxTaskNumber
                0x000000002000097c        0x4 Middlewares/Third_Party/FreeRTOS/Source/tasks.o
 .bss.xNextTaskUnblockTime
                0x0000000020000980        0x4 Middlewares/Third_Party/FreeRTOS/Source/tasks.o
 .bss.xIdleTaskHandle
                0x0000000020000984        0x4 Middlewares/Third_Party/FreeRTOS/Source/tasks.o
 .bss.uxSchedulerSuspended
                0x0000000020000988        0x4 Middlewares/Third_Party/FreeRTOS/Source/tasks.o
 .bss.ulTaskSwitchedInTime
                0x000000002000098c        0x4 Middlewares/Third_Party/FreeRTOS/Source/tasks.o
 .bss.ulTotalRunTime
                0x0000000020000990        0x4 Middlewares/Third_Party/FreeRTOS/Source/tasks.o
 .bss.xActiveTimerList1
                0x0000000020000994       0x14 Middlewares/Third_Party/FreeRTOS/Source/timers.o
 .bss.xActiveTimerList2
                0x00000000200009a8       0x14 Middlewares/Third_Party/FreeRTOS/Source/timers.o
 .bss.pxCurrentTimerList
                0x00000000200009bc        0x4 Middlewares/Third_Party/FreeRTOS/Source/timers.o
 .bss.pxOverflowTimerList
                0x00000000200009c0        0x4 Middlewares/Third_Party/FreeRTOS/Source/timers.o
 .bss.xTimerQueue
                0x00000000200009c4        0x4 Middlewares/Third_Party/FreeRTOS/Source/timers.o
 .bss.xTimerTaskHandle
                0x00000000200009c8        0x4 Middlewares/Third_Party/FreeRTOS/Source/timers.o
 .bss.xLastTime.5529
                0x00000000200009cc        0x4 Middlewares/Third_Party/FreeRTOS/Source/timers.o
 .bss.ucStaticTimerQueueStorage.5580
                0x00000000200009d0       0xa0 Middlewares/Third_Party/FreeRTOS/Source/timers.o
 .bss.xStaticTimerQueue.5579
                0x0000000020000a70       0x50 Middlewares/Third_Party/FreeRTOS/Source/timers.o
 .bss.ucMaxSysCallPriority
                0x0000000020000ac0        0x1 Middlewares/Third_Party/FreeRTOS/Source/portable/GCC/ARM_CM3/port.o
 *fill*         0x0000000020000ac1        0x3 
 .bss.ulMaxPRIGROUPValue
                0x0000000020000ac4        0x4 Middlewares/Third_Party/FreeRTOS/Source/portable/GCC/ARM_CM3/port.o
 .bss.ucHeap    0x0000000020000ac8     0x2ee0 Middlewares/Third_Party/FreeRTOS/Source/portable/MemMang/heap_4.o
 .bss.xStart    0x00000000200039a8        0x8 Middlewares/Third_Party/FreeRTOS/Source/portable/MemMang/heap_4.o
 .bss.pxEnd     0x00000000200039b0        0x4 Middlewares/Third_Party/FreeRTOS/Source/portable/MemMang/heap_4.o
 .bss.xFreeBytesRemaining
                0x00000000200039b4        0x4 Middlewares/Third_Party/FreeRTOS/Source/portable/MemMang/heap_4.o
 .bss.xMinimumEverFreeBytesRemaining
                0x00000000200039b8        0x4 Middlewares/Third_Party/FreeRTOS/Source/portable/MemMang/heap_4.o
 .bss.xBlockAllocatedBit
                0x00000000200039bc        0x4 Middlewares/Third_Party/FreeRTOS/Source/portable/MemMang/heap_4.o
 .bss.__malloc_free_list
                0x00000000200039c0        0x4 d:/learningsoftware/stm32cubeide/stm32cubeide/stm32cubeide/plugins/com.st.stm32cube.ide.mcu.externaltools.gnu-tools-for-stm32.9-2020-q2-update.win32_1.5.0.202011040924/tools/bin/../lib/gcc/arm-none-eabi/9.3.1/../../../../arm-none-eabi/lib/thumb/v7-m/nofp\libc_nano.a(lib_a-nano-mallocr.o)
                0x00000000200039c0                __malloc_free_list
 .bss.__malloc_sbrk_start
                0x00000000200039c4        0x4 d:/learningsoftware/stm32cubeide/stm32cubeide/stm32cubeide/plugins/com.st.stm32cube.ide.mcu.externaltools.gnu-tools-for-stm32.9-2020-q2-update.win32_1.5.0.202011040924/tools/bin/../lib/gcc/arm-none-eabi/9.3.1/../../../../arm-none-eabi/lib/thumb/v7-m/nofp\libc_nano.a(lib_a-nano-mallocr.o)
                0x00000000200039c4                __malloc_sbrk_start
 *(COMMON)
 COMMON         0x00000000200039c8       0x30 Core/Src/adc.o
                0x00000000200039c8                hadc1
 COMMON         0x00000000200039f8       0x18 Core/Src/freertos.o
                0x00000000200039f8                rxDoneSemaphoreHandle
                0x00000000200039fc                taskConsumerHandle
                0x0000000020003a00                taskProducerHandle
                0x0000000020003a04                nodedataMutexHandle
                0x0000000020003a08                myQueue01Handle
                0x0000000020003a0c                taskPeriodicHandle
 COMMON         0x0000000020003a10        0x4 Core/Src/retarget.o
                0x0000000020003a10                gHuart
 COMMON         0x0000000020003a14       0x58 Core/Src/spi.o
                0x0000000020003a14                hspi1
 COMMON         0x0000000020003a6c       0x48 Core/Src/stm32f1xx_hal_timebase_tim.o
                0x0000000020003a6c                htim4
 COMMON         0x0000000020003ab4        0x4 Core/Src/stm32f1xx_it.o
                0x0000000020003ab4                adcLightSensor
 COMMON         0x0000000020003ab8       0x40 Core/Src/usart.o
                0x0000000020003ab8                huart1
 COMMON         0x0000000020003af8        0x4 Drivers/STM32F1xx_HAL_Driver/Src/stm32f1xx_hal.o
                0x0000000020003af8                uwTick
 COMMON         0x0000000020003afc       0x40 Middlewares/Third_Party/FreeRTOS/Source/queue.o
                0x0000000020003afc                xQueueRegistry
 COMMON         0x0000000020003b3c        0x9 d:/learningsoftware/stm32cubeide/stm32cubeide/stm32cubeide/plugins/com.st.stm32cube.ide.mcu.externaltools.gnu-tools-for-stm32.9-2020-q2-update.win32_1.5.0.202011040924/tools/bin/../lib/gcc/arm-none-eabi/9.3.1/../../../../arm-none-eabi/lib/thumb/v7-m/nofp\libc_nano.a(lib_a-lock.o)
                0x0000000020003b3c                __lock___atexit_recursive_mutex
                0x0000000020003b3d                __lock___arc4random_mutex
                0x0000000020003b3e                __lock___env_recursive_mutex
                0x0000000020003b3f                __lock___sinit_recursive_mutex
                0x0000000020003b40                __lock___malloc_recursive_mutex
                0x0000000020003b41                __lock___at_quick_exit_mutex
                0x0000000020003b42                __lock___dd_hash_mutex
                0x0000000020003b43                __lock___tz_mutex
                0x0000000020003b44                __lock___sfp_recursive_mutex
 *fill*         0x0000000020003b45        0x3 
 COMMON         0x0000000020003b48        0x4 d:/learningsoftware/stm32cubeide/stm32cubeide/stm32cubeide/plugins/com.st.stm32cube.ide.mcu.externaltools.gnu-tools-for-stm32.9-2020-q2-update.win32_1.5.0.202011040924/tools/bin/../lib/gcc/arm-none-eabi/9.3.1/../../../../arm-none-eabi/lib/thumb/v7-m/nofp\libc_nano.a(lib_a-reent.o)
                0x0000000020003b48                errno
                0x0000000020003b4c                . = ALIGN (0x4)
                0x0000000020003b4c                _ebss = .
                0x0000000020003b4c                __bss_end__ = _ebss
